Archive member included to satisfy reference by file (symbol)

../../lib/include/libstm32f103c8t6.a(spi.o)
                              main.o (SPI1_CR1)
../../lib/include/libstm32f103c8t6.a(gpio.o)
                              main.o (GPIOA_CRL)
../../lib/include/libstm32f103c8t6.a(flash.o)
                              main.o (FLASH_ACR)
../../lib/include/libstm32f103c8t6.a(delay.o)
                              main.o (SYS_CLK)
../../lib/include/libstm32f103c8t6.a(jlx12864g-086.o)
                              main.o (lcdInit)
../../lib/include/libstm32f103c8t6.a(systick.o)
                              main.o (SYST_CSR)
../../lib/include/libstm32f103c8t6.a(rcc.o)
                              main.o (RCC_CR)

Memory Configuration

Name             Origin             Length             Attributes
FLASH            0x0000000008000000 0x0000000000020000 xr
SRAM             0x0000000020000000 0x0000000000005000 xrw
*default*        0x0000000000000000 0xffffffffffffffff

Linker script and memory map

LOAD stm32_startup.o
LOAD main.o
LOAD ../../lib/include/libstm32f103c8t6.a

.text           0x0000000008000000     0x25f4
 *(.vector_table)
 .vector_table  0x0000000008000000       0xec stm32_startup.o
                0x0000000008000000                vectors
 *(.text)
 .text          0x00000000080000ec       0x8c stm32_startup.o
                0x00000000080000ec                Reset_Handler
                0x0000000008000170                FLASH_Handler
                0x0000000008000170                SVCall_Handler
                0x0000000008000170                HardFault_Handler
                0x0000000008000170                SysTick_Handler
                0x0000000008000170                USART3_Handler
                0x0000000008000170                PendSV_Handler
                0x0000000008000170                NMI_Handler
                0x0000000008000170                DMA_Channel5_Handler
                0x0000000008000170                CAN1_RX1_Handler
                0x0000000008000170                DMA_Channel6_Handler
                0x0000000008000170                EXTI15_10_Handler
                0x0000000008000170                DMA_Channel7_Handler
                0x0000000008000170                I2C1_EV_Handler
                0x0000000008000170                ADC1_2_Handler
                0x0000000008000170                WWDG_Handler
                0x0000000008000170                EXTI4_Handler
                0x0000000008000170                I2C1_ER_Handler
                0x0000000008000170                RTC_Handler
                0x0000000008000170                UsageFault_Handler
                0x0000000008000170                CAN1_RX0_Handler
                0x0000000008000170                TIM1_CC_Handler
                0x0000000008000170                I2C2_ER_Handler
                0x0000000008000170                DMA_Channel3_Handler
                0x0000000008000170                CAN1_SCE_Handler
                0x0000000008000170                TIM1_BRK_Handler
                0x0000000008000170                EXTI1_Handler
                0x0000000008000170                EXTI3_Handler
                0x0000000008000170                EXTI2_Handler
                0x0000000008000170                EXTI9_5_Handler
                0x0000000008000170                TIM2_Handler
                0x0000000008000170                USART1_Handler
                0x0000000008000170                TIM3_Handler
                0x0000000008000170                Default_Handler
                0x0000000008000170                DMA_Channel1_Handler
                0x0000000008000170                DMA_Channel2_Handler
                0x0000000008000170                TIM4_Handler
                0x0000000008000170                SPI2_Handler
                0x0000000008000170                MemManage_Handler
                0x0000000008000170                EXTI0_Handler
                0x0000000008000170                TIM1_UP_Handler
                0x0000000008000170                USART2_Handler
                0x0000000008000170                SPI1_Handler
                0x0000000008000170                DMA_Channel4_Handler
                0x0000000008000170                I2C2_EV_Handler
                0x0000000008000170                Debug_Monitor_Handler
                0x0000000008000170                RCC_Handler
                0x0000000008000170                PVD_Handler
                0x0000000008000170                CAN1_TX_Handler
                0x0000000008000170                BusFault_Handler
                0x0000000008000170                RTCAlarm_Handler
                0x0000000008000170                TIM1_TRG_COM_Handler
                0x0000000008000170                OTG_FS_WKUP_Handler
                0x0000000008000170                TAMPER_Handler
 .text          0x0000000008000178      0x10c main.o
                0x0000000008000178                main
                0x0000000008000182                initialize
                0x00000000080001bc                configureSystemClock
                0x000000000800022c                HCSR04
                0x0000000008000262                trigger
 .text          0x0000000008000284     0x139c ../../lib/include/libstm32f103c8t6.a(spi.o)
                0x0000000008000284                enableSpiClk
                0x0000000008000292                enableSPI
                0x00000000080002d4                disableSPI
                0x0000000008000360                spiTransfer
                0x00000000080003dc                setBIDIMODE
                0x0000000008000454                setBIDIOE
                0x00000000080004cc                setCRCEN
                0x0000000008000544                setCRCNEXT
                0x00000000080005bc                setDFF
                0x0000000008000634                setRXONLY
                0x00000000080006ac                setSSM
                0x0000000008000724                setSSI
                0x000000000800079c                setLSBFIRST
                0x0000000008000814                setBR
                0x000000000800085c                setMSTR
                0x00000000080008d4                setCPOL
                0x000000000800094c                setCPHA
                0x00000000080009c4                getBIBIMODE
                0x0000000008000a10                getBIBIOE
                0x0000000008000a5c                getCRCEN
                0x0000000008000aa8                getDFF
                0x0000000008000af4                getCRCNEXT
                0x0000000008000b40                getRXONLY
                0x0000000008000b8c                getSSM
                0x0000000008000bd8                getSSI
                0x0000000008000c24                getLSBFIRST
                0x0000000008000c70                getSPE
                0x0000000008000cbc                getBR
                0x0000000008000d08                getMSTR
                0x0000000008000d54                getCPOL
                0x0000000008000da0                getCPHA
                0x0000000008000dec                setTXEIE
                0x0000000008000e68                setRXNEIE
                0x0000000008000ee4                setERRIE
                0x0000000008000f60                setSSOE
                0x0000000008000fdc                setTXDMAEN
                0x0000000008001058                setRXDMAEN
                0x00000000080010d4                getTXEIE
                0x0000000008001120                getRXNEIE
                0x000000000800116c                getERRIE
                0x00000000080011b8                getSSOE
                0x0000000008001204                getTXDMAEN
                0x0000000008001250                getRXDMAEN
                0x000000000800129c                clearCRCERR
                0x00000000080012e0                getBSY
                0x000000000800132c                getOVR
                0x0000000008001378                getMODF
                0x00000000080013c4                getCRCERR
                0x0000000008001410                getUDR
                0x000000000800145c                getCHSIDE
                0x00000000080014a8                getTXE
                0x00000000080014f4                getRXNE
                0x0000000008001540                readSPICRCPR
                0x0000000008001578                writeSPICRCPR
                0x00000000080015b0                readSPIRXCRCR
                0x00000000080015e8                readSPITXCRCR
 .text          0x0000000008001620      0x4c4 ../../lib/include/libstm32f103c8t6.a(gpio.o)
                0x0000000008001620                configurePortPin
                0x000000000800189c                pinState
                0x0000000008001a18                toggle
 .text          0x0000000008001ae4       0x8c ../../lib/include/libstm32f103c8t6.a(flash.o)
                0x0000000008001ae4                getPRFTBS
                0x0000000008001b08                setPRFTB
                0x0000000008001b48                setWaitStates
 .text          0x0000000008001b70       0xd0 ../../lib/include/libstm32f103c8t6.a(delay.o)
                0x0000000008001b70                delays_init
                0x0000000008001b9c                wait
                0x0000000008001bd0                delay_ms
                0x0000000008001c0c                delay_us
 .text          0x0000000008001c40      0x4a8 ../../lib/include/libstm32f103c8t6.a(jlx12864g-086.o)
                0x0000000008001ca8                println
                0x0000000008001d1c                lcdInit
                0x0000000008001f30                clearScreen
                0x0000000008001f98                sendCMD
                0x0000000008002004                sendData
                0x0000000008002070                setDisplayState
                0x000000000800208a                setCursor
 .text          0x00000000080020e8      0x188 ../../lib/include/libstm32f103c8t6.a(systick.o)
                0x00000000080020e8                isCountZero
                0x000000000800210c                setCockSource
                0x000000000800214c                enableSystickTimer
                0x000000000800216c                disableSystickTimer
                0x000000000800218c                enableException
                0x00000000080021ac                disableException
                0x00000000080021cc                isTimerEnabled
                0x00000000080021f0                isExcetionEnabled
                0x0000000008002214                setReloadValue
                0x0000000008002238                getCurrentValue
                0x0000000008002250                setCurrentValue
 .text          0x0000000008002270      0x384 ../../lib/include/libstm32f103c8t6.a(rcc.o)
                0x0000000008002270                enablePeripheralClock
                0x00000000080022dc                isHSIRDY
                0x0000000008002300                enableHSE
                0x0000000008002320                disableHSE
                0x0000000008002340                enableHSI
                0x0000000008002360                disableHSI
                0x0000000008002380                isHSERDY
                0x00000000080023a4                enableCSS
                0x00000000080023c4                disableCSS
                0x00000000080023e4                enablePLL
                0x0000000008002404                disablePLL
                0x0000000008002424                isPLLRDY
                0x0000000008002448                setSW
                0x0000000008002470                getSWS
                0x0000000008002494                setAHB_PSC
                0x00000000080024bc                setAPB1_PSC
                0x00000000080024e4                setPLLSRC
                0x0000000008002504                clearPLLSRC
                0x0000000008002524                setAPB2_PSC
                0x000000000800254c                setPLLXTPRE
                0x000000000800256c                clearPLLXTPRE
                0x000000000800258c                setPLLMULL
                0x00000000080025b4                setUSBPRE
 *(.rodata)
                0x00000000080025f4                . = ALIGN (0x4)
                0x00000000080025f4                _end_of_text = .

.glue_7         0x00000000080025f4        0x0
 .glue_7        0x00000000080025f4        0x0 linker stubs

.glue_7t        0x00000000080025f4        0x0
 .glue_7t       0x00000000080025f4        0x0 linker stubs

.vfp11_veneer   0x00000000080025f4        0x0
 .vfp11_veneer  0x00000000080025f4        0x0 linker stubs

.v4_bx          0x00000000080025f4        0x0
 .v4_bx         0x00000000080025f4        0x0 linker stubs

.iplt           0x00000000080025f4        0x0
 .iplt          0x00000000080025f4        0x0 stm32_startup.o

.rel.dyn        0x00000000080025f4        0x0
 .rel.iplt      0x00000000080025f4        0x0 stm32_startup.o

.stack          0x0000000020000000      0x400
                0x0000000020000400                . = (. + 0x400)
 *fill*         0x0000000020000000      0x400 
                0x0000000020000400                _STACK_END = .
                0x00000000080025f4                _DataLoad = LOADADDR (.data)

.data           0x0000000020000400       0xe8 load address 0x00000000080025f4
                0x0000000020000400                _start_of_data = .
 *(.data)
 .data          0x0000000020000400        0x0 stm32_startup.o
 .data          0x0000000020000400        0x0 main.o
 .data          0x0000000020000400       0x38 ../../lib/include/libstm32f103c8t6.a(spi.o)
                0x0000000020000400                SPI1_CR1
                0x0000000020000404                SPI1_CR2
                0x0000000020000408                SPI1_SR
                0x000000002000040c                SPI1_DR
                0x0000000020000410                SPI1_CRCPR
                0x0000000020000414                SPI1_RXCRCR
                0x0000000020000418                SPI1_TXCRCR
                0x000000002000041c                SPI2_CR1
                0x0000000020000420                SPI2_CR2
                0x0000000020000424                SPI2_SR
                0x0000000020000428                SPI2_DR
                0x000000002000042c                SPI2_CRCPR
                0x0000000020000430                SPI2_RXCRCR
                0x0000000020000434                SPI2_TXCRCR
 .data          0x0000000020000438       0x8c ../../lib/include/libstm32f103c8t6.a(gpio.o)
                0x0000000020000438                GPIOA_CRL
                0x000000002000043c                GPIOA_CRH
                0x0000000020000440                GPIOA_IDR
                0x0000000020000444                GPIOA_ORD
                0x0000000020000448                GPIOA_BSRR
                0x000000002000044c                GPIOA_BRR
                0x0000000020000450                GPIOA_LCKR
                0x0000000020000454                GPIOB_CRL
                0x0000000020000458                GPIOB_CRH
                0x000000002000045c                GPIOB_IDR
                0x0000000020000460                GPIOB_ORD
                0x0000000020000464                GPIOB_BSRR
                0x0000000020000468                GPIOB_BRR
                0x000000002000046c                GPIOB_LCKR
                0x0000000020000470                GPIOC_CRL
                0x0000000020000474                GPIOC_CRH
                0x0000000020000478                GPIOC_IDR
                0x000000002000047c                GPIOC_ORD
                0x0000000020000480                GPIOC_BSRR
                0x0000000020000484                GPIOC_BRR
                0x0000000020000488                GPIOC_LCKR
                0x000000002000048c                GPIOD_CRL
                0x0000000020000490                GPIOD_CRH
                0x0000000020000494                GPIOD_IDR
                0x0000000020000498                GPIOD_ORD
                0x000000002000049c                GPIOD_BSRR
                0x00000000200004a0                GPIOD_BRR
                0x00000000200004a4                GPIOD_LCKR
                0x00000000200004a8                GPIOE_CRL
                0x00000000200004ac                GPIOE_CRH
                0x00000000200004b0                GPIOE_IDR
                0x00000000200004b4                GPIOE_ORD
                0x00000000200004b8                GPIOE_BSRR
                0x00000000200004bc                GPIOE_BRR
                0x00000000200004c0                GPIOE_LCKR
 .data          0x00000000200004c4        0x4 ../../lib/include/libstm32f103c8t6.a(flash.o)
                0x00000000200004c4                FLASH_ACR
 .data          0x00000000200004c8        0x4 ../../lib/include/libstm32f103c8t6.a(delay.o)
                0x00000000200004c8                SYS_CLK
 .data          0x00000000200004cc        0x0 ../../lib/include/libstm32f103c8t6.a(jlx12864g-086.o)
 .data          0x00000000200004cc        0xc ../../lib/include/libstm32f103c8t6.a(systick.o)
                0x00000000200004cc                SYST_CSR
                0x00000000200004d0                SYST_RVR
                0x00000000200004d4                SYST_CVR
 .data          0x00000000200004d8       0x10 ../../lib/include/libstm32f103c8t6.a(rcc.o)
                0x00000000200004d8                RCC_CR
                0x00000000200004dc                RCC_CFGR
                0x00000000200004e0                RCC_APB2ENR
                0x00000000200004e4                RCC_APB1ENR
                0x00000000200004e8                . = ALIGN (0x4)
                0x00000000200004e8                _end_of_data = .

.igot.plt       0x00000000200004e8        0x0 load address 0x00000000080026dc
 .igot.plt      0x00000000200004e8        0x0 stm32_startup.o

.ascii          0x00000000200004e8      0x448 load address 0x00000000080026dc
 .ascii         0x00000000200004e8      0x448 ../../lib/include/libstm32f103c8t6.a(jlx12864g-086.o)

.bss            0x0000000020000930       0x2c load address 0x0000000008002b24
                0x0000000020000930                _start_of_bss = .
 *(.bss)
 .bss           0x0000000020000930        0x0 stm32_startup.o
 .bss           0x0000000020000930        0x0 main.o
 .bss           0x0000000020000930        0x0 ../../lib/include/libstm32f103c8t6.a(spi.o)
 .bss           0x0000000020000930        0x0 ../../lib/include/libstm32f103c8t6.a(gpio.o)
 .bss           0x0000000020000930        0x0 ../../lib/include/libstm32f103c8t6.a(flash.o)
 .bss           0x0000000020000930        0x0 ../../lib/include/libstm32f103c8t6.a(delay.o)
 .bss           0x0000000020000930       0x2c ../../lib/include/libstm32f103c8t6.a(jlx12864g-086.o)
                0x0000000020000930                SPI
                0x0000000020000934                PORT
                0x0000000020000938                MOSI
                0x000000002000093c                SCK
                0x0000000020000940                NSS
                0x0000000020000944                RS
                0x0000000020000948                RST
                0x000000002000094c                LEDA
                0x0000000020000950                CLK
                0x0000000020000954                ROW
                0x0000000020000958                COL
 .bss           0x000000002000095c        0x0 ../../lib/include/libstm32f103c8t6.a(systick.o)
 .bss           0x000000002000095c        0x0 ../../lib/include/libstm32f103c8t6.a(rcc.o)
 *(.COMMON)
                0x000000002000095c                . = ALIGN (0x4)
                0x000000002000095c                _end_of_bss = .
 COMMON         0x000000002000095c        0x0 main.o
OUTPUT(final.elf elf32-littlearm)
LOAD linker stubs

.comment        0x0000000000000000       0x59
 .comment       0x0000000000000000       0x59 stm32_startup.o
                                         0x5a (size before relaxing)
 .comment       0x0000000000000059       0x5a main.o
 .comment       0x0000000000000059       0x5a ../../lib/include/libstm32f103c8t6.a(spi.o)
 .comment       0x0000000000000059       0x5a ../../lib/include/libstm32f103c8t6.a(gpio.o)
 .comment       0x0000000000000059       0x5a ../../lib/include/libstm32f103c8t6.a(flash.o)
 .comment       0x0000000000000059       0x5a ../../lib/include/libstm32f103c8t6.a(delay.o)
 .comment       0x0000000000000059       0x5a ../../lib/include/libstm32f103c8t6.a(jlx12864g-086.o)
 .comment       0x0000000000000059       0x5a ../../lib/include/libstm32f103c8t6.a(systick.o)
 .comment       0x0000000000000059       0x5a ../../lib/include/libstm32f103c8t6.a(rcc.o)

.ARM.attributes
                0x0000000000000000       0x2d
 .ARM.attributes
                0x0000000000000000       0x2d stm32_startup.o
 .ARM.attributes
                0x000000000000002d       0x2d main.o
 .ARM.attributes
                0x000000000000005a       0x2d ../../lib/include/libstm32f103c8t6.a(spi.o)
 .ARM.attributes
                0x0000000000000087       0x2d ../../lib/include/libstm32f103c8t6.a(gpio.o)
 .ARM.attributes
                0x00000000000000b4       0x2d ../../lib/include/libstm32f103c8t6.a(flash.o)
 .ARM.attributes
                0x00000000000000e1       0x2d ../../lib/include/libstm32f103c8t6.a(delay.o)
 .ARM.attributes
                0x000000000000010e       0x2d ../../lib/include/libstm32f103c8t6.a(jlx12864g-086.o)
 .ARM.attributes
                0x000000000000013b       0x2d ../../lib/include/libstm32f103c8t6.a(systick.o)
 .ARM.attributes
                0x0000000000000168       0x2d ../../lib/include/libstm32f103c8t6.a(rcc.o)
