Archive member included to satisfy reference by file (symbol)

../../lib/include/libstm32f103c8t6.a(spi.o)
                              main.o (SPI1_CR1)
../../lib/include/libstm32f103c8t6.a(gpio.o)
                              main.o (GPIOA_CRL)
../../lib/include/libstm32f103c8t6.a(flash.o)
                              main.o (FLASH_ACR)
../../lib/include/libstm32f103c8t6.a(delay.o)
                              main.o (SYS_CLK)
../../lib/include/libstm32f103c8t6.a(systick.o)
                              main.o (SYST_CSR)
../../lib/include/libstm32f103c8t6.a(rcc.o)
                              main.o (RCC_CR)

Memory Configuration

Name             Origin             Length             Attributes
FLASH            0x0000000008000000 0x0000000000020000 xr
SRAM             0x0000000020000000 0x0000000000005000 xrw
*default*        0x0000000000000000 0xffffffffffffffff

Linker script and memory map

LOAD stm32_startup.o
LOAD main.o
LOAD ../../lib/include/libstm32f103c8t6.a

.text           0x0000000008000000     0x210c
 *(.vector_table)
 .vector_table  0x0000000008000000       0xec stm32_startup.o
                0x0000000008000000                vectors
 *(.text)
 .text          0x00000000080000ec       0x8c stm32_startup.o
                0x00000000080000ec                Reset_Handler
                0x0000000008000170                FLASH_Handler
                0x0000000008000170                SVCall_Handler
                0x0000000008000170                HardFault_Handler
                0x0000000008000170                SysTick_Handler
                0x0000000008000170                USART3_Handler
                0x0000000008000170                PendSV_Handler
                0x0000000008000170                NMI_Handler
                0x0000000008000170                DMA_Channel5_Handler
                0x0000000008000170                CAN1_RX1_Handler
                0x0000000008000170                DMA_Channel6_Handler
                0x0000000008000170                EXTI15_10_Handler
                0x0000000008000170                DMA_Channel7_Handler
                0x0000000008000170                I2C1_EV_Handler
                0x0000000008000170                ADC1_2_Handler
                0x0000000008000170                WWDG_Handler
                0x0000000008000170                EXTI4_Handler
                0x0000000008000170                I2C1_ER_Handler
                0x0000000008000170                RTC_Handler
                0x0000000008000170                UsageFault_Handler
                0x0000000008000170                CAN1_RX0_Handler
                0x0000000008000170                TIM1_CC_Handler
                0x0000000008000170                I2C2_ER_Handler
                0x0000000008000170                DMA_Channel3_Handler
                0x0000000008000170                CAN1_SCE_Handler
                0x0000000008000170                TIM1_BRK_Handler
                0x0000000008000170                EXTI1_Handler
                0x0000000008000170                EXTI3_Handler
                0x0000000008000170                EXTI2_Handler
                0x0000000008000170                EXTI9_5_Handler
                0x0000000008000170                TIM2_Handler
                0x0000000008000170                USART1_Handler
                0x0000000008000170                TIM3_Handler
                0x0000000008000170                Default_Handler
                0x0000000008000170                DMA_Channel1_Handler
                0x0000000008000170                DMA_Channel2_Handler
                0x0000000008000170                TIM4_Handler
                0x0000000008000170                SPI2_Handler
                0x0000000008000170                MemManage_Handler
                0x0000000008000170                EXTI0_Handler
                0x0000000008000170                TIM1_UP_Handler
                0x0000000008000170                USART2_Handler
                0x0000000008000170                SPI1_Handler
                0x0000000008000170                DMA_Channel4_Handler
                0x0000000008000170                I2C2_EV_Handler
                0x0000000008000170                Debug_Monitor_Handler
                0x0000000008000170                RCC_Handler
                0x0000000008000170                PVD_Handler
                0x0000000008000170                CAN1_TX_Handler
                0x0000000008000170                BusFault_Handler
                0x0000000008000170                RTCAlarm_Handler
                0x0000000008000170                TIM1_TRG_COM_Handler
                0x0000000008000170                OTG_FS_WKUP_Handler
                0x0000000008000170                TAMPER_Handler
 .text          0x0000000008000178       0xe8 main.o
                0x0000000008000178                main
                0x0000000008000182                initialize
                0x0000000008000198                configureSystemClock
                0x0000000008000208                HCSR04
                0x000000000800023e                trigger
 .text          0x0000000008000260     0x139c ../../lib/include/libstm32f103c8t6.a(spi.o)
                0x0000000008000260                enableSpiClk
                0x000000000800026e                enableSPI
                0x00000000080002b0                disableSPI
                0x000000000800033c                spiTransfer
                0x00000000080003b8                setBIDIMODE
                0x0000000008000430                setBIDIOE
                0x00000000080004a8                setCRCEN
                0x0000000008000520                setCRCNEXT
                0x0000000008000598                setDFF
                0x0000000008000610                setRXONLY
                0x0000000008000688                setSSM
                0x0000000008000700                setSSI
                0x0000000008000778                setLSBFIRST
                0x00000000080007f0                setBR
                0x0000000008000838                setMSTR
                0x00000000080008b0                setCPOL
                0x0000000008000928                setCPHA
                0x00000000080009a0                getBIBIMODE
                0x00000000080009ec                getBIBIOE
                0x0000000008000a38                getCRCEN
                0x0000000008000a84                getDFF
                0x0000000008000ad0                getCRCNEXT
                0x0000000008000b1c                getRXONLY
                0x0000000008000b68                getSSM
                0x0000000008000bb4                getSSI
                0x0000000008000c00                getLSBFIRST
                0x0000000008000c4c                getSPE
                0x0000000008000c98                getBR
                0x0000000008000ce4                getMSTR
                0x0000000008000d30                getCPOL
                0x0000000008000d7c                getCPHA
                0x0000000008000dc8                setTXEIE
                0x0000000008000e44                setRXNEIE
                0x0000000008000ec0                setERRIE
                0x0000000008000f3c                setSSOE
                0x0000000008000fb8                setTXDMAEN
                0x0000000008001034                setRXDMAEN
                0x00000000080010b0                getTXEIE
                0x00000000080010fc                getRXNEIE
                0x0000000008001148                getERRIE
                0x0000000008001194                getSSOE
                0x00000000080011e0                getTXDMAEN
                0x000000000800122c                getRXDMAEN
                0x0000000008001278                clearCRCERR
                0x00000000080012bc                getBSY
                0x0000000008001308                getOVR
                0x0000000008001354                getMODF
                0x00000000080013a0                getCRCERR
                0x00000000080013ec                getUDR
                0x0000000008001438                getCHSIDE
                0x0000000008001484                getTXE
                0x00000000080014d0                getRXNE
                0x000000000800151c                readSPICRCPR
                0x0000000008001554                writeSPICRCPR
                0x000000000800158c                readSPIRXCRCR
                0x00000000080015c4                readSPITXCRCR
 .text          0x00000000080015fc      0x4c4 ../../lib/include/libstm32f103c8t6.a(gpio.o)
                0x00000000080015fc                configurePortPin
                0x0000000008001878                pinState
                0x00000000080019f4                toggle
 .text          0x0000000008001ac0       0x8c ../../lib/include/libstm32f103c8t6.a(flash.o)
                0x0000000008001ac0                getPRFTBS
                0x0000000008001ae4                setPRFTB
                0x0000000008001b24                setWaitStates
 .text          0x0000000008001b4c       0xb4 ../../lib/include/libstm32f103c8t6.a(delay.o)
                0x0000000008001b4c                delays_init
                0x0000000008001b8c                wait
                0x0000000008001bc0                delay_ms
 .text          0x0000000008001c00      0x188 ../../lib/include/libstm32f103c8t6.a(systick.o)
                0x0000000008001c00                isCountZero
                0x0000000008001c24                setCockSource
                0x0000000008001c64                enableSystickTimer
                0x0000000008001c84                disableSystickTimer
                0x0000000008001ca4                enableException
                0x0000000008001cc4                disableException
                0x0000000008001ce4                isTimerEnabled
                0x0000000008001d08                isExcetionEnabled
                0x0000000008001d2c                setReloadValue
                0x0000000008001d50                getCurrentValue
                0x0000000008001d68                setCurrentValue
 .text          0x0000000008001d88      0x384 ../../lib/include/libstm32f103c8t6.a(rcc.o)
                0x0000000008001d88                enablePeripheralClock
                0x0000000008001df4                isHSIRDY
                0x0000000008001e18                enableHSE
                0x0000000008001e38                disableHSE
                0x0000000008001e58                enableHSI
                0x0000000008001e78                disableHSI
                0x0000000008001e98                isHSERDY
                0x0000000008001ebc                enableCSS
                0x0000000008001edc                disableCSS
                0x0000000008001efc                enablePLL
                0x0000000008001f1c                disablePLL
                0x0000000008001f3c                isPLLRDY
                0x0000000008001f60                setSW
                0x0000000008001f88                getSWS
                0x0000000008001fac                setAHB_PSC
                0x0000000008001fd4                setAPB1_PSC
                0x0000000008001ffc                setPLLSRC
                0x000000000800201c                clearPLLSRC
                0x000000000800203c                setAPB2_PSC
                0x0000000008002064                setPLLXTPRE
                0x0000000008002084                clearPLLXTPRE
                0x00000000080020a4                setPLLMULL
                0x00000000080020cc                setUSBPRE
 *(.rodata)
                0x000000000800210c                . = ALIGN (0x4)
                0x000000000800210c                _end_of_text = .

.glue_7         0x000000000800210c        0x0
 .glue_7        0x000000000800210c        0x0 linker stubs

.glue_7t        0x000000000800210c        0x0
 .glue_7t       0x000000000800210c        0x0 linker stubs

.vfp11_veneer   0x000000000800210c        0x0
 .vfp11_veneer  0x000000000800210c        0x0 linker stubs

.v4_bx          0x000000000800210c        0x0
 .v4_bx         0x000000000800210c        0x0 linker stubs

.iplt           0x000000000800210c        0x0
 .iplt          0x000000000800210c        0x0 stm32_startup.o

.rel.dyn        0x000000000800210c        0x0
 .rel.iplt      0x000000000800210c        0x0 stm32_startup.o

.stack          0x0000000020000000      0x400
                0x0000000020000400                . = (. + 0x400)
 *fill*         0x0000000020000000      0x400 
                0x0000000020000400                _STACK_END = .
                0x000000000800210c                _DataLoad = LOADADDR (.data)

.data           0x0000000020000400       0xe8 load address 0x000000000800210c
                0x0000000020000400                _start_of_data = .
 *(.data)
 .data          0x0000000020000400        0x0 stm32_startup.o
 .data          0x0000000020000400        0x0 main.o
 .data          0x0000000020000400       0x38 ../../lib/include/libstm32f103c8t6.a(spi.o)
                0x0000000020000400                SPI1_CR1
                0x0000000020000404                SPI1_CR2
                0x0000000020000408                SPI1_SR
                0x000000002000040c                SPI1_DR
                0x0000000020000410                SPI1_CRCPR
                0x0000000020000414                SPI1_RXCRCR
                0x0000000020000418                SPI1_TXCRCR
                0x000000002000041c                SPI2_CR1
                0x0000000020000420                SPI2_CR2
                0x0000000020000424                SPI2_SR
                0x0000000020000428                SPI2_DR
                0x000000002000042c                SPI2_CRCPR
                0x0000000020000430                SPI2_RXCRCR
                0x0000000020000434                SPI2_TXCRCR
 .data          0x0000000020000438       0x8c ../../lib/include/libstm32f103c8t6.a(gpio.o)
                0x0000000020000438                GPIOA_CRL
                0x000000002000043c                GPIOA_CRH
                0x0000000020000440                GPIOA_IDR
                0x0000000020000444                GPIOA_ORD
                0x0000000020000448                GPIOA_BSRR
                0x000000002000044c                GPIOA_BRR
                0x0000000020000450                GPIOA_LCKR
                0x0000000020000454                GPIOB_CRL
                0x0000000020000458                GPIOB_CRH
                0x000000002000045c                GPIOB_IDR
                0x0000000020000460                GPIOB_ORD
                0x0000000020000464                GPIOB_BSRR
                0x0000000020000468                GPIOB_BRR
                0x000000002000046c                GPIOB_LCKR
                0x0000000020000470                GPIOC_CRL
                0x0000000020000474                GPIOC_CRH
                0x0000000020000478                GPIOC_IDR
                0x000000002000047c                GPIOC_ORD
                0x0000000020000480                GPIOC_BSRR
                0x0000000020000484                GPIOC_BRR
                0x0000000020000488                GPIOC_LCKR
                0x000000002000048c                GPIOD_CRL
                0x0000000020000490                GPIOD_CRH
                0x0000000020000494                GPIOD_IDR
                0x0000000020000498                GPIOD_ORD
                0x000000002000049c                GPIOD_BSRR
                0x00000000200004a0                GPIOD_BRR
                0x00000000200004a4                GPIOD_LCKR
                0x00000000200004a8                GPIOE_CRL
                0x00000000200004ac                GPIOE_CRH
                0x00000000200004b0                GPIOE_IDR
                0x00000000200004b4                GPIOE_ORD
                0x00000000200004b8                GPIOE_BSRR
                0x00000000200004bc                GPIOE_BRR
                0x00000000200004c0                GPIOE_LCKR
 .data          0x00000000200004c4        0x4 ../../lib/include/libstm32f103c8t6.a(flash.o)
                0x00000000200004c4                FLASH_ACR
 .data          0x00000000200004c8        0x4 ../../lib/include/libstm32f103c8t6.a(delay.o)
                0x00000000200004c8                SYS_CLK
 .data          0x00000000200004cc        0xc ../../lib/include/libstm32f103c8t6.a(systick.o)
                0x00000000200004cc                SYST_CSR
                0x00000000200004d0                SYST_RVR
                0x00000000200004d4                SYST_CVR
 .data          0x00000000200004d8       0x10 ../../lib/include/libstm32f103c8t6.a(rcc.o)
                0x00000000200004d8                RCC_CR
                0x00000000200004dc                RCC_CFGR
                0x00000000200004e0                RCC_APB2ENR
                0x00000000200004e4                RCC_APB1ENR
                0x00000000200004e8                . = ALIGN (0x4)
                0x00000000200004e8                _end_of_data = .

.igot.plt       0x00000000200004e8        0x0 load address 0x00000000080021f4
 .igot.plt      0x00000000200004e8        0x0 stm32_startup.o

.bss            0x00000000200004e8        0x4 load address 0x00000000080021f4
                0x00000000200004e8                _start_of_bss = .
 *(.bss)
 .bss           0x00000000200004e8        0x0 stm32_startup.o
 .bss           0x00000000200004e8        0x0 main.o
 .bss           0x00000000200004e8        0x0 ../../lib/include/libstm32f103c8t6.a(spi.o)
 .bss           0x00000000200004e8        0x0 ../../lib/include/libstm32f103c8t6.a(gpio.o)
 .bss           0x00000000200004e8        0x0 ../../lib/include/libstm32f103c8t6.a(flash.o)
 .bss           0x00000000200004e8        0x4 ../../lib/include/libstm32f103c8t6.a(delay.o)
                0x00000000200004e8                clk_period
 .bss           0x00000000200004ec        0x0 ../../lib/include/libstm32f103c8t6.a(systick.o)
 .bss           0x00000000200004ec        0x0 ../../lib/include/libstm32f103c8t6.a(rcc.o)
 *(.COMMON)
                0x00000000200004ec                . = ALIGN (0x4)
                0x00000000200004ec                _end_of_bss = .
 COMMON         0x00000000200004ec        0x0 main.o
OUTPUT(final.elf elf32-littlearm)
LOAD linker stubs

.comment        0x0000000000000000       0x59
 .comment       0x0000000000000000       0x59 stm32_startup.o
                                         0x5a (size before relaxing)
 .comment       0x0000000000000059       0x5a main.o
 .comment       0x0000000000000059       0x5a ../../lib/include/libstm32f103c8t6.a(spi.o)
 .comment       0x0000000000000059       0x5a ../../lib/include/libstm32f103c8t6.a(gpio.o)
 .comment       0x0000000000000059       0x5a ../../lib/include/libstm32f103c8t6.a(flash.o)
 .comment       0x0000000000000059       0x5a ../../lib/include/libstm32f103c8t6.a(delay.o)
 .comment       0x0000000000000059       0x5a ../../lib/include/libstm32f103c8t6.a(systick.o)
 .comment       0x0000000000000059       0x5a ../../lib/include/libstm32f103c8t6.a(rcc.o)

.ARM.attributes
                0x0000000000000000       0x2d
 .ARM.attributes
                0x0000000000000000       0x2d stm32_startup.o
 .ARM.attributes
                0x000000000000002d       0x2d main.o
 .ARM.attributes
                0x000000000000005a       0x2d ../../lib/include/libstm32f103c8t6.a(spi.o)
 .ARM.attributes
                0x0000000000000087       0x2d ../../lib/include/libstm32f103c8t6.a(gpio.o)
 .ARM.attributes
                0x00000000000000b4       0x2d ../../lib/include/libstm32f103c8t6.a(flash.o)
 .ARM.attributes
                0x00000000000000e1       0x2d ../../lib/include/libstm32f103c8t6.a(delay.o)
 .ARM.attributes
                0x000000000000010e       0x2d ../../lib/include/libstm32f103c8t6.a(systick.o)
 .ARM.attributes
                0x000000000000013b       0x2d ../../lib/include/libstm32f103c8t6.a(rcc.o)
