Archive member included to satisfy reference by file (symbol)

../../lib/include/libstm32f103c8t6.a(exti.o)
                              main.o (setEXTI_IMR)
../../lib/include/libstm32f103c8t6.a(spi.o)
                              main.o (SPI1_CR1)
../../lib/include/libstm32f103c8t6.a(gpio.o)
                              main.o (GPIOA_CRL)
../../lib/include/libstm32f103c8t6.a(flash.o)
                              main.o (FLASH_ACR)
../../lib/include/libstm32f103c8t6.a(delay.o)
                              main.o (SYS_CLK)
../../lib/include/libstm32f103c8t6.a(nvic.o)
                              main.o (NVIC_ISER0)
../../lib/include/libstm32f103c8t6.a(jlx12864g-086.o)
                              main.o (setCursor)
../../lib/include/libstm32f103c8t6.a(rcc.o)
                              main.o (RCC_CR)
../../lib/include/libstm32f103c8t6.a(systick.o)
                              main.o (SYST_CSR)

Allocating common symbols
Common symbol       size              file

string              0x6               main.o

Memory Configuration

Name             Origin             Length             Attributes
FLASH            0x0000000008000000 0x0000000000020000 xr
SRAM             0x0000000020000000 0x0000000000005000 xrw
*default*        0x0000000000000000 0xffffffffffffffff

Linker script and memory map

LOAD stm32_startup.o
LOAD main.o
LOAD ../../lib/include/libstm32f103c8t6.a

.text           0x0000000008000000     0x2bd8
 *(.vector_table)
 .vector_table  0x0000000008000000       0xec stm32_startup.o
                0x0000000008000000                vectors
 *(.text)
 .text          0x00000000080000ec       0x8c stm32_startup.o
                0x00000000080000ec                Reset_Handler
                0x0000000008000170                FLASH_Handler
                0x0000000008000170                SVCall_Handler
                0x0000000008000170                HardFault_Handler
                0x0000000008000170                SysTick_Handler
                0x0000000008000170                USART3_Handler
                0x0000000008000170                PendSV_Handler
                0x0000000008000170                NMI_Handler
                0x0000000008000170                DMA_Channel5_Handler
                0x0000000008000170                CAN1_RX1_Handler
                0x0000000008000170                DMA_Channel6_Handler
                0x0000000008000170                EXTI15_10_Handler
                0x0000000008000170                DMA_Channel7_Handler
                0x0000000008000170                I2C1_EV_Handler
                0x0000000008000170                ADC1_2_Handler
                0x0000000008000170                WWDG_Handler
                0x0000000008000170                EXTI4_Handler
                0x0000000008000170                I2C1_ER_Handler
                0x0000000008000170                RTC_Handler
                0x0000000008000170                UsageFault_Handler
                0x0000000008000170                CAN1_RX0_Handler
                0x0000000008000170                TIM1_CC_Handler
                0x0000000008000170                I2C2_ER_Handler
                0x0000000008000170                DMA_Channel3_Handler
                0x0000000008000170                CAN1_SCE_Handler
                0x0000000008000170                TIM1_BRK_Handler
                0x0000000008000170                EXTI1_Handler
                0x0000000008000170                EXTI3_Handler
                0x0000000008000170                EXTI2_Handler
                0x0000000008000170                TIM2_Handler
                0x0000000008000170                USART1_Handler
                0x0000000008000170                TIM3_Handler
                0x0000000008000170                Default_Handler
                0x0000000008000170                DMA_Channel1_Handler
                0x0000000008000170                DMA_Channel2_Handler
                0x0000000008000170                TIM4_Handler
                0x0000000008000170                SPI2_Handler
                0x0000000008000170                MemManage_Handler
                0x0000000008000170                EXTI0_Handler
                0x0000000008000170                TIM1_UP_Handler
                0x0000000008000170                USART2_Handler
                0x0000000008000170                SPI1_Handler
                0x0000000008000170                DMA_Channel4_Handler
                0x0000000008000170                I2C2_EV_Handler
                0x0000000008000170                Debug_Monitor_Handler
                0x0000000008000170                RCC_Handler
                0x0000000008000170                PVD_Handler
                0x0000000008000170                CAN1_TX_Handler
                0x0000000008000170                BusFault_Handler
                0x0000000008000170                RTCAlarm_Handler
                0x0000000008000170                TIM1_TRG_COM_Handler
                0x0000000008000170                OTG_FS_WKUP_Handler
                0x0000000008000170                TAMPER_Handler
 .text          0x0000000008000178      0x268 main.o
                0x0000000008000178                intToChar
                0x0000000008000248                main
                0x0000000008000252                EXTI9_5_Handler
                0x00000000080002a4                initialize
                0x0000000008000316                configureSystemClock
                0x0000000008000386                HCSR04
                0x00000000080003bc                trigger
 .text          0x00000000080003e0      0x318 ../../lib/include/libstm32f103c8t6.a(exti.o)
                0x00000000080003e0                setEXTI_IMR
                0x0000000008000434                setEXTI_EMR
                0x0000000008000488                setEXTI_RTSR
                0x00000000080004dc                setEXTI_FTSR
                0x0000000008000530                setEXTI_SWIER
                0x0000000008000584                setEXTI_PR
                0x00000000080005d8                getEXTI_IMR
                0x0000000008000608                getEXTI_EMR
                0x0000000008000638                getEXTI_RTSR
                0x0000000008000668                getEXTI_FTSR
                0x0000000008000698                getEXTI_SWIER
                0x00000000080006c8                getEXTI_PR
 .text          0x00000000080006f8     0x139c ../../lib/include/libstm32f103c8t6.a(spi.o)
                0x00000000080006f8                enableSpiClk
                0x0000000008000706                enableSPI
                0x0000000008000748                disableSPI
                0x00000000080007d4                spiTransfer
                0x0000000008000850                setBIDIMODE
                0x00000000080008c8                setBIDIOE
                0x0000000008000940                setCRCEN
                0x00000000080009b8                setCRCNEXT
                0x0000000008000a30                setDFF
                0x0000000008000aa8                setRXONLY
                0x0000000008000b20                setSSM
                0x0000000008000b98                setSSI
                0x0000000008000c10                setLSBFIRST
                0x0000000008000c88                setBR
                0x0000000008000cd0                setMSTR
                0x0000000008000d48                setCPOL
                0x0000000008000dc0                setCPHA
                0x0000000008000e38                getBIBIMODE
                0x0000000008000e84                getBIBIOE
                0x0000000008000ed0                getCRCEN
                0x0000000008000f1c                getDFF
                0x0000000008000f68                getCRCNEXT
                0x0000000008000fb4                getRXONLY
                0x0000000008001000                getSSM
                0x000000000800104c                getSSI
                0x0000000008001098                getLSBFIRST
                0x00000000080010e4                getSPE
                0x0000000008001130                getBR
                0x000000000800117c                getMSTR
                0x00000000080011c8                getCPOL
                0x0000000008001214                getCPHA
                0x0000000008001260                setTXEIE
                0x00000000080012dc                setRXNEIE
                0x0000000008001358                setERRIE
                0x00000000080013d4                setSSOE
                0x0000000008001450                setTXDMAEN
                0x00000000080014cc                setRXDMAEN
                0x0000000008001548                getTXEIE
                0x0000000008001594                getRXNEIE
                0x00000000080015e0                getERRIE
                0x000000000800162c                getSSOE
                0x0000000008001678                getTXDMAEN
                0x00000000080016c4                getRXDMAEN
                0x0000000008001710                clearCRCERR
                0x0000000008001754                getBSY
                0x00000000080017a0                getOVR
                0x00000000080017ec                getMODF
                0x0000000008001838                getCRCERR
                0x0000000008001884                getUDR
                0x00000000080018d0                getCHSIDE
                0x000000000800191c                getTXE
                0x0000000008001968                getRXNE
                0x00000000080019b4                readSPICRCPR
                0x00000000080019ec                writeSPICRCPR
                0x0000000008001a24                readSPIRXCRCR
                0x0000000008001a5c                readSPITXCRCR
 .text          0x0000000008001a94      0x55c ../../lib/include/libstm32f103c8t6.a(gpio.o)
                0x0000000008001a94                getPinState
                0x0000000008001b2c                configurePortPin
                0x0000000008001da8                pinState
                0x0000000008001f24                toggle
 .text          0x0000000008001ff0       0x8c ../../lib/include/libstm32f103c8t6.a(flash.o)
                0x0000000008001ff0                getPRFTBS
                0x0000000008002014                setPRFTB
                0x0000000008002054                setWaitStates
 .text          0x000000000800207c       0xd0 ../../lib/include/libstm32f103c8t6.a(delay.o)
                0x000000000800207c                delays_init
                0x00000000080020a8                wait
                0x00000000080020dc                delay_ms
                0x0000000008002118                delay_us
 .text          0x000000000800214c       0xd8 ../../lib/include/libstm32f103c8t6.a(nvic.o)
                0x000000000800214c                enableIRQ
                0x00000000080021b8                disableIRQ
 .text          0x0000000008002224      0x4a8 ../../lib/include/libstm32f103c8t6.a(jlx12864g-086.o)
                0x000000000800228c                println
                0x0000000008002300                lcdInit
                0x0000000008002514                clearScreen
                0x000000000800257c                sendCMD
                0x00000000080025e8                sendData
                0x0000000008002654                setDisplayState
                0x000000000800266e                setCursor
 .text          0x00000000080026cc      0x384 ../../lib/include/libstm32f103c8t6.a(rcc.o)
                0x00000000080026cc                enablePeripheralClock
                0x0000000008002738                isHSIRDY
                0x000000000800275c                enableHSE
                0x000000000800277c                disableHSE
                0x000000000800279c                enableHSI
                0x00000000080027bc                disableHSI
                0x00000000080027dc                isHSERDY
                0x0000000008002800                enableCSS
                0x0000000008002820                disableCSS
                0x0000000008002840                enablePLL
                0x0000000008002860                disablePLL
                0x0000000008002880                isPLLRDY
                0x00000000080028a4                setSW
                0x00000000080028cc                getSWS
                0x00000000080028f0                setAHB_PSC
                0x0000000008002918                setAPB1_PSC
                0x0000000008002940                setPLLSRC
                0x0000000008002960                clearPLLSRC
                0x0000000008002980                setAPB2_PSC
                0x00000000080029a8                setPLLXTPRE
                0x00000000080029c8                clearPLLXTPRE
                0x00000000080029e8                setPLLMULL
                0x0000000008002a10                setUSBPRE
 .text          0x0000000008002a50      0x188 ../../lib/include/libstm32f103c8t6.a(systick.o)
                0x0000000008002a50                isCountZero
                0x0000000008002a74                setCockSource
                0x0000000008002ab4                enableSystickTimer
                0x0000000008002ad4                disableSystickTimer
                0x0000000008002af4                enableException
                0x0000000008002b14                disableException
                0x0000000008002b34                isTimerEnabled
                0x0000000008002b58                isExcetionEnabled
                0x0000000008002b7c                setReloadValue
                0x0000000008002ba0                getCurrentValue
                0x0000000008002bb8                setCurrentValue
 *(.rodata)
                0x0000000008002bd8                . = ALIGN (0x4)
                0x0000000008002bd8                _end_of_text = .

.glue_7         0x0000000008002bd8        0x0
 .glue_7        0x0000000008002bd8        0x0 linker stubs

.glue_7t        0x0000000008002bd8        0x0
 .glue_7t       0x0000000008002bd8        0x0 linker stubs

.vfp11_veneer   0x0000000008002bd8        0x0
 .vfp11_veneer  0x0000000008002bd8        0x0 linker stubs

.v4_bx          0x0000000008002bd8        0x0
 .v4_bx         0x0000000008002bd8        0x0 linker stubs

.iplt           0x0000000008002bd8        0x0
 .iplt          0x0000000008002bd8        0x0 stm32_startup.o

.rel.dyn        0x0000000008002bd8        0x0
 .rel.iplt      0x0000000008002bd8        0x0 stm32_startup.o

.ascii          0x0000000008002bd8      0x448
 *(.text)
                0x0000000008002bd8                . = ALIGN (0x4)
 .ascii         0x0000000008002bd8      0x448 ../../lib/include/libstm32f103c8t6.a(jlx12864g-086.o)

.stack          0x0000000020000000      0x400
                0x0000000020000400                . = (. + 0x400)
 *fill*         0x0000000020000000      0x400 
                0x0000000020000400                _STACK_END = .
                0x0000000008003020                _DataLoad = LOADADDR (.data)

.data           0x0000000020000400      0x110 load address 0x0000000008003020
                0x0000000020000400                _start_of_data = .
 *(.data)
 .data          0x0000000020000400        0x0 stm32_startup.o
 .data          0x0000000020000400        0x0 main.o
 .data          0x0000000020000400       0x18 ../../lib/include/libstm32f103c8t6.a(exti.o)
                0x0000000020000400                EXTI_IMR
                0x0000000020000404                EXTI_EMR
                0x0000000020000408                EXTI_RTSR
                0x000000002000040c                EXTI_FTSR
                0x0000000020000410                EXTI_SWIER
                0x0000000020000414                EXTI_PR
 .data          0x0000000020000418       0x38 ../../lib/include/libstm32f103c8t6.a(spi.o)
                0x0000000020000418                SPI1_CR1
                0x000000002000041c                SPI1_CR2
                0x0000000020000420                SPI1_SR
                0x0000000020000424                SPI1_DR
                0x0000000020000428                SPI1_CRCPR
                0x000000002000042c                SPI1_RXCRCR
                0x0000000020000430                SPI1_TXCRCR
                0x0000000020000434                SPI2_CR1
                0x0000000020000438                SPI2_CR2
                0x000000002000043c                SPI2_SR
                0x0000000020000440                SPI2_DR
                0x0000000020000444                SPI2_CRCPR
                0x0000000020000448                SPI2_RXCRCR
                0x000000002000044c                SPI2_TXCRCR
 .data          0x0000000020000450       0x8c ../../lib/include/libstm32f103c8t6.a(gpio.o)
                0x0000000020000450                GPIOA_CRL
                0x0000000020000454                GPIOA_CRH
                0x0000000020000458                GPIOA_IDR
                0x000000002000045c                GPIOA_ORD
                0x0000000020000460                GPIOA_BSRR
                0x0000000020000464                GPIOA_BRR
                0x0000000020000468                GPIOA_LCKR
                0x000000002000046c                GPIOB_CRL
                0x0000000020000470                GPIOB_CRH
                0x0000000020000474                GPIOB_IDR
                0x0000000020000478                GPIOB_ORD
                0x000000002000047c                GPIOB_BSRR
                0x0000000020000480                GPIOB_BRR
                0x0000000020000484                GPIOB_LCKR
                0x0000000020000488                GPIOC_CRL
                0x000000002000048c                GPIOC_CRH
                0x0000000020000490                GPIOC_IDR
                0x0000000020000494                GPIOC_ORD
                0x0000000020000498                GPIOC_BSRR
                0x000000002000049c                GPIOC_BRR
                0x00000000200004a0                GPIOC_LCKR
                0x00000000200004a4                GPIOD_CRL
                0x00000000200004a8                GPIOD_CRH
                0x00000000200004ac                GPIOD_IDR
                0x00000000200004b0                GPIOD_ORD
                0x00000000200004b4                GPIOD_BSRR
                0x00000000200004b8                GPIOD_BRR
                0x00000000200004bc                GPIOD_LCKR
                0x00000000200004c0                GPIOE_CRL
                0x00000000200004c4                GPIOE_CRH
                0x00000000200004c8                GPIOE_IDR
                0x00000000200004cc                GPIOE_ORD
                0x00000000200004d0                GPIOE_BSRR
                0x00000000200004d4                GPIOE_BRR
                0x00000000200004d8                GPIOE_LCKR
 .data          0x00000000200004dc        0x4 ../../lib/include/libstm32f103c8t6.a(flash.o)
                0x00000000200004dc                FLASH_ACR
 .data          0x00000000200004e0        0x4 ../../lib/include/libstm32f103c8t6.a(delay.o)
                0x00000000200004e0                SYS_CLK
 .data          0x00000000200004e4       0x10 ../../lib/include/libstm32f103c8t6.a(nvic.o)
                0x00000000200004e4                NVIC_ISER0
                0x00000000200004e8                NVIC_ISER1
                0x00000000200004ec                NVIC_ICER0
                0x00000000200004f0                NVIC_ICER1
 .data          0x00000000200004f4        0x0 ../../lib/include/libstm32f103c8t6.a(jlx12864g-086.o)
 .data          0x00000000200004f4       0x10 ../../lib/include/libstm32f103c8t6.a(rcc.o)
                0x00000000200004f4                RCC_CR
                0x00000000200004f8                RCC_CFGR
                0x00000000200004fc                RCC_APB2ENR
                0x0000000020000500                RCC_APB1ENR
 .data          0x0000000020000504        0xc ../../lib/include/libstm32f103c8t6.a(systick.o)
                0x0000000020000504                SYST_CSR
                0x0000000020000508                SYST_RVR
                0x000000002000050c                SYST_CVR
                0x0000000020000510                . = ALIGN (0x4)
                0x0000000020000510                _end_of_data = .

.igot.plt       0x0000000020000510        0x0 load address 0x0000000008003130
 .igot.plt      0x0000000020000510        0x0 stm32_startup.o

.bss            0x0000000020000510       0x36 load address 0x0000000008003130
                0x0000000020000510                _start_of_bss = .
 *(.bss)
 .bss           0x0000000020000510        0x0 stm32_startup.o
 .bss           0x0000000020000510        0x4 main.o
                0x0000000020000510                count
 .bss           0x0000000020000514        0x0 ../../lib/include/libstm32f103c8t6.a(exti.o)
 .bss           0x0000000020000514        0x0 ../../lib/include/libstm32f103c8t6.a(spi.o)
 .bss           0x0000000020000514        0x0 ../../lib/include/libstm32f103c8t6.a(gpio.o)
 .bss           0x0000000020000514        0x0 ../../lib/include/libstm32f103c8t6.a(flash.o)
 .bss           0x0000000020000514        0x0 ../../lib/include/libstm32f103c8t6.a(delay.o)
 .bss           0x0000000020000514        0x0 ../../lib/include/libstm32f103c8t6.a(nvic.o)
 .bss           0x0000000020000514       0x2c ../../lib/include/libstm32f103c8t6.a(jlx12864g-086.o)
 .bss           0x0000000020000540        0x0 ../../lib/include/libstm32f103c8t6.a(rcc.o)
 .bss           0x0000000020000540        0x0 ../../lib/include/libstm32f103c8t6.a(systick.o)
 *(.COMMON)
                0x0000000020000540                . = ALIGN (0x4)
                0x0000000020000540                _end_of_bss = .
 COMMON         0x0000000020000540        0x6 main.o
                0x0000000020000540                string
OUTPUT(final.elf elf32-littlearm)
LOAD linker stubs

.comment        0x0000000000000000       0x59
 .comment       0x0000000000000000       0x59 stm32_startup.o
                                         0x5a (size before relaxing)
 .comment       0x0000000000000059       0x5a main.o
 .comment       0x0000000000000059       0x5a ../../lib/include/libstm32f103c8t6.a(exti.o)
 .comment       0x0000000000000059       0x5a ../../lib/include/libstm32f103c8t6.a(spi.o)
 .comment       0x0000000000000059       0x5a ../../lib/include/libstm32f103c8t6.a(gpio.o)
 .comment       0x0000000000000059       0x5a ../../lib/include/libstm32f103c8t6.a(flash.o)
 .comment       0x0000000000000059       0x5a ../../lib/include/libstm32f103c8t6.a(delay.o)
 .comment       0x0000000000000059       0x5a ../../lib/include/libstm32f103c8t6.a(nvic.o)
 .comment       0x0000000000000059       0x5a ../../lib/include/libstm32f103c8t6.a(jlx12864g-086.o)
 .comment       0x0000000000000059       0x5a ../../lib/include/libstm32f103c8t6.a(rcc.o)
 .comment       0x0000000000000059       0x5a ../../lib/include/libstm32f103c8t6.a(systick.o)

.ARM.attributes
                0x0000000000000000       0x2d
 .ARM.attributes
                0x0000000000000000       0x2d stm32_startup.o
 .ARM.attributes
                0x000000000000002d       0x2d main.o
 .ARM.attributes
                0x000000000000005a       0x2d ../../lib/include/libstm32f103c8t6.a(exti.o)
 .ARM.attributes
                0x0000000000000087       0x2d ../../lib/include/libstm32f103c8t6.a(spi.o)
 .ARM.attributes
                0x00000000000000b4       0x2d ../../lib/include/libstm32f103c8t6.a(gpio.o)
 .ARM.attributes
                0x00000000000000e1       0x2d ../../lib/include/libstm32f103c8t6.a(flash.o)
 .ARM.attributes
                0x000000000000010e       0x2d ../../lib/include/libstm32f103c8t6.a(delay.o)
 .ARM.attributes
                0x000000000000013b       0x2d ../../lib/include/libstm32f103c8t6.a(nvic.o)
 .ARM.attributes
                0x0000000000000168       0x2d ../../lib/include/libstm32f103c8t6.a(jlx12864g-086.o)
 .ARM.attributes
                0x0000000000000195       0x2d ../../lib/include/libstm32f103c8t6.a(rcc.o)
 .ARM.attributes
                0x00000000000001c2       0x2d ../../lib/include/libstm32f103c8t6.a(systick.o)
