
Memory Configuration

Name             Origin             Length             Attributes
FLASH            0x0000000008000000 0x0000000000020000 xr
SRAM             0x0000000020000000 0x0000000000005000 xrw
*default*        0x0000000000000000 0xffffffffffffffff

Linker script and memory map

LOAD stm32_startup.o
LOAD main.o
LOAD bluepill.o
LOAD jlx12864g.o

.text           0x0000000008000000      0x1d0
 *(.vector_table)
 .vector_table  0x0000000008000000       0xec stm32_startup.o
                0x0000000008000000                vectors
 *(.text)
 .text          0x00000000080000ec       0x8c stm32_startup.o
                0x00000000080000ec                Reset_Handler
                0x0000000008000170                FLASH_Handler
                0x0000000008000170                SVCall_Handler
                0x0000000008000170                HardFault_Handler
                0x0000000008000170                SysTick_Handler
                0x0000000008000170                USART3_Handler
                0x0000000008000170                PendSV_Handler
                0x0000000008000170                NMI_Handler
                0x0000000008000170                DMA_Channel5_Handler
                0x0000000008000170                CAN1_RX1_Handler
                0x0000000008000170                DMA_Channel6_Handler
                0x0000000008000170                EXTI15_10_Handler
                0x0000000008000170                DMA_Channel7_Handler
                0x0000000008000170                I2C1_EV_Handler
                0x0000000008000170                ADC1_2_Handler
                0x0000000008000170                WWDG_Handler
                0x0000000008000170                EXTI4_Handler
                0x0000000008000170                I2C1_ER_Handler
                0x0000000008000170                RTC_Handler
                0x0000000008000170                UsageFault_Handler
                0x0000000008000170                CAN1_RX0_Handler
                0x0000000008000170                TIM1_CC_Handler
                0x0000000008000170                I2C2_ER_Handler
                0x0000000008000170                DMA_Channel3_Handler
                0x0000000008000170                CAN1_SCE_Handler
                0x0000000008000170                TIM1_BRK_Handler
                0x0000000008000170                EXTI1_Handler
                0x0000000008000170                EXTI3_Handler
                0x0000000008000170                EXTI2_Handler
                0x0000000008000170                EXTI9_5_Handler
                0x0000000008000170                TIM2_Handler
                0x0000000008000170                USART1_Handler
                0x0000000008000170                TIM3_Handler
                0x0000000008000170                Default_Handler
                0x0000000008000170                DMA_Channel1_Handler
                0x0000000008000170                DMA_Channel2_Handler
                0x0000000008000170                TIM4_Handler
                0x0000000008000170                SPI2_Handler
                0x0000000008000170                MemManage_Handler
                0x0000000008000170                EXTI0_Handler
                0x0000000008000170                USART2_Handler
                0x0000000008000170                SPI1_Handler
                0x0000000008000170                DMA_Channel4_Handler
                0x0000000008000170                I2C2_EV_Handler
                0x0000000008000170                Debug_Monitor_Handler
                0x0000000008000170                RCC_Handler
                0x0000000008000170                PVD_Handler
                0x0000000008000170                CAN1_TX_Handler
                0x0000000008000170                BusFault_Handler
                0x0000000008000170                RTCAlarm_Handler
                0x0000000008000170                TIM1_TRG_COM_Handler
                0x0000000008000170                OTG_FS_WKUP_Handler
                0x0000000008000170                TAMPER_Handler
 .text          0x0000000008000178       0x24 main.o
                0x0000000008000178                main
                0x0000000008000182                initialize
                0x0000000008000190                TIM1_UP_Handler
 .text          0x000000000800019c       0x26 bluepill.o
                0x000000000800019c                enablePeripheral
                0x00000000080001b0                enableIRQ
 .text          0x00000000080001c2        0xc jlx12864g.o
                0x00000000080001c2                lcdInit
 *(.rodata)
                0x00000000080001d0                . = ALIGN (0x4)
 *fill*         0x00000000080001ce        0x2 
                0x00000000080001d0                _end_of_text = .

.glue_7         0x00000000080001d0        0x0
 .glue_7        0x00000000080001d0        0x0 linker stubs

.glue_7t        0x00000000080001d0        0x0
 .glue_7t       0x00000000080001d0        0x0 linker stubs

.vfp11_veneer   0x00000000080001d0        0x0
 .vfp11_veneer  0x00000000080001d0        0x0 linker stubs

.v4_bx          0x00000000080001d0        0x0
 .v4_bx         0x00000000080001d0        0x0 linker stubs

.iplt           0x00000000080001d0        0x0
 .iplt          0x00000000080001d0        0x0 stm32_startup.o

.rel.dyn        0x00000000080001d0        0x0
 .rel.iplt      0x00000000080001d0        0x0 stm32_startup.o

.stack          0x0000000020000000      0x400
                0x0000000020000400                . = (. + 0x400)
 *fill*         0x0000000020000000      0x400 
                0x00000000080001d0                _DataLoad = LOADADDR (.data)

.data           0x0000000020000400      0x10c load address 0x00000000080001d0
                0x0000000020000400                _start_of_data = .
 *(.data)
 .data          0x0000000020000400        0x0 stm32_startup.o
 .data          0x0000000020000400        0x8 main.o
                0x0000000020000400                timerPrescaler
                0x0000000020000402                timerValue
                0x0000000020000404                repeatCounterValue
 .data          0x0000000020000408      0x104 bluepill.o
                0x0000000020000408                NVIC_ISER0
                0x000000002000040c                NVIC_ISER1
                0x0000000020000410                RCC_APB2ENR
                0x0000000020000414                GPIOA_CRL
                0x0000000020000418                GPIOA_CRH
                0x000000002000041c                GPIOA_IDR
                0x0000000020000420                GPIOA_ORD
                0x0000000020000424                GPIOA_BSRR
                0x0000000020000428                GPIOA_BRR
                0x000000002000042c                GPIOA_LCKR
                0x0000000020000430                GPIOB_CRL
                0x0000000020000434                GPIOB_CRH
                0x0000000020000438                GPIOB_IDR
                0x000000002000043c                GPIOB_ORD
                0x0000000020000440                GPIOB_BSRR
                0x0000000020000444                GPIOB_BRR
                0x0000000020000448                GPIOB_LCKR
                0x000000002000044c                GPIOC_CRL
                0x0000000020000450                GPIOC_CRH
                0x0000000020000454                GPIOC_IDR
                0x0000000020000458                GPIOC_ORD
                0x000000002000045c                GPIOC_BSRR
                0x0000000020000460                GPIOC_BRR
                0x0000000020000464                GPIOC_LCKR
                0x0000000020000468                GPIOD_CRL
                0x000000002000046c                GPIOD_CRH
                0x0000000020000470                GPIOD_IDR
                0x0000000020000474                GPIOD_ORD
                0x0000000020000478                GPIOD_BSRR
                0x000000002000047c                GPIOD_BRR
                0x0000000020000480                GPIOD_LCKR
                0x0000000020000484                GPIOE_CRL
                0x0000000020000488                GPIOE_CRH
                0x000000002000048c                GPIOE_IDR
                0x0000000020000490                GPIOE_ORD
                0x0000000020000494                GPIOE_BSRR
                0x0000000020000498                GPIOE_BRR
                0x000000002000049c                GPIOE_LCKR
                0x00000000200004a0                TIM1_CR1
                0x00000000200004a4                TIM1_CR2
                0x00000000200004a8                TIM1_SMCR
                0x00000000200004ac                TIM1_DIER
                0x00000000200004b0                TIM1_SR
                0x00000000200004b4                TIM1_EGR
                0x00000000200004b8                TIM1_CCMR1
                0x00000000200004bc                TIM1_CCMR2
                0x00000000200004c0                TIM1_CCER
                0x00000000200004c4                TIM1_CNT
                0x00000000200004c8                TIM1_PSC
                0x00000000200004cc                TIM1_ARR
                0x00000000200004d0                TIM1_RCR
                0x00000000200004d4                TIM1_CCR1
                0x00000000200004d8                TIM1_CCR2
                0x00000000200004dc                TIM1_CCR3
                0x00000000200004e0                TIM1_CCR4
                0x00000000200004e4                TIM1_BDTR
                0x00000000200004e8                TIM1_DCR
                0x00000000200004ec                TIM1_DMAR
                0x00000000200004f0                SPI_CR1
                0x00000000200004f4                SPI_CR2
                0x00000000200004f8                SPI_SR
                0x00000000200004fc                SPI_DR
                0x0000000020000500                SPI_CRCP
                0x0000000020000504                SPI_RXCRCR
                0x0000000020000508                SPI_TXCRCR
 .data          0x000000002000050c        0x0 jlx12864g.o
                0x000000002000050c                . = ALIGN (0x4)
                0x000000002000050c                _end_of_data = .

.igot.plt       0x000000002000050c        0x0 load address 0x00000000080002dc
 .igot.plt      0x000000002000050c        0x0 stm32_startup.o

.bss            0x000000002000050c        0x0 load address 0x00000000080002dc
                0x000000002000050c                _start_of_bss = .
 *(.bss)
 .bss           0x000000002000050c        0x0 stm32_startup.o
 .bss           0x000000002000050c        0x0 main.o
 .bss           0x000000002000050c        0x0 bluepill.o
 .bss           0x000000002000050c        0x0 jlx12864g.o
 *(.COMMON)
                0x000000002000050c                . = ALIGN (0x4)
                0x000000002000050c                _end_of_bss = .
 COMMON         0x000000002000050c        0x0 main.o
OUTPUT(final.elf elf32-littlearm)
LOAD linker stubs

.comment        0x0000000000000000       0x4c
 .comment       0x0000000000000000       0x4c stm32_startup.o
                                         0x4d (size before relaxing)
 .comment       0x000000000000004c       0x4d main.o
 .comment       0x000000000000004c       0x4d bluepill.o
 .comment       0x000000000000004c       0x4d jlx12864g.o

.ARM.attributes
                0x0000000000000000       0x2d
 .ARM.attributes
                0x0000000000000000       0x2d stm32_startup.o
 .ARM.attributes
                0x000000000000002d       0x2d main.o
 .ARM.attributes
                0x000000000000005a       0x2d bluepill.o
 .ARM.attributes
                0x0000000000000087       0x2d jlx12864g.o
