Archive member included to satisfy reference by file (symbol)

../../lib/include/libstm32f103c8t6.a(spi.o)
                              main.o (SPI1_CR1)
../../lib/include/libstm32f103c8t6.a(gpio.o)
                              main.o (GPIOA_CRL)
../../lib/include/libstm32f103c8t6.a(flash.o)
                              main.o (FLASH_ACR)
../../lib/include/libstm32f103c8t6.a(delay.o)
                              main.o (SYS_CLK)
../../lib/include/libstm32f103c8t6.a(jlx12864g-086.o)
                              main.o (setCursor)
../../lib/include/libstm32f103c8t6.a(systick.o)
                              main.o (SYST_CSR)
../../lib/include/libstm32f103c8t6.a(rcc.o)
                              main.o (RCC_CR)

Memory Configuration

Name             Origin             Length             Attributes
FLASH            0x0000000008000000 0x0000000000020000 xr
SRAM             0x0000000020000000 0x0000000000005000 xrw
*default*        0x0000000000000000 0xffffffffffffffff

Linker script and memory map

LOAD stm32_startup.o
LOAD main.o
LOAD ../../lib/include/libstm32f103c8t6.a

.text           0x0000000008000000     0x25b0
 *(.vector_table)
 .vector_table  0x0000000008000000       0xec stm32_startup.o
                0x0000000008000000                vectors
 *(.text)
 .text          0x00000000080000ec       0x8c stm32_startup.o
                0x00000000080000ec                Reset_Handler
                0x0000000008000170                FLASH_Handler
                0x0000000008000170                SVCall_Handler
                0x0000000008000170                HardFault_Handler
                0x0000000008000170                SysTick_Handler
                0x0000000008000170                USART3_Handler
                0x0000000008000170                PendSV_Handler
                0x0000000008000170                NMI_Handler
                0x0000000008000170                DMA_Channel5_Handler
                0x0000000008000170                CAN1_RX1_Handler
                0x0000000008000170                DMA_Channel6_Handler
                0x0000000008000170                EXTI15_10_Handler
                0x0000000008000170                DMA_Channel7_Handler
                0x0000000008000170                I2C1_EV_Handler
                0x0000000008000170                ADC1_2_Handler
                0x0000000008000170                WWDG_Handler
                0x0000000008000170                EXTI4_Handler
                0x0000000008000170                I2C1_ER_Handler
                0x0000000008000170                RTC_Handler
                0x0000000008000170                UsageFault_Handler
                0x0000000008000170                CAN1_RX0_Handler
                0x0000000008000170                TIM1_CC_Handler
                0x0000000008000170                I2C2_ER_Handler
                0x0000000008000170                DMA_Channel3_Handler
                0x0000000008000170                CAN1_SCE_Handler
                0x0000000008000170                TIM1_BRK_Handler
                0x0000000008000170                EXTI1_Handler
                0x0000000008000170                EXTI3_Handler
                0x0000000008000170                EXTI2_Handler
                0x0000000008000170                EXTI9_5_Handler
                0x0000000008000170                TIM2_Handler
                0x0000000008000170                USART1_Handler
                0x0000000008000170                TIM3_Handler
                0x0000000008000170                Default_Handler
                0x0000000008000170                DMA_Channel1_Handler
                0x0000000008000170                DMA_Channel2_Handler
                0x0000000008000170                TIM4_Handler
                0x0000000008000170                SPI2_Handler
                0x0000000008000170                MemManage_Handler
                0x0000000008000170                EXTI0_Handler
                0x0000000008000170                TIM1_UP_Handler
                0x0000000008000170                USART2_Handler
                0x0000000008000170                SPI1_Handler
                0x0000000008000170                DMA_Channel4_Handler
                0x0000000008000170                I2C2_EV_Handler
                0x0000000008000170                Debug_Monitor_Handler
                0x0000000008000170                RCC_Handler
                0x0000000008000170                PVD_Handler
                0x0000000008000170                CAN1_TX_Handler
                0x0000000008000170                BusFault_Handler
                0x0000000008000170                RTCAlarm_Handler
                0x0000000008000170                TIM1_TRG_COM_Handler
                0x0000000008000170                OTG_FS_WKUP_Handler
                0x0000000008000170                TAMPER_Handler
 .text          0x0000000008000178       0xc4 main.o
                0x0000000008000178                main
                0x0000000008000194                initialize
                0x00000000080001ca                configureSystemClock
 .text          0x000000000800023c     0x139c ../../lib/include/libstm32f103c8t6.a(spi.o)
                0x000000000800023c                enableSpiClk
                0x000000000800024a                enableSPI
                0x000000000800028c                disableSPI
                0x0000000008000318                spiTransfer
                0x0000000008000394                setBIDIMODE
                0x000000000800040c                setBIDIOE
                0x0000000008000484                setCRCEN
                0x00000000080004fc                setCRCNEXT
                0x0000000008000574                setDFF
                0x00000000080005ec                setRXONLY
                0x0000000008000664                setSSM
                0x00000000080006dc                setSSI
                0x0000000008000754                setLSBFIRST
                0x00000000080007cc                setBR
                0x0000000008000814                setMSTR
                0x000000000800088c                setCPOL
                0x0000000008000904                setCPHA
                0x000000000800097c                getBIBIMODE
                0x00000000080009c8                getBIBIOE
                0x0000000008000a14                getCRCEN
                0x0000000008000a60                getDFF
                0x0000000008000aac                getCRCNEXT
                0x0000000008000af8                getRXONLY
                0x0000000008000b44                getSSM
                0x0000000008000b90                getSSI
                0x0000000008000bdc                getLSBFIRST
                0x0000000008000c28                getSPE
                0x0000000008000c74                getBR
                0x0000000008000cc0                getMSTR
                0x0000000008000d0c                getCPOL
                0x0000000008000d58                getCPHA
                0x0000000008000da4                setTXEIE
                0x0000000008000e20                setRXNEIE
                0x0000000008000e9c                setERRIE
                0x0000000008000f18                setSSOE
                0x0000000008000f94                setTXDMAEN
                0x0000000008001010                setRXDMAEN
                0x000000000800108c                getTXEIE
                0x00000000080010d8                getRXNEIE
                0x0000000008001124                getERRIE
                0x0000000008001170                getSSOE
                0x00000000080011bc                getTXDMAEN
                0x0000000008001208                getRXDMAEN
                0x0000000008001254                clearCRCERR
                0x0000000008001298                getBSY
                0x00000000080012e4                getOVR
                0x0000000008001330                getMODF
                0x000000000800137c                getCRCERR
                0x00000000080013c8                getUDR
                0x0000000008001414                getCHSIDE
                0x0000000008001460                getTXE
                0x00000000080014ac                getRXNE
                0x00000000080014f8                readSPICRCPR
                0x0000000008001530                writeSPICRCPR
                0x0000000008001568                readSPIRXCRCR
                0x00000000080015a0                readSPITXCRCR
 .text          0x00000000080015d8      0x4c4 ../../lib/include/libstm32f103c8t6.a(gpio.o)
                0x00000000080015d8                configurePortPin
                0x0000000008001854                pinState
                0x00000000080019d0                toggle
 .text          0x0000000008001a9c       0x8c ../../lib/include/libstm32f103c8t6.a(flash.o)
                0x0000000008001a9c                getPRFTBS
                0x0000000008001ac0                setPRFTB
                0x0000000008001b00                setWaitStates
 .text          0x0000000008001b28       0xd0 ../../lib/include/libstm32f103c8t6.a(delay.o)
                0x0000000008001b28                delays_init
                0x0000000008001b54                wait
                0x0000000008001b88                delay_ms
                0x0000000008001bc4                delay_us
 .text          0x0000000008001bf8      0x4a8 ../../lib/include/libstm32f103c8t6.a(jlx12864g-086.o)
                0x0000000008001c60                println
                0x0000000008001cd4                lcdInit
                0x0000000008001ee8                clearScreen
                0x0000000008001f50                sendCMD
                0x0000000008001fbc                sendData
                0x0000000008002028                setDisplayState
                0x0000000008002042                setCursor
 .text          0x00000000080020a0      0x188 ../../lib/include/libstm32f103c8t6.a(systick.o)
                0x00000000080020a0                isCountZero
                0x00000000080020c4                setCockSource
                0x0000000008002104                enableSystickTimer
                0x0000000008002124                disableSystickTimer
                0x0000000008002144                enableException
                0x0000000008002164                disableException
                0x0000000008002184                isTimerEnabled
                0x00000000080021a8                isExcetionEnabled
                0x00000000080021cc                setReloadValue
                0x00000000080021f0                getCurrentValue
                0x0000000008002208                setCurrentValue
 .text          0x0000000008002228      0x384 ../../lib/include/libstm32f103c8t6.a(rcc.o)
                0x0000000008002228                enablePeripheralClock
                0x0000000008002294                isHSIRDY
                0x00000000080022b8                enableHSE
                0x00000000080022d8                disableHSE
                0x00000000080022f8                enableHSI
                0x0000000008002318                disableHSI
                0x0000000008002338                isHSERDY
                0x000000000800235c                enableCSS
                0x000000000800237c                disableCSS
                0x000000000800239c                enablePLL
                0x00000000080023bc                disablePLL
                0x00000000080023dc                isPLLRDY
                0x0000000008002400                setSW
                0x0000000008002428                getSWS
                0x000000000800244c                setAHB_PSC
                0x0000000008002474                setAPB1_PSC
                0x000000000800249c                setPLLSRC
                0x00000000080024bc                clearPLLSRC
                0x00000000080024dc                setAPB2_PSC
                0x0000000008002504                setPLLXTPRE
                0x0000000008002524                clearPLLXTPRE
                0x0000000008002544                setPLLMULL
                0x000000000800256c                setUSBPRE
 *(.rodata)
 .rodata        0x00000000080025ac        0x2 main.o
                0x00000000080025b0                . = ALIGN (0x4)
 *fill*         0x00000000080025ae        0x2 
                0x00000000080025b0                _end_of_text = .

.glue_7         0x00000000080025b0        0x0
 .glue_7        0x00000000080025b0        0x0 linker stubs

.glue_7t        0x00000000080025b0        0x0
 .glue_7t       0x00000000080025b0        0x0 linker stubs

.vfp11_veneer   0x00000000080025b0        0x0
 .vfp11_veneer  0x00000000080025b0        0x0 linker stubs

.v4_bx          0x00000000080025b0        0x0
 .v4_bx         0x00000000080025b0        0x0 linker stubs

.iplt           0x00000000080025b0        0x0
 .iplt          0x00000000080025b0        0x0 stm32_startup.o

.rel.dyn        0x00000000080025b0        0x0
 .rel.iplt      0x00000000080025b0        0x0 stm32_startup.o

.ascii          0x00000000080025b0      0x448
 *(.text)
                0x00000000080025b0                . = ALIGN (0x4)
 .ascii         0x00000000080025b0      0x448 ../../lib/include/libstm32f103c8t6.a(jlx12864g-086.o)

.stack          0x0000000020000000      0x400
                0x0000000020000400                . = (. + 0x400)
 *fill*         0x0000000020000000      0x400 
                0x0000000020000400                _STACK_END = .
                0x00000000080029f8                _DataLoad = LOADADDR (.data)

.data           0x0000000020000400       0xec load address 0x00000000080029f8
                0x0000000020000400                _start_of_data = .
 *(.data)
 .data          0x0000000020000400        0x0 stm32_startup.o
 .data          0x0000000020000400        0x1 main.o
                0x0000000020000400                A
 *fill*         0x0000000020000401        0x3 
 .data          0x0000000020000404       0x38 ../../lib/include/libstm32f103c8t6.a(spi.o)
                0x0000000020000404                SPI1_CR1
                0x0000000020000408                SPI1_CR2
                0x000000002000040c                SPI1_SR
                0x0000000020000410                SPI1_DR
                0x0000000020000414                SPI1_CRCPR
                0x0000000020000418                SPI1_RXCRCR
                0x000000002000041c                SPI1_TXCRCR
                0x0000000020000420                SPI2_CR1
                0x0000000020000424                SPI2_CR2
                0x0000000020000428                SPI2_SR
                0x000000002000042c                SPI2_DR
                0x0000000020000430                SPI2_CRCPR
                0x0000000020000434                SPI2_RXCRCR
                0x0000000020000438                SPI2_TXCRCR
 .data          0x000000002000043c       0x8c ../../lib/include/libstm32f103c8t6.a(gpio.o)
                0x000000002000043c                GPIOA_CRL
                0x0000000020000440                GPIOA_CRH
                0x0000000020000444                GPIOA_IDR
                0x0000000020000448                GPIOA_ORD
                0x000000002000044c                GPIOA_BSRR
                0x0000000020000450                GPIOA_BRR
                0x0000000020000454                GPIOA_LCKR
                0x0000000020000458                GPIOB_CRL
                0x000000002000045c                GPIOB_CRH
                0x0000000020000460                GPIOB_IDR
                0x0000000020000464                GPIOB_ORD
                0x0000000020000468                GPIOB_BSRR
                0x000000002000046c                GPIOB_BRR
                0x0000000020000470                GPIOB_LCKR
                0x0000000020000474                GPIOC_CRL
                0x0000000020000478                GPIOC_CRH
                0x000000002000047c                GPIOC_IDR
                0x0000000020000480                GPIOC_ORD
                0x0000000020000484                GPIOC_BSRR
                0x0000000020000488                GPIOC_BRR
                0x000000002000048c                GPIOC_LCKR
                0x0000000020000490                GPIOD_CRL
                0x0000000020000494                GPIOD_CRH
                0x0000000020000498                GPIOD_IDR
                0x000000002000049c                GPIOD_ORD
                0x00000000200004a0                GPIOD_BSRR
                0x00000000200004a4                GPIOD_BRR
                0x00000000200004a8                GPIOD_LCKR
                0x00000000200004ac                GPIOE_CRL
                0x00000000200004b0                GPIOE_CRH
                0x00000000200004b4                GPIOE_IDR
                0x00000000200004b8                GPIOE_ORD
                0x00000000200004bc                GPIOE_BSRR
                0x00000000200004c0                GPIOE_BRR
                0x00000000200004c4                GPIOE_LCKR
 .data          0x00000000200004c8        0x4 ../../lib/include/libstm32f103c8t6.a(flash.o)
                0x00000000200004c8                FLASH_ACR
 .data          0x00000000200004cc        0x4 ../../lib/include/libstm32f103c8t6.a(delay.o)
                0x00000000200004cc                SYS_CLK
 .data          0x00000000200004d0        0x0 ../../lib/include/libstm32f103c8t6.a(jlx12864g-086.o)
 .data          0x00000000200004d0        0xc ../../lib/include/libstm32f103c8t6.a(systick.o)
                0x00000000200004d0                SYST_CSR
                0x00000000200004d4                SYST_RVR
                0x00000000200004d8                SYST_CVR
 .data          0x00000000200004dc       0x10 ../../lib/include/libstm32f103c8t6.a(rcc.o)
                0x00000000200004dc                RCC_CR
                0x00000000200004e0                RCC_CFGR
                0x00000000200004e4                RCC_APB2ENR
                0x00000000200004e8                RCC_APB1ENR
                0x00000000200004ec                . = ALIGN (0x4)
                0x00000000200004ec                _end_of_data = .

.igot.plt       0x00000000200004ec        0x0 load address 0x0000000008002ae4
 .igot.plt      0x00000000200004ec        0x0 stm32_startup.o

.bss            0x00000000200004ec       0x2c load address 0x0000000008002ae4
                0x00000000200004ec                _start_of_bss = .
 *(.bss)
 .bss           0x00000000200004ec        0x0 stm32_startup.o
 .bss           0x00000000200004ec        0x0 main.o
 .bss           0x00000000200004ec        0x0 ../../lib/include/libstm32f103c8t6.a(spi.o)
 .bss           0x00000000200004ec        0x0 ../../lib/include/libstm32f103c8t6.a(gpio.o)
 .bss           0x00000000200004ec        0x0 ../../lib/include/libstm32f103c8t6.a(flash.o)
 .bss           0x00000000200004ec        0x0 ../../lib/include/libstm32f103c8t6.a(delay.o)
 .bss           0x00000000200004ec       0x2c ../../lib/include/libstm32f103c8t6.a(jlx12864g-086.o)
                0x00000000200004ec                SPI
                0x00000000200004f0                PORT
                0x00000000200004f4                MOSI
                0x00000000200004f8                SCK
                0x00000000200004fc                NSS
                0x0000000020000500                RS
                0x0000000020000504                RST
                0x0000000020000508                LEDA
                0x000000002000050c                CLK
                0x0000000020000510                ROW
                0x0000000020000514                COL
 .bss           0x0000000020000518        0x0 ../../lib/include/libstm32f103c8t6.a(systick.o)
 .bss           0x0000000020000518        0x0 ../../lib/include/libstm32f103c8t6.a(rcc.o)
 *(.COMMON)
                0x0000000020000518                . = ALIGN (0x4)
                0x0000000020000518                _end_of_bss = .
 COMMON         0x0000000020000518        0x0 main.o
OUTPUT(final.elf elf32-littlearm)
LOAD linker stubs

.comment        0x0000000000000000       0x59
 .comment       0x0000000000000000       0x59 stm32_startup.o
                                         0x5a (size before relaxing)
 .comment       0x0000000000000059       0x5a main.o
 .comment       0x0000000000000059       0x5a ../../lib/include/libstm32f103c8t6.a(spi.o)
 .comment       0x0000000000000059       0x5a ../../lib/include/libstm32f103c8t6.a(gpio.o)
 .comment       0x0000000000000059       0x5a ../../lib/include/libstm32f103c8t6.a(flash.o)
 .comment       0x0000000000000059       0x5a ../../lib/include/libstm32f103c8t6.a(delay.o)
 .comment       0x0000000000000059       0x5a ../../lib/include/libstm32f103c8t6.a(jlx12864g-086.o)
 .comment       0x0000000000000059       0x5a ../../lib/include/libstm32f103c8t6.a(systick.o)
 .comment       0x0000000000000059       0x5a ../../lib/include/libstm32f103c8t6.a(rcc.o)

.ARM.attributes
                0x0000000000000000       0x2d
 .ARM.attributes
                0x0000000000000000       0x2d stm32_startup.o
 .ARM.attributes
                0x000000000000002d       0x2d main.o
 .ARM.attributes
                0x000000000000005a       0x2d ../../lib/include/libstm32f103c8t6.a(spi.o)
 .ARM.attributes
                0x0000000000000087       0x2d ../../lib/include/libstm32f103c8t6.a(gpio.o)
 .ARM.attributes
                0x00000000000000b4       0x2d ../../lib/include/libstm32f103c8t6.a(flash.o)
 .ARM.attributes
                0x00000000000000e1       0x2d ../../lib/include/libstm32f103c8t6.a(delay.o)
 .ARM.attributes
                0x000000000000010e       0x2d ../../lib/include/libstm32f103c8t6.a(jlx12864g-086.o)
 .ARM.attributes
                0x000000000000013b       0x2d ../../lib/include/libstm32f103c8t6.a(systick.o)
 .ARM.attributes
                0x0000000000000168       0x2d ../../lib/include/libstm32f103c8t6.a(rcc.o)
