Archive member included to satisfy reference by file (symbol)

/usr/lib/gcc/arm-none-eabi/9.2.1/../../../arm-none-eabi/lib/thumb/v7-m/nofp/libg_nano.a(lib_a-atexit.o)
                              /usr/lib/gcc/arm-none-eabi/9.2.1/../../../arm-none-eabi/lib/thumb/v7-m/nofp/crt0.o (atexit)
/usr/lib/gcc/arm-none-eabi/9.2.1/../../../arm-none-eabi/lib/thumb/v7-m/nofp/libg_nano.a(lib_a-exit.o)
                              /usr/lib/gcc/arm-none-eabi/9.2.1/../../../arm-none-eabi/lib/thumb/v7-m/nofp/crt0.o (exit)
/usr/lib/gcc/arm-none-eabi/9.2.1/../../../arm-none-eabi/lib/thumb/v7-m/nofp/libg_nano.a(lib_a-fini.o)
                              /usr/lib/gcc/arm-none-eabi/9.2.1/../../../arm-none-eabi/lib/thumb/v7-m/nofp/crt0.o (__libc_fini_array)
/usr/lib/gcc/arm-none-eabi/9.2.1/../../../arm-none-eabi/lib/thumb/v7-m/nofp/libg_nano.a(lib_a-impure.o)
                              /usr/lib/gcc/arm-none-eabi/9.2.1/../../../arm-none-eabi/lib/thumb/v7-m/nofp/libg_nano.a(lib_a-exit.o) (_global_impure_ptr)
/usr/lib/gcc/arm-none-eabi/9.2.1/../../../arm-none-eabi/lib/thumb/v7-m/nofp/libg_nano.a(lib_a-init.o)
                              /usr/lib/gcc/arm-none-eabi/9.2.1/../../../arm-none-eabi/lib/thumb/v7-m/nofp/crt0.o (__libc_init_array)
/usr/lib/gcc/arm-none-eabi/9.2.1/../../../arm-none-eabi/lib/thumb/v7-m/nofp/libg_nano.a(lib_a-memset.o)
                              /usr/lib/gcc/arm-none-eabi/9.2.1/../../../arm-none-eabi/lib/thumb/v7-m/nofp/crt0.o (memset)
/usr/lib/gcc/arm-none-eabi/9.2.1/../../../arm-none-eabi/lib/thumb/v7-m/nofp/libg_nano.a(lib_a-printf.o)
                              main.o (printf)
/usr/lib/gcc/arm-none-eabi/9.2.1/../../../arm-none-eabi/lib/thumb/v7-m/nofp/libg_nano.a(lib_a-__atexit.o)
                              /usr/lib/gcc/arm-none-eabi/9.2.1/../../../arm-none-eabi/lib/thumb/v7-m/nofp/libg_nano.a(lib_a-atexit.o) (__register_exitproc)
/usr/lib/gcc/arm-none-eabi/9.2.1/../../../arm-none-eabi/lib/thumb/v7-m/nofp/libg_nano.a(lib_a-__call_atexit.o)
                              /usr/lib/gcc/arm-none-eabi/9.2.1/../../../arm-none-eabi/lib/thumb/v7-m/nofp/libg_nano.a(lib_a-__atexit.o) (__call_exitprocs)
/usr/lib/gcc/arm-none-eabi/9.2.1/../../../arm-none-eabi/lib/thumb/v7-m/nofp/libg_nano.a(lib_a-findfp.o)
                              /usr/lib/gcc/arm-none-eabi/9.2.1/../../../arm-none-eabi/lib/thumb/v7-m/nofp/libg_nano.a(lib_a-printf.o) (__sinit)
/usr/lib/gcc/arm-none-eabi/9.2.1/../../../arm-none-eabi/lib/thumb/v7-m/nofp/libg_nano.a(lib_a-fwalk.o)
                              /usr/lib/gcc/arm-none-eabi/9.2.1/../../../arm-none-eabi/lib/thumb/v7-m/nofp/libg_nano.a(lib_a-findfp.o) (_fwalk)
/usr/lib/gcc/arm-none-eabi/9.2.1/../../../arm-none-eabi/lib/thumb/v7-m/nofp/libg_nano.a(lib_a-nano-mallocr.o)
                              /usr/lib/gcc/arm-none-eabi/9.2.1/../../../arm-none-eabi/lib/thumb/v7-m/nofp/libg_nano.a(lib_a-findfp.o) (_malloc_r)
/usr/lib/gcc/arm-none-eabi/9.2.1/../../../arm-none-eabi/lib/thumb/v7-m/nofp/libg_nano.a(lib_a-nano-vfprintf.o)
                              /usr/lib/gcc/arm-none-eabi/9.2.1/../../../arm-none-eabi/lib/thumb/v7-m/nofp/libg_nano.a(lib_a-printf.o) (_vfprintf_r)
/usr/lib/gcc/arm-none-eabi/9.2.1/../../../arm-none-eabi/lib/thumb/v7-m/nofp/libg_nano.a(lib_a-nano-vfprintf_i.o)
                              /usr/lib/gcc/arm-none-eabi/9.2.1/../../../arm-none-eabi/lib/thumb/v7-m/nofp/libg_nano.a(lib_a-nano-vfprintf.o) (_printf_i)
/usr/lib/gcc/arm-none-eabi/9.2.1/../../../arm-none-eabi/lib/thumb/v7-m/nofp/libg_nano.a(lib_a-sbrkr.o)
                              /usr/lib/gcc/arm-none-eabi/9.2.1/../../../arm-none-eabi/lib/thumb/v7-m/nofp/libg_nano.a(lib_a-nano-mallocr.o) (_sbrk_r)
/usr/lib/gcc/arm-none-eabi/9.2.1/../../../arm-none-eabi/lib/thumb/v7-m/nofp/libg_nano.a(lib_a-stdio.o)
                              /usr/lib/gcc/arm-none-eabi/9.2.1/../../../arm-none-eabi/lib/thumb/v7-m/nofp/libg_nano.a(lib_a-findfp.o) (__sread)
/usr/lib/gcc/arm-none-eabi/9.2.1/../../../arm-none-eabi/lib/thumb/v7-m/nofp/libg_nano.a(lib_a-wbuf.o)
                              /usr/lib/gcc/arm-none-eabi/9.2.1/../../../arm-none-eabi/lib/thumb/v7-m/nofp/libg_nano.a(lib_a-nano-vfprintf.o) (__swbuf_r)
/usr/lib/gcc/arm-none-eabi/9.2.1/../../../arm-none-eabi/lib/thumb/v7-m/nofp/libg_nano.a(lib_a-writer.o)
                              /usr/lib/gcc/arm-none-eabi/9.2.1/../../../arm-none-eabi/lib/thumb/v7-m/nofp/libg_nano.a(lib_a-stdio.o) (_write_r)
/usr/lib/gcc/arm-none-eabi/9.2.1/../../../arm-none-eabi/lib/thumb/v7-m/nofp/libg_nano.a(lib_a-wsetup.o)
                              /usr/lib/gcc/arm-none-eabi/9.2.1/../../../arm-none-eabi/lib/thumb/v7-m/nofp/libg_nano.a(lib_a-nano-vfprintf.o) (__swsetup_r)
/usr/lib/gcc/arm-none-eabi/9.2.1/../../../arm-none-eabi/lib/thumb/v7-m/nofp/libg_nano.a(lib_a-closer.o)
                              /usr/lib/gcc/arm-none-eabi/9.2.1/../../../arm-none-eabi/lib/thumb/v7-m/nofp/libg_nano.a(lib_a-stdio.o) (_close_r)
[...]
Memory Configuration

Name             Origin             Length             Attributes
FLASH            0x0000000008000000 0x0000000000020000 xr
RAM              0x0000000020000000 0x0000000000005000 xrw
MEMORY_B1        0x0000000060000000 0x0000000000000000 xr
*default*        0x0000000000000000 0xffffffffffffffff

Linker script and memory map

LOAD /usr/lib/gcc/arm-none-eabi/9.2.1/thumb/v7-m/nofp/crti.o
LOAD /usr/lib/gcc/arm-none-eabi/9.2.1/thumb/v7-m/nofp/crtbegin.o
LOAD /usr/lib/gcc/arm-none-eabi/9.2.1/../../../arm-none-eabi/lib/thumb/v7-m/nofp/crt0.o
LOAD stm32f10x_i2c.o
LOAD stm32f10x_exti.o
LOAD stm32f10x_tim.o
LOAD stm32f10x_rcc.o
LOAD stm32f10x_flash.o
LOAD stm32f10x_rtc.o
LOAD stm32f10x_usart.o
LOAD stm32f10x_it.o
LOAD misc.o
LOAD main.o
LOAD system_stm32f10x.o
LOAD stm32f10x_spi.o
LOAD stm32f10x_gpio.o
LOAD startup_stm32f10x_md.o
START GROUP
LOAD /usr/lib/gcc/arm-none-eabi/9.2.1/thumb/v7-m/nofp/libgcc.a
LOAD /usr/lib/gcc/arm-none-eabi/9.2.1/../../../arm-none-eabi/lib/thumb/v7-m/nofp/libg_nano.a
LOAD /usr/lib/gcc/arm-none-eabi/9.2.1/../../../arm-none-eabi/lib/thumb/v7-m/nofp/libc_nano.a
END GROUP
START GROUP
LOAD /usr/lib/gcc/arm-none-eabi/9.2.1/thumb/v7-m/nofp/libgcc.a
LOAD /usr/lib/gcc/arm-none-eabi/9.2.1/../../../arm-none-eabi/lib/thumb/v7-m/nofp/libc_nano.a
LOAD /usr/lib/gcc/arm-none-eabi/9.2.1/../../../arm-none-eabi/lib/thumb/v7-m/nofp/libnosys.a
END GROUP
START GROUP
LOAD /usr/lib/gcc/arm-none-eabi/9.2.1/thumb/v7-m/nofp/libgcc.a
LOAD /usr/lib/gcc/arm-none-eabi/9.2.1/../../../arm-none-eabi/lib/thumb/v7-m/nofp/libc_nano.a
LOAD /usr/lib/gcc/arm-none-eabi/9.2.1/../../../arm-none-eabi/lib/thumb/v7-m/nofp/libnosys.a
END GROUP
LOAD /usr/lib/gcc/arm-none-eabi/9.2.1/thumb/v7-m/nofp/crtend.o
LOAD /usr/lib/gcc/arm-none-eabi/9.2.1/thumb/v7-m/nofp/crtn.o
                0x0000000020005000                _estack = 0x20005000
                0x0000000000000000                _Min_Heap_Size = 0x0
                0x0000000000000100                _Min_Stack_Size = 0x100

.isr_vector     0x0000000008000000      0x10c
                0x0000000008000000                . = ALIGN (0x4)
 *(.isr_vector)
 .isr_vector    0x0000000008000000      0x10c startup_stm32f10x_md.o
                0x0000000008000000                g_pfnVectors
                0x000000000800010c                . = ALIGN (0x4)

.text           0x000000000800010c     0x7410
                0x000000000800010c                . = ALIGN (0x4)
 *(.text)
 .text          0x000000000800010c        0x0 /usr/lib/gcc/arm-none-eabi/9.2.1/thumb/v7-m/nofp/crti.o
 .text          0x000000000800010c       0x88 /usr/lib/gcc/arm-none-eabi/9.2.1/thumb/v7-m/nofp/crtbegin.o
 .text          0x0000000008000194       0x70 /usr/lib/gcc/arm-none-eabi/9.2.1/../../../arm-none-eabi/lib/thumb/v7-m/nofp/crt0.o
                0x0000000008000194                _stack_init
                0x000000000800019c                _mainCRTStartup
                0x000000000800019c                _start
 .text          0x0000000008000204      0x92c stm32f10x_i2c.o
                0x0000000008000204                I2C_DeInit
                0x000000000800024c                I2C_Init
                0x00000000080003d0                I2C_StructInit
                0x000000000800040c                I2C_Cmd
                0x000000000800044a                I2C_DMACmd
                0x0000000008000488                I2C_DMALastTransferCmd
                0x00000000080004c6                I2C_GenerateSTART
                0x0000000008000504                I2C_GenerateSTOP
                0x0000000008000542                I2C_AcknowledgeConfig
                0x0000000008000580                I2C_OwnAddress2Config
                0x00000000080005c2                I2C_DualAddressCmd
                0x0000000008000600                I2C_GeneralCallCmd
                0x000000000800063e                I2C_ITConfig
                0x0000000008000684                I2C_SendData
                0x00000000080006a2                I2C_ReceiveData
                0x00000000080006bc                I2C_Send7bitAddress
                0x00000000080006f6                I2C_ReadRegister
                0x0000000008000722                I2C_SoftwareResetCmd
                0x0000000008000764                I2C_NACKPositionConfig
                0x00000000080007a4                I2C_SMBusAlertConfig
                0x00000000080007e4                I2C_TransmitPEC
                0x0000000008000822                I2C_PECPositionConfig
                0x0000000008000862                I2C_CalculatePEC
                0x00000000080008a0                I2C_GetPEC
                0x00000000080008be                I2C_ARPCmd
                0x00000000080008fc                I2C_StretchClockCmd
                0x000000000800093a                I2C_FastModeDutyCycleConfig
                0x000000000800097a                I2C_CheckEvent
                0x00000000080009d8                I2C_GetLastEvent
                0x0000000008000a1a                I2C_GetFlagStatus
                0x0000000008000a7e                I2C_ClearFlag
                0x0000000008000aaa                I2C_GetITStatus
                0x0000000008000b02                I2C_ClearITPendingBit
 .text          0x0000000008000b30      0x218 stm32f10x_exti.o
                0x0000000008000b30                EXTI_DeInit
                0x0000000008000b64                EXTI_Init
                0x0000000008000c48                EXTI_StructInit
                0x0000000008000c72                EXTI_GenerateSWInterrupt
                0x0000000008000c94                EXTI_GetFlagStatus
                0x0000000008000cc8                EXTI_ClearFlag
                0x0000000008000ce4                EXTI_GetITStatus
                0x0000000008000d2c                EXTI_ClearITPendingBit
 .text          0x0000000008000d48     0x1d94 stm32f10x_tim.o
                0x0000000008000d48                TIM_DeInit
                0x0000000008000f74                TIM_TimeBaseInit
                0x000000000800106c                TIM_OC1Init
                0x0000000008001184                TIM_OC2Init
                0x0000000008001294                TIM_OC3Init
                0x00000000080013a0                TIM_OC4Init
                0x0000000008001470                TIM_ICInit
                0x0000000008001518                TIM_PWMIConfig
                0x00000000080015d0                TIM_BDTRConfig
                0x000000000800161e                TIM_TimeBaseStructInit
                0x0000000008001650                TIM_OCStructInit
                0x0000000008001692                TIM_ICStructInit
                0x00000000080016c2                TIM_BDTRStructInit
                0x00000000080016fe                TIM_Cmd
                0x000000000800173c                TIM_CtrlPWMOutputs
                0x0000000008001786                TIM_ITConfig
                0x00000000080017cc                TIM_GenerateEvent
                0x00000000080017e8                TIM_DMAConfig
                0x0000000008001810                TIM_DMACmd
                0x0000000008001856                TIM_InternalClockConfig
                0x0000000008001878                TIM_ITRxExternalClockConfig
                0x00000000080018a6                TIM_TIxExternalClockConfig
                0x0000000008001902                TIM_ETRClockMode1Config
                0x0000000008001960                TIM_ETRClockMode2Config
                0x000000000800199e                TIM_ETRConfig
                0x00000000080019f0                TIM_PrescalerConfig
                0x0000000008001a16                TIM_CounterModeConfig
                0x0000000008001a4c                TIM_SelectInputTrigger
                0x0000000008001a82                TIM_EncoderInterfaceConfig
                0x0000000008001b18                TIM_ForcedOC1Config
                0x0000000008001b4e                TIM_ForcedOC2Config
                0x0000000008001b88                TIM_ForcedOC3Config
                0x0000000008001bbe                TIM_ForcedOC4Config
                0x0000000008001bf8                TIM_ARRPreloadConfig
                0x0000000008001c36                TIM_SelectCOM
                0x0000000008001c74                TIM_SelectCCDMA
                0x0000000008001cb2                TIM_CCPreloadControl
                0x0000000008001cf0                TIM_OC1PreloadConfig
                0x0000000008001d26                TIM_OC2PreloadConfig
                0x0000000008001d60                TIM_OC3PreloadConfig
                0x0000000008001d96                TIM_OC4PreloadConfig
                0x0000000008001dd0                TIM_OC1FastConfig
                0x0000000008001e06                TIM_OC2FastConfig
                0x0000000008001e40                TIM_OC3FastConfig
                0x0000000008001e76                TIM_OC4FastConfig
                0x0000000008001eb0                TIM_ClearOC1Ref
                0x0000000008001ee6                TIM_ClearOC2Ref
                0x0000000008001f20                TIM_ClearOC3Ref
                0x0000000008001f56                TIM_ClearOC4Ref
                0x0000000008001f90                TIM_OC1PolarityConfig
                0x0000000008001fc6                TIM_OC1NPolarityConfig
                0x0000000008001ffc                TIM_OC2PolarityConfig
                0x0000000008002036                TIM_OC2NPolarityConfig
                0x0000000008002070                TIM_OC3PolarityConfig
                0x00000000080020aa                TIM_OC3NPolarityConfig
                0x00000000080020e4                TIM_OC4PolarityConfig
                0x000000000800211e                TIM_CCxCmd
                0x0000000008002172                TIM_CCxNCmd
                0x00000000080021c6                TIM_SelectOCxM
                0x0000000008002276                TIM_UpdateDisableConfig
                0x00000000080022b4                TIM_UpdateRequestConfig
                0x00000000080022f2                TIM_SelectHallSensor
                0x0000000008002330                TIM_SelectOnePulseMode
                0x0000000008002366                TIM_SelectOutputTrigger
                0x000000000800239c                TIM_SelectSlaveMode
                0x00000000080023d2                TIM_SelectMasterSlaveMode
                0x0000000008002408                TIM_SetCounter
                0x0000000008002424                TIM_SetAutoreload
                0x0000000008002440                TIM_SetCompare1
                0x000000000800245c                TIM_SetCompare2
                0x0000000008002478                TIM_SetCompare3
                0x0000000008002494                TIM_SetCompare4
                0x00000000080024b2                TIM_SetIC1Prescaler
                0x00000000080024e8                TIM_SetIC2Prescaler
                0x0000000008002522                TIM_SetIC3Prescaler
                0x0000000008002558                TIM_SetIC4Prescaler
                0x0000000008002592                TIM_SetClockDivision
                0x00000000080025c8                TIM_GetCapture1
                0x00000000080025e0                TIM_GetCapture2
                0x00000000080025f8                TIM_GetCapture3
                0x0000000008002610                TIM_GetCapture4
                0x000000000800262a                TIM_GetCounter
                0x0000000008002642                TIM_GetPrescaler
                0x000000000800265a                TIM_GetFlagStatus
                0x0000000008002690                TIM_ClearFlag
                0x00000000080026b0                TIM_GetITStatus
                0x0000000008002702                TIM_ClearITPendingBit
 .text          0x0000000008002adc      0x7dc stm32f10x_rcc.o
                0x0000000008002adc                RCC_DeInit
                0x0000000008002b38                RCC_HSEConfig
                0x0000000008002b94                RCC_WaitForHSEStartUp
                0x0000000008002be4                RCC_AdjustHSICalibrationValue
                0x0000000008002c20                RCC_HSICmd
                0x0000000008002c40                RCC_PLLConfig
                0x0000000008002c7c                RCC_PLLCmd
                0x0000000008002c9c                RCC_SYSCLKConfig
                0x0000000008002cd4                RCC_GetSYSCLKSource
                0x0000000008002cf0                RCC_HCLKConfig
                0x0000000008002d28                RCC_PCLK1Config
                0x0000000008002d60                RCC_PCLK2Config
                0x0000000008002d98                RCC_ITConfig
                0x0000000008002de4                RCC_USBCLKConfig
                0x0000000008002e00                RCC_ADCCLKConfig
                0x0000000008002e38                RCC_LSEConfig
                0x0000000008002e78                RCC_LSICmd
                0x0000000008002e98                RCC_RTCCLKConfig
                0x0000000008002ebc                RCC_RTCCLKCmd
                0x0000000008002edc                RCC_GetClocksFreq
                0x0000000008003048                RCC_AHBPeriphClockCmd
                0x0000000008003084                RCC_APB2PeriphClockCmd
                0x00000000080030c0                RCC_APB1PeriphClockCmd
                0x00000000080030fc                RCC_APB2PeriphResetCmd
                0x0000000008003138                RCC_APB1PeriphResetCmd
                0x0000000008003174                RCC_BackupResetCmd
                0x0000000008003194                RCC_ClockSecuritySystemCmd
                0x00000000080031b4                RCC_MCOConfig
                0x00000000080031d4                RCC_GetFlagStatus
                0x0000000008003248                RCC_ClearFlag
                0x0000000008003264                RCC_GetITStatus
                0x0000000008003298                RCC_ClearITPendingBit
 .text          0x00000000080032b8      0x954 stm32f10x_flash.o
                0x00000000080032b8                FLASH_SetLatency
                0x00000000080032f0                FLASH_HalfCycleAccessCmd
                0x0000000008003320                FLASH_PrefetchBufferCmd
                0x0000000008003350                FLASH_Unlock
                0x0000000008003374                FLASH_UnlockBank1
                0x0000000008003398                FLASH_Lock
                0x00000000080033b4                FLASH_LockBank1
                0x00000000080033d0                FLASH_ErasePage
                0x0000000008003434                FLASH_EraseAllPages
                0x0000000008003490                FLASH_EraseAllBank1Pages
                0x00000000080034ec                FLASH_EraseOptionBytes
                0x00000000080035c0                FLASH_ProgramWord
                0x0000000008003654                FLASH_ProgramHalfWord
                0x00000000080036b0                FLASH_ProgramOptionByteData
                0x0000000008003728                FLASH_EnableWriteProtection
                0x0000000008003840                FLASH_ReadOutProtection
                0x0000000008003914                FLASH_UserOptionByteConfig
                0x00000000080039a8                FLASH_GetUserOptionByte
                0x00000000080039c0                FLASH_GetWriteProtectionOptionByte
                0x00000000080039d4                FLASH_GetReadOutProtectionStatus
                0x0000000008003a04                FLASH_GetPrefetchBufferStatus
                0x0000000008003a34                FLASH_ITConfig
                0x0000000008003a70                FLASH_GetFlagStatus
                0x0000000008003ac0                FLASH_ClearFlag
                0x0000000008003adc                FLASH_GetStatus
                0x0000000008003b30                FLASH_GetBank1Status
                0x0000000008003b84                FLASH_WaitForLastOperation
                0x0000000008003bc8                FLASH_WaitForLastBank1Operation
 .text          0x0000000008003c0c      0x2bc stm32f10x_rtc.o
                0x0000000008003c0c                RTC_ITConfig
                0x0000000008003c58                RTC_EnterConfigMode
                0x0000000008003c78                RTC_ExitConfigMode
                0x0000000008003c98                RTC_GetCounter
                0x0000000008003cc4                RTC_SetCounter
                0x0000000008003cf4                RTC_SetPrescaler
                0x0000000008003d28                RTC_SetAlarm
                0x0000000008003d58                RTC_GetDivider
                0x0000000008003d90                RTC_WaitForLastTask
                0x0000000008003db4                RTC_WaitForSynchro
                0x0000000008003de8                RTC_GetFlagStatus
                0x0000000008003e20                RTC_ClearFlag
                0x0000000008003e4c                RTC_GetITStatus
                0x0000000008003e9c                RTC_ClearITPendingBit
 .text          0x0000000008003ec8      0x8dc stm32f10x_usart.o
                0x0000000008003ec8                USART_DeInit
                0x0000000008003f80                USART_Init
                0x00000000080040f4                USART_StructInit
                0x000000000800412c                USART_ClockInit
                0x0000000008004182                USART_ClockStructInit
                0x00000000080041ac                USART_Cmd
                0x00000000080041ea                USART_ITConfig
                0x0000000008004278                USART_DMACmd
                0x00000000080042be                USART_SetAddress
                0x00000000080042f6                USART_WakeUpConfig
                0x000000000800432c                USART_ReceiverWakeUpCmd
                0x000000000800436a                USART_LINBreakDetectLengthConfig
                0x00000000080043a0                USART_LINCmd
                0x00000000080043de                USART_SendData
                0x0000000008004400                USART_ReceiveData
                0x000000000800441e                USART_SendBreak
                0x0000000008004440                USART_SetGuardTime
                0x000000000800447a                USART_SetPrescaler
                0x00000000080044b2                USART_SmartCardCmd
                0x00000000080044f0                USART_SmartCardNACKCmd
                0x000000000800452e                USART_HalfDuplexCmd
                0x000000000800456c                USART_OverSampling8Cmd
                0x00000000080045ae                USART_OneBitMethodCmd
                0x00000000080045ec                USART_IrDAConfig
                0x0000000008004622                USART_IrDACmd
                0x0000000008004660                USART_GetFlagStatus
                0x0000000008004696                USART_ClearFlag
                0x00000000080046b6                USART_GetITStatus
                0x000000000800476a                USART_ClearITPendingBit
 .text          0x00000000080047a4       0x54 stm32f10x_it.o
                0x00000000080047a4                NMI_Handler
                0x00000000080047b0                HardFault_Handler
                0x00000000080047b6                MemManage_Handler
                0x00000000080047bc                BusFault_Handler
                0x00000000080047c2                UsageFault_Handler
                0x00000000080047c8                SVC_Handler
                0x00000000080047d4                DebugMon_Handler
                0x00000000080047e0                PendSV_Handler
                0x00000000080047ec                SysTick_Handler
 .text          0x00000000080047f8      0x18c misc.o
                0x00000000080047f8                NVIC_PriorityGroupConfig
                0x000000000800481c                NVIC_Init
                0x00000000080048e0                NVIC_SetVectorTable
                0x000000000800490c                NVIC_SystemLPConfig
                0x000000000800494c                SysTick_CLKSourceConfig
 .text          0x0000000008004984       0x1c main.o
                0x0000000008004984                main
                0x000000000800498e                initialize
 .text          0x00000000080049a0      0x258 system_stm32f10x.o
                0x00000000080049a0                SystemInit
                0x0000000008004a08                SystemCoreClockUpdate
 .text          0x0000000008004bf8      0x6d0 stm32f10x_spi.o
                0x0000000008004bf8                SPI_I2S_DeInit
                0x0000000008004c6c                SPI_Init
                0x0000000008004cf2                I2S_Init
                0x0000000008004e58                SPI_StructInit
                0x0000000008004ea0                I2S_StructInit
                0x0000000008004ed6                SPI_Cmd
                0x0000000008004f14                I2S_Cmd
                0x0000000008004f52                SPI_I2S_ITConfig
                0x0000000008004fb2                SPI_I2S_DMACmd
                0x0000000008004ff8                SPI_I2S_SendData
                0x0000000008005014                SPI_I2S_ReceiveData
                0x000000000800502c                SPI_NSSInternalSoftwareConfig
                0x000000000800506e                SPI_SSOutputCmd
                0x00000000080050ac                SPI_DataSizeConfig
                0x00000000080050e2                SPI_TransmitCRC
                0x0000000008005104                SPI_CalculateCRC
                0x0000000008005142                SPI_GetCRC
                0x0000000008005172                SPI_GetCRCPolynomial
                0x000000000800518a                SPI_BiDirectionalLineConfig
                0x00000000080051ca                SPI_I2S_GetFlagStatus
                0x0000000008005200                SPI_I2S_ClearFlag
                0x0000000008005220                SPI_I2S_GetITStatus
                0x0000000008005294                SPI_I2S_ClearITPendingBit
 .text          0x00000000080052c8      0x5d8 stm32f10x_gpio.o
                0x00000000080052c8                GPIO_DeInit
                0x00000000080053ac                GPIO_AFIODeInit
                0x00000000080053c4                GPIO_Init
                0x000000000800553c                GPIO_StructInit
                0x0000000008005562                GPIO_ReadInputDataBit
                0x0000000008005594                GPIO_ReadInputData
                0x00000000080055ac                GPIO_ReadOutputDataBit
                0x00000000080055de                GPIO_ReadOutputData
                0x00000000080055f6                GPIO_SetBits
                0x0000000008005612                GPIO_ResetBits
                0x000000000800562e                GPIO_WriteBit
                0x000000000800565c                GPIO_Write
                0x0000000008005678                GPIO_PinLockConfig
                0x00000000080056ba                GPIO_EventOutputConfig
                0x0000000008005704                GPIO_EventOutputCmd
                0x0000000008005724                GPIO_PinRemapConfig
                0x0000000008005804                GPIO_EXTILineConfig
                0x0000000008005884                GPIO_ETH_MediaInterfaceConfig
 .text          0x00000000080058a0       0x14 startup_stm32f10x_md.o
 .text          0x00000000080058b4        0xc /usr/lib/gcc/arm-none-eabi/9.2.1/../../../arm-none-eabi/lib/thumb/v7-m/nofp/libg_nano.a(lib_a-atexit.o)
                0x00000000080058b4                atexit
 .text          0x00000000080058c0       0x28 /usr/lib/gcc/arm-none-eabi/9.2.1/../../../arm-none-eabi/lib/thumb/v7-m/nofp/libg_nano.a(lib_a-exit.o)
                0x00000000080058c0                exit
 .text          0x00000000080058e8       0x34 /usr/lib/gcc/arm-none-eabi/9.2.1/../../../arm-none-eabi/lib/thumb/v7-m/nofp/libg_nano.a(lib_a-fini.o)
                0x00000000080058e8                __libc_fini_array
 .text          0x000000000800591c        0x0 /usr/lib/gcc/arm-none-eabi/9.2.1/../../../arm-none-eabi/lib/thumb/v7-m/nofp/libg_nano.a(lib_a-impure.o)
 .text          0x000000000800591c       0x48 /usr/lib/gcc/arm-none-eabi/9.2.1/../../../arm-none-eabi/lib/thumb/v7-m/nofp/libg_nano.a(lib_a-init.o)
                0x000000000800591c                __libc_init_array
 .text          0x0000000008005964       0xa0 /usr/lib/gcc/arm-none-eabi/9.2.1/../../../arm-none-eabi/lib/thumb/v7-m/nofp/libg_nano.a(lib_a-memset.o)
                0x0000000008005964                memset
 .text          0x0000000008005a04       0x68 /usr/lib/gcc/arm-none-eabi/9.2.1/../../../arm-none-eabi/lib/thumb/v7-m/nofp/libg_nano.a(lib_a-printf.o)
                0x0000000008005a04                _printf_r
                0x0000000008005a04                _iprintf_r
                0x0000000008005a34                printf
                0x0000000008005a34                iprintf
 .text          0x0000000008005a6c       0xb0 /usr/lib/gcc/arm-none-eabi/9.2.1/../../../arm-none-eabi/lib/thumb/v7-m/nofp/libg_nano.a(lib_a-__atexit.o)
                0x0000000008005a6c                __register_exitproc
 .text          0x0000000008005b1c       0x9c /usr/lib/gcc/arm-none-eabi/9.2.1/../../../arm-none-eabi/lib/thumb/v7-m/nofp/libg_nano.a(lib_a-__call_atexit.o)
                0x0000000008005b1c                __call_exitprocs
 .text          0x0000000008005bb8      0x210 /usr/lib/gcc/arm-none-eabi/9.2.1/../../../arm-none-eabi/lib/thumb/v7-m/nofp/libg_nano.a(lib_a-findfp.o)
                0x0000000008005bbc                _cleanup_r
                0x0000000008005bcc                __sfmoreglue
                0x0000000008005bfc                __sfp
                0x0000000008005d74                _cleanup
                0x0000000008005d88                __sinit
                0x0000000008005d90                __sfp_lock_acquire
                0x0000000008005d94                __sfp_lock_release
                0x0000000008005d98                __sinit_lock_acquire
                0x0000000008005d9c                __sinit_lock_release
                0x0000000008005da0                __fp_lock_all
                0x0000000008005db4                __fp_unlock_all
 .text          0x0000000008005dc8       0x98 /usr/lib/gcc/arm-none-eabi/9.2.1/../../../arm-none-eabi/lib/thumb/v7-m/nofp/libg_nano.a(lib_a-fwalk.o)
                0x0000000008005dc8                _fwalk
                0x0000000008005e10                _fwalk_reent
 .text          0x0000000008005e60       0xc8 /usr/lib/gcc/arm-none-eabi/9.2.1/../../../arm-none-eabi/lib/thumb/v7-m/nofp/libg_nano.a(lib_a-nano-mallocr.o)
                0x0000000008005e60                _malloc_r
 .text          0x0000000008005f28      0x364 /usr/lib/gcc/arm-none-eabi/9.2.1/../../../arm-none-eabi/lib/thumb/v7-m/nofp/libg_nano.a(lib_a-nano-vfprintf.o)
                0x0000000008005f60                __sfputs_r
                0x0000000008005f90                __sprint_r
                0x0000000008005fac                _vfiprintf_r
                0x0000000008005fac                _vfprintf_r
                0x0000000008006274                vfiprintf
                0x0000000008006274                vfprintf
 .text          0x000000000800628c      0x3bc /usr/lib/gcc/arm-none-eabi/9.2.1/../../../arm-none-eabi/lib/thumb/v7-m/nofp/libg_nano.a(lib_a-nano-vfprintf_i.o)
                0x000000000800628c                _printf_common
                0x00000000080063b4                _printf_i
 .text          0x0000000008006648       0x24 /usr/lib/gcc/arm-none-eabi/9.2.1/../../../arm-none-eabi/lib/thumb/v7-m/nofp/libg_nano.a(lib_a-sbrkr.o)
                0x0000000008006648                _sbrk_r
 .text          0x000000000800666c       0x90 /usr/lib/gcc/arm-none-eabi/9.2.1/../../../arm-none-eabi/lib/thumb/v7-m/nofp/libg_nano.a(lib_a-stdio.o)
                0x000000000800666c                __sread
                0x0000000008006690                __seofread
                0x0000000008006694                __swrite
                0x00000000080066d4                __sseek
                0x00000000080066f4                __sclose
 .text          0x00000000080066fc       0xc0 /usr/lib/gcc/arm-none-eabi/9.2.1/../../../arm-none-eabi/lib/thumb/v7-m/nofp/libg_nano.a(lib_a-wbuf.o)
                0x00000000080066fc                __swbuf_r
                0x00000000080067ac                __swbuf
 .text          0x00000000080067bc       0x2c /usr/lib/gcc/arm-none-eabi/9.2.1/../../../arm-none-eabi/lib/thumb/v7-m/nofp/libg_nano.a(lib_a-writer.o)
                0x00000000080067bc                _write_r
 .text          0x00000000080067e8      0x100 /usr/lib/gcc/arm-none-eabi/9.2.1/../../../arm-none-eabi/lib/thumb/v7-m/nofp/libg_nano.a(lib_a-wsetup.o)
                0x00000000080067e8                __swsetup_r
 .text          0x00000000080068e8       0x24 /usr/lib/gcc/arm-none-eabi/9.2.1/../../../arm-none-eabi/lib/thumb/v7-m/nofp/libg_nano.a(lib_a-closer.o)
                0x00000000080068e8                _close_r
 .text          0x000000000800690c      0x1b0 /usr/lib/gcc/arm-none-eabi/9.2.1/../../../arm-none-eabi/lib/thumb/v7-m/nofp/libg_nano.a(lib_a-fflush.o)
                0x000000000800690c                __sflush_r
                0x0000000008006a38                _fflush_r
                0x0000000008006a98                fflush
 .text          0x0000000008006abc      0x300 /usr/lib/gcc/arm-none-eabi/9.2.1/../../../arm-none-eabi/lib/thumb/v7-m/nofp/libg_nano.a(lib_a-fvwrite.o)
                0x0000000008006abc                __sfvwrite_r
 .text          0x0000000008006dbc       0x2c /usr/lib/gcc/arm-none-eabi/9.2.1/../../../arm-none-eabi/lib/thumb/v7-m/nofp/libg_nano.a(lib_a-lseekr.o)
                0x0000000008006dbc                _lseek_r
 .text          0x0000000008006de8       0xf0 /usr/lib/gcc/arm-none-eabi/9.2.1/../../../arm-none-eabi/lib/thumb/v7-m/nofp/libg_nano.a(lib_a-makebuf.o)
                0x0000000008006de8                __swhatbuf_r
                0x0000000008006e44                __smakebuf_r
 .text          0x0000000008006ed8       0x8c /usr/lib/gcc/arm-none-eabi/9.2.1/../../../arm-none-eabi/lib/thumb/v7-m/nofp/libg_nano.a(lib_a-memchr-stub.o)
                0x0000000008006ed8                memchr
 .text          0x0000000008006f64       0xec /usr/lib/gcc/arm-none-eabi/9.2.1/../../../arm-none-eabi/lib/thumb/v7-m/nofp/libg_nano.a(lib_a-memcpy.o)
                0x0000000008006f64                memcpy
 .text          0x0000000008007050       0xcc /usr/lib/gcc/arm-none-eabi/9.2.1/../../../arm-none-eabi/lib/thumb/v7-m/nofp/libg_nano.a(lib_a-memmove.o)
                0x0000000008007050                memmove
 .text          0x000000000800711c        0x8 /usr/lib/gcc/arm-none-eabi/9.2.1/../../../arm-none-eabi/lib/thumb/v7-m/nofp/libg_nano.a(lib_a-mlock.o)
                0x000000000800711c                __malloc_lock
                0x0000000008007120                __malloc_unlock
 .text          0x0000000008007124       0xa8 /usr/lib/gcc/arm-none-eabi/9.2.1/../../../arm-none-eabi/lib/thumb/v7-m/nofp/libg_nano.a(lib_a-nano-freer.o)
                0x0000000008007124                _free_r
 .text          0x00000000080071cc       0x4c /usr/lib/gcc/arm-none-eabi/9.2.1/../../../arm-none-eabi/lib/thumb/v7-m/nofp/libg_nano.a(lib_a-nano-reallocr.o)
                0x00000000080071cc                _realloc_r
 .text          0x0000000008007218       0x2c /usr/lib/gcc/arm-none-eabi/9.2.1/../../../arm-none-eabi/lib/thumb/v7-m/nofp/libg_nano.a(lib_a-readr.o)
                0x0000000008007218                _read_r
 .text          0x0000000008007244       0xe8 /usr/lib/gcc/arm-none-eabi/9.2.1/../../../arm-none-eabi/lib/thumb/v7-m/nofp/libg_nano.a(lib_a-reent.o)
                0x0000000008007244                cleanup_glue
                0x0000000008007260                _reclaim_reent
 .text          0x000000000800732c       0x28 /usr/lib/gcc/arm-none-eabi/9.2.1/../../../arm-none-eabi/lib/thumb/v7-m/nofp/libg_nano.a(lib_a-fstatr.o)
                0x000000000800732c                _fstat_r
 .text          0x0000000008007354       0x24 /usr/lib/gcc/arm-none-eabi/9.2.1/../../../arm-none-eabi/lib/thumb/v7-m/nofp/libg_nano.a(lib_a-isattyr.o)
                0x0000000008007354                _isatty_r
 .text          0x0000000008007378       0x10 /usr/lib/gcc/arm-none-eabi/9.2.1/../../../arm-none-eabi/lib/thumb/v7-m/nofp/libg_nano.a(lib_a-nano-msizer.o)
                0x0000000008007378                _malloc_usable_size_r
 .text          0x0000000008007388       0x10 /usr/lib/gcc/arm-none-eabi/9.2.1/../../../arm-none-eabi/lib/thumb/v7-m/nofp/libnosys.a(close.o)
                0x0000000008007388                _close
 .text          0x0000000008007398       0x10 /usr/lib/gcc/arm-none-eabi/9.2.1/../../../arm-none-eabi/lib/thumb/v7-m/nofp/libnosys.a(fstat.o)
                0x0000000008007398                _fstat
 .text          0x00000000080073a8       0x10 /usr/lib/gcc/arm-none-eabi/9.2.1/../../../arm-none-eabi/lib/thumb/v7-m/nofp/libnosys.a(isatty.o)
                0x00000000080073a8                _isatty
 .text          0x00000000080073b8       0x10 /usr/lib/gcc/arm-none-eabi/9.2.1/../../../arm-none-eabi/lib/thumb/v7-m/nofp/libnosys.a(lseek.o)
                0x00000000080073b8                _lseek
 .text          0x00000000080073c8       0x10 /usr/lib/gcc/arm-none-eabi/9.2.1/../../../arm-none-eabi/lib/thumb/v7-m/nofp/libnosys.a(read.o)
                0x00000000080073c8                _read
 .text          0x00000000080073d8       0x1c /usr/lib/gcc/arm-none-eabi/9.2.1/../../../arm-none-eabi/lib/thumb/v7-m/nofp/libnosys.a(sbrk.o)
                0x00000000080073d8                _sbrk
 .text          0x00000000080073f4       0x10 /usr/lib/gcc/arm-none-eabi/9.2.1/../../../arm-none-eabi/lib/thumb/v7-m/nofp/libnosys.a(write.o)
                0x00000000080073f4                _write
 .text          0x0000000008007404        0x4 /usr/lib/gcc/arm-none-eabi/9.2.1/../../../arm-none-eabi/lib/thumb/v7-m/nofp/libnosys.a(_exit.o)
                0x0000000008007404                _exit
 .text          0x0000000008007408        0x0 /usr/lib/gcc/arm-none-eabi/9.2.1/thumb/v7-m/nofp/crtend.o
 .text          0x0000000008007408        0x0 /usr/lib/gcc/arm-none-eabi/9.2.1/thumb/v7-m/nofp/crtn.o
 *(.text*)
 .text.Reset_Handler
                0x0000000008007408       0x48 startup_stm32f10x_md.o
                0x0000000008007408                Reset_Handler
 .text.Default_Handler
                0x0000000008007450        0x2 startup_stm32f10x_md.o
                0x0000000008007450                EXTI2_IRQHandler
                0x0000000008007450                TIM1_CC_IRQHandler
                0x0000000008007450                PVD_IRQHandler
                0x0000000008007450                EXTI3_IRQHandler
                0x0000000008007450                EXTI0_IRQHandler
                0x0000000008007450                I2C2_EV_IRQHandler
                0x0000000008007450                ADC1_2_IRQHandler
                0x0000000008007450                SPI1_IRQHandler
                0x0000000008007450                TAMPER_IRQHandler
                0x0000000008007450                DMA1_Channel4_IRQHandler
                0x0000000008007450                USART3_IRQHandler
                0x0000000008007450                RTC_IRQHandler
                0x0000000008007450                DMA1_Channel7_IRQHandler
                0x0000000008007450                CAN1_RX1_IRQHandler
                0x0000000008007450                TIM4_IRQHandler
                0x0000000008007450                I2C1_EV_IRQHandler
                0x0000000008007450                DMA1_Channel6_IRQHandler
                0x0000000008007450                TIM3_IRQHandler
                0x0000000008007450                RCC_IRQHandler
                0x0000000008007450                TIM1_TRG_COM_IRQHandler
                0x0000000008007450                DMA1_Channel1_IRQHandler
                0x0000000008007450                Default_Handler
                0x0000000008007450                EXTI15_10_IRQHandler
                0x0000000008007450                EXTI9_5_IRQHandler
                0x0000000008007450                SPI2_IRQHandler
                0x0000000008007450                DMA1_Channel5_IRQHandler
                0x0000000008007450                EXTI4_IRQHandler
                0x0000000008007450                USB_LP_CAN1_RX0_IRQHandler
                0x0000000008007450                USB_HP_CAN1_TX_IRQHandler
                0x0000000008007450                DMA1_Channel3_IRQHandler
                0x0000000008007450                TIM1_UP_IRQHandler
                0x0000000008007450                WWDG_IRQHandler
                0x0000000008007450                TIM2_IRQHandler
                0x0000000008007450                TIM1_BRK_IRQHandler
                0x0000000008007450                EXTI1_IRQHandler
                0x0000000008007450                RTCAlarm_IRQHandler
                0x0000000008007450                USART2_IRQHandler
                0x0000000008007450                I2C2_ER_IRQHandler
                0x0000000008007450                DMA1_Channel2_IRQHandler
                0x0000000008007450                CAN1_SCE_IRQHandler
                0x0000000008007450                FLASH_IRQHandler
                0x0000000008007450                USART1_IRQHandler
                0x0000000008007450                I2C1_ER_IRQHandler
                0x0000000008007450                USBWakeUp_IRQHandler
 *(.rodata)
 *fill*         0x0000000008007452        0x2 
 .rodata        0x0000000008007454       0x10 main.o
 .rodata        0x0000000008007464        0x4 /usr/lib/gcc/arm-none-eabi/9.2.1/../../../arm-none-eabi/lib/thumb/v7-m/nofp/libg_nano.a(lib_a-impure.o)
                0x0000000008007464                _global_impure_ptr
 .rodata        0x0000000008007468       0x60 /usr/lib/gcc/arm-none-eabi/9.2.1/../../../arm-none-eabi/lib/thumb/v7-m/nofp/libg_nano.a(lib_a-findfp.o)
                0x0000000008007468                __sf_fake_stderr
                0x0000000008007488                __sf_fake_stdout
                0x00000000080074a8                __sf_fake_stdin
 *(.rodata*)
 .rodata.str1.4
                0x00000000080074c8       0x13 /usr/lib/gcc/arm-none-eabi/9.2.1/../../../arm-none-eabi/lib/thumb/v7-m/nofp/libg_nano.a(lib_a-nano-vfprintf.o)
 *fill*         0x00000000080074db        0x1 
 .rodata.str1.4
                0x00000000080074dc       0x25 /usr/lib/gcc/arm-none-eabi/9.2.1/../../../arm-none-eabi/lib/thumb/v7-m/nofp/libg_nano.a(lib_a-nano-vfprintf_i.o)
 *(.glue_7)
 .glue_7        0x0000000008007501        0x0 linker stubs
 *(.glue_7t)
 .glue_7t       0x0000000008007501        0x0 linker stubs
 *(.init)
 *fill*         0x0000000008007501        0x3 
 .init          0x0000000008007504        0x4 /usr/lib/gcc/arm-none-eabi/9.2.1/thumb/v7-m/nofp/crti.o
                0x0000000008007504                _init
 .init          0x0000000008007508        0x8 /usr/lib/gcc/arm-none-eabi/9.2.1/thumb/v7-m/nofp/crtn.o
 *(.fini)
 .fini          0x0000000008007510        0x4 /usr/lib/gcc/arm-none-eabi/9.2.1/thumb/v7-m/nofp/crti.o
                0x0000000008007510                _fini
 .fini          0x0000000008007514        0x8 /usr/lib/gcc/arm-none-eabi/9.2.1/thumb/v7-m/nofp/crtn.o
                0x000000000800751c                . = ALIGN (0x4)
                0x000000000800751c                _etext = .

.vfp11_veneer   0x000000000800751c        0x0
 .vfp11_veneer  0x000000000800751c        0x0 linker stubs

.v4_bx          0x000000000800751c        0x0
 .v4_bx         0x000000000800751c        0x0 linker stubs

.iplt           0x000000000800751c        0x0
 .iplt          0x000000000800751c        0x0 /usr/lib/gcc/arm-none-eabi/9.2.1/thumb/v7-m/nofp/crtbegin.o

.ARM.extab      0x000000000800751c        0x0
 *(.ARM.extab* .gnu.linkonce.armextab.*)
 .ARM.extab     0x000000000800751c        0x0 /usr/lib/gcc/arm-none-eabi/9.2.1/../../../arm-none-eabi/lib/thumb/v7-m/nofp/crt0.o

.eh_frame       0x000000000800751c        0x4
 .eh_frame      0x000000000800751c        0x0 /usr/lib/gcc/arm-none-eabi/9.2.1/thumb/v7-m/nofp/crtbegin.o
 .eh_frame      0x000000000800751c        0x4 /usr/lib/gcc/arm-none-eabi/9.2.1/thumb/v7-m/nofp/crtend.o

.ARM            0x0000000008007520        0x8
                0x0000000008007520                __exidx_start = .
 *(.ARM.exidx*)
 .ARM.exidx     0x0000000008007520        0x8 /usr/lib/gcc/arm-none-eabi/9.2.1/../../../arm-none-eabi/lib/thumb/v7-m/nofp/crt0.o
                                         0x10 (size before relaxing)
                0x0000000008007528                __exidx_end = .

.rel.dyn        0x0000000008007528        0x0
 .rel.iplt      0x0000000008007528        0x0 /usr/lib/gcc/arm-none-eabi/9.2.1/thumb/v7-m/nofp/crtbegin.o

.ARM.attributes
                0x0000000008007528       0x29
 *(.ARM.attributes)
 .ARM.attributes
                0x0000000008007528       0x1d /usr/lib/gcc/arm-none-eabi/9.2.1/thumb/v7-m/nofp/crti.o
 .ARM.attributes
                0x0000000008007545       0x2d /usr/lib/gcc/arm-none-eabi/9.2.1/thumb/v7-m/nofp/crtbegin.o
 .ARM.attributes
                0x0000000008007572       0x1b /usr/lib/gcc/arm-none-eabi/9.2.1/../../../arm-none-eabi/lib/thumb/v7-m/nofp/crt0.o
 .ARM.attributes
                0x000000000800758d       0x2d stm32f10x_i2c.o
 .ARM.attributes
                0x00000000080075ba       0x2d stm32f10x_exti.o
 .ARM.attributes
                0x00000000080075e7       0x2d stm32f10x_tim.o
 .ARM.attributes
                0x0000000008007614       0x2d stm32f10x_rcc.o
 .ARM.attributes
                0x0000000008007641       0x2d stm32f10x_flash.o
 .ARM.attributes
                0x000000000800766e       0x2d stm32f10x_rtc.o
 .ARM.attributes
                0x000000000800769b       0x2d stm32f10x_usart.o
 .ARM.attributes
                0x00000000080076c8       0x2d stm32f10x_it.o
 .ARM.attributes
                0x00000000080076f5       0x2d misc.o
 .ARM.attributes
                0x0000000008007722       0x2d main.o
 .ARM.attributes
                0x000000000800774f       0x2d system_stm32f10x.o
 .ARM.attributes
                0x000000000800777c       0x2d stm32f10x_spi.o
 .ARM.attributes
                0x00000000080077a9       0x2d stm32f10x_gpio.o
 .ARM.attributes
                0x00000000080077d6       0x21 startup_stm32f10x_md.o
 .ARM.attributes
                0x00000000080077f7       0x2d /usr/lib/gcc/arm-none-eabi/9.2.1/../../../arm-none-eabi/lib/thumb/v7-m/nofp/libg_nano.a(lib_a-atexit.o)
 .ARM.attributes
                0x0000000008007824       0x2d /usr/lib/gcc/arm-none-eabi/9.2.1/../../../arm-none-eabi/lib/thumb/v7-m/nofp/libg_nano.a(lib_a-exit.o)
 .ARM.attributes
                0x0000000008007851       0x2d /usr/lib/gcc/arm-none-eabi/9.2.1/../../../arm-none-eabi/lib/thumb/v7-m/nofp/libg_nano.a(lib_a-fini.o)
 .ARM.attributes
                0x000000000800787e       0x2d /usr/lib/gcc/arm-none-eabi/9.2.1/../../../arm-none-eabi/lib/thumb/v7-m/nofp/libg_nano.a(lib_a-impure.o)
 .ARM.attributes
                0x00000000080078ab       0x2d /usr/lib/gcc/arm-none-eabi/9.2.1/../../../arm-none-eabi/lib/thumb/v7-m/nofp/libg_nano.a(lib_a-init.o)
 .ARM.attributes
                0x00000000080078d8       0x2d /usr/lib/gcc/arm-none-eabi/9.2.1/../../../arm-none-eabi/lib/thumb/v7-m/nofp/libg_nano.a(lib_a-memset.o)
 .ARM.attributes
                0x0000000008007905       0x2d /usr/lib/gcc/arm-none-eabi/9.2.1/../../../arm-none-eabi/lib/thumb/v7-m/nofp/libg_nano.a(lib_a-printf.o)
 .ARM.attributes
                0x0000000008007932       0x2d /usr/lib/gcc/arm-none-eabi/9.2.1/../../../arm-none-eabi/lib/thumb/v7-m/nofp/libg_nano.a(lib_a-__atexit.o)
 .ARM.attributes
                0x000000000800795f       0x2d /usr/lib/gcc/arm-none-eabi/9.2.1/../../../arm-none-eabi/lib/thumb/v7-m/nofp/libg_nano.a(lib_a-__call_atexit.o)
 .ARM.attributes
                0x000000000800798c       0x2d /usr/lib/gcc/arm-none-eabi/9.2.1/../../../arm-none-eabi/lib/thumb/v7-m/nofp/libg_nano.a(lib_a-findfp.o)
 .ARM.attributes
                0x00000000080079b9       0x2d /usr/lib/gcc/arm-none-eabi/9.2.1/../../../arm-none-eabi/lib/thumb/v7-m/nofp/libg_nano.a(lib_a-fwalk.o)
 .ARM.attributes
                0x00000000080079e6       0x2d /usr/lib/gcc/arm-none-eabi/9.2.1/../../../arm-none-eabi/lib/thumb/v7-m/nofp/libg_nano.a(lib_a-nano-mallocr.o)
 .ARM.attributes
                0x0000000008007a13       0x2d /usr/lib/gcc/arm-none-eabi/9.2.1/../../../arm-none-eabi/lib/thumb/v7-m/nofp/libg_nano.a(lib_a-nano-vfprintf.o)
 .ARM.attributes
                0x0000000008007a40       0x2d /usr/lib/gcc/arm-none-eabi/9.2.1/../../../arm-none-eabi/lib/thumb/v7-m/nofp/libg_nano.a(lib_a-nano-vfprintf_i.o)
 .ARM.attributes
                0x0000000008007a6d       0x2d /usr/lib/gcc/arm-none-eabi/9.2.1/../../../arm-none-eabi/lib/thumb/v7-m/nofp/libg_nano.a(lib_a-sbrkr.o)
 .ARM.attributes
                0x0000000008007a9a       0x2d /usr/lib/gcc/arm-none-eabi/9.2.1/../../../arm-none-eabi/lib/thumb/v7-m/nofp/libg_nano.a(lib_a-stdio.o)
 .ARM.attributes
                0x0000000008007ac7       0x2d /usr/lib/gcc/arm-none-eabi/9.2.1/../../../arm-none-eabi/lib/thumb/v7-m/nofp/libg_nano.a(lib_a-wbuf.o)
 .ARM.attributes
                0x0000000008007af4       0x2d /usr/lib/gcc/arm-none-eabi/9.2.1/../../../arm-none-eabi/lib/thumb/v7-m/nofp/libg_nano.a(lib_a-writer.o)
 .ARM.attributes
                0x0000000008007b21       0x2d /usr/lib/gcc/arm-none-eabi/9.2.1/../../../arm-none-eabi/lib/thumb/v7-m/nofp/libg_nano.a(lib_a-wsetup.o)
 .ARM.attributes
                0x0000000008007b4e       0x2d /usr/lib/gcc/arm-none-eabi/9.2.1/../../../arm-none-eabi/lib/thumb/v7-m/nofp/libg_nano.a(lib_a-closer.o)
 .ARM.attributes
                0x0000000008007b7b       0x2d /usr/lib/gcc/arm-none-eabi/9.2.1/../../../arm-none-eabi/lib/thumb/v7-m/nofp/libg_nano.a(lib_a-fflush.o)
 .ARM.attributes
                0x0000000008007ba8       0x2d /usr/lib/gcc/arm-none-eabi/9.2.1/../../../arm-none-eabi/lib/thumb/v7-m/nofp/libg_nano.a(lib_a-fvwrite.o)
 .ARM.attributes
                0x0000000008007bd5       0x2d /usr/lib/gcc/arm-none-eabi/9.2.1/../../../arm-none-eabi/lib/thumb/v7-m/nofp/libg_nano.a(lib_a-lseekr.o)
 .ARM.attributes
                0x0000000008007c02       0x2d /usr/lib/gcc/arm-none-eabi/9.2.1/../../../arm-none-eabi/lib/thumb/v7-m/nofp/libg_nano.a(lib_a-makebuf.o)
 .ARM.attributes
                0x0000000008007c2f       0x2d /usr/lib/gcc/arm-none-eabi/9.2.1/../../../arm-none-eabi/lib/thumb/v7-m/nofp/libg_nano.a(lib_a-memchr-stub.o)
 .ARM.attributes
                0x0000000008007c5c       0x1b /usr/lib/gcc/arm-none-eabi/9.2.1/../../../arm-none-eabi/lib/thumb/v7-m/nofp/libg_nano.a(lib_a-memcpy.o)
 .ARM.attributes
                0x0000000008007c77       0x2d /usr/lib/gcc/arm-none-eabi/9.2.1/../../../arm-none-eabi/lib/thumb/v7-m/nofp/libg_nano.a(lib_a-memmove.o)
 .ARM.attributes
                0x0000000008007ca4       0x2d /usr/lib/gcc/arm-none-eabi/9.2.1/../../../arm-none-eabi/lib/thumb/v7-m/nofp/libg_nano.a(lib_a-mlock.o)
 .ARM.attributes
                0x0000000008007cd1       0x2d /usr/lib/gcc/arm-none-eabi/9.2.1/../../../arm-none-eabi/lib/thumb/v7-m/nofp/libg_nano.a(lib_a-nano-freer.o)
 .ARM.attributes
                0x0000000008007cfe       0x2d /usr/lib/gcc/arm-none-eabi/9.2.1/../../../arm-none-eabi/lib/thumb/v7-m/nofp/libg_nano.a(lib_a-nano-reallocr.o)
 .ARM.attributes
                0x0000000008007d2b       0x2d /usr/lib/gcc/arm-none-eabi/9.2.1/../../../arm-none-eabi/lib/thumb/v7-m/nofp/libg_nano.a(lib_a-readr.o)
 .ARM.attributes
                0x0000000008007d58       0x2d /usr/lib/gcc/arm-none-eabi/9.2.1/../../../arm-none-eabi/lib/thumb/v7-m/nofp/libg_nano.a(lib_a-reent.o)
 .ARM.attributes
                0x0000000008007d85       0x2d /usr/lib/gcc/arm-none-eabi/9.2.1/../../../arm-none-eabi/lib/thumb/v7-m/nofp/libg_nano.a(lib_a-fstatr.o)
 .ARM.attributes
                0x0000000008007db2       0x2d /usr/lib/gcc/arm-none-eabi/9.2.1/../../../arm-none-eabi/lib/thumb/v7-m/nofp/libg_nano.a(lib_a-isattyr.o)
 .ARM.attributes
                0x0000000008007ddf       0x2d /usr/lib/gcc/arm-none-eabi/9.2.1/../../../arm-none-eabi/lib/thumb/v7-m/nofp/libg_nano.a(lib_a-nano-msizer.o)
 .ARM.attributes
                0x0000000008007e0c       0x2d /usr/lib/gcc/arm-none-eabi/9.2.1/../../../arm-none-eabi/lib/thumb/v7-m/nofp/libnosys.a(close.o)
 .ARM.attributes
                0x0000000008007e39       0x2d /usr/lib/gcc/arm-none-eabi/9.2.1/../../../arm-none-eabi/lib/thumb/v7-m/nofp/libnosys.a(fstat.o)
 .ARM.attributes
                0x0000000008007e66       0x2d /usr/lib/gcc/arm-none-eabi/9.2.1/../../../arm-none-eabi/lib/thumb/v7-m/nofp/libnosys.a(isatty.o)
 .ARM.attributes
                0x0000000008007e93       0x2d /usr/lib/gcc/arm-none-eabi/9.2.1/../../../arm-none-eabi/lib/thumb/v7-m/nofp/libnosys.a(lseek.o)
 .ARM.attributes
                0x0000000008007ec0       0x2d /usr/lib/gcc/arm-none-eabi/9.2.1/../../../arm-none-eabi/lib/thumb/v7-m/nofp/libnosys.a(read.o)
 .ARM.attributes
                0x0000000008007eed       0x2d /usr/lib/gcc/arm-none-eabi/9.2.1/../../../arm-none-eabi/lib/thumb/v7-m/nofp/libnosys.a(sbrk.o)
 .ARM.attributes
                0x0000000008007f1a       0x2d /usr/lib/gcc/arm-none-eabi/9.2.1/../../../arm-none-eabi/lib/thumb/v7-m/nofp/libnosys.a(write.o)
 .ARM.attributes
                0x0000000008007f47       0x2d /usr/lib/gcc/arm-none-eabi/9.2.1/../../../arm-none-eabi/lib/thumb/v7-m/nofp/libnosys.a(_exit.o)
 .ARM.attributes
                0x0000000008007f74       0x2d /usr/lib/gcc/arm-none-eabi/9.2.1/thumb/v7-m/nofp/crtend.o
 .ARM.attributes
                0x0000000008007fa1       0x1d /usr/lib/gcc/arm-none-eabi/9.2.1/thumb/v7-m/nofp/crtn.o

.preinit_array  0x0000000008007528        0x0
                0x0000000008007528                PROVIDE (__preinit_array_start = .)
 *(.preinit_array*)
                0x0000000008007528                PROVIDE (__preinit_array_end = .)

.init_array     0x0000000008007528        0x4
                0x0000000008007528                PROVIDE (__init_array_start = .)
 *(SORT_BY_NAME(.init_array.*))
 *(.init_array*)
 .init_array    0x0000000008007528        0x4 /usr/lib/gcc/arm-none-eabi/9.2.1/thumb/v7-m/nofp/crtbegin.o
                0x000000000800752c                PROVIDE (__init_array_end = .)

.fini_array     0x000000000800752c        0x4
                0x000000000800752c                PROVIDE (__fini_array_start = .)
 *(.fini_array*)
 .fini_array    0x000000000800752c        0x4 /usr/lib/gcc/arm-none-eabi/9.2.1/thumb/v7-m/nofp/crtbegin.o
 *(SORT_BY_NAME(.fini_array.*))
                0x0000000008007530                PROVIDE (__fini_array_end = .)
                0x0000000008007530                _sidata = .

.data           0x0000000020000000       0x94 load address 0x0000000008007530
                0x0000000020000000                . = ALIGN (0x4)
                0x0000000020000000                _sdata = .
 *(.data)
 .data          0x0000000020000000        0x0 /usr/lib/gcc/arm-none-eabi/9.2.1/thumb/v7-m/nofp/crti.o
 .data          0x0000000020000000        0x4 /usr/lib/gcc/arm-none-eabi/9.2.1/thumb/v7-m/nofp/crtbegin.o
                0x0000000020000000                __dso_handle
 .data          0x0000000020000004        0x0 /usr/lib/gcc/arm-none-eabi/9.2.1/../../../arm-none-eabi/lib/thumb/v7-m/nofp/crt0.o
 .data          0x0000000020000004        0x0 stm32f10x_i2c.o
 .data          0x0000000020000004        0x0 stm32f10x_exti.o
 .data          0x0000000020000004        0x0 stm32f10x_tim.o
 .data          0x0000000020000004       0x14 stm32f10x_rcc.o
 .data          0x0000000020000018        0x0 stm32f10x_flash.o
 .data          0x0000000020000018        0x0 stm32f10x_rtc.o
 .data          0x0000000020000018        0x0 stm32f10x_usart.o
 .data          0x0000000020000018        0x0 stm32f10x_it.o
 .data          0x0000000020000018        0x0 misc.o
 .data          0x0000000020000018        0x0 main.o
 .data          0x0000000020000018       0x14 system_stm32f10x.o
                0x0000000020000018                SystemCoreClock
                0x000000002000001c                AHBPrescTable
 .data          0x000000002000002c        0x0 stm32f10x_spi.o
 .data          0x000000002000002c        0x0 stm32f10x_gpio.o
 .data          0x000000002000002c        0x0 startup_stm32f10x_md.o
 .data          0x000000002000002c        0x0 /usr/lib/gcc/arm-none-eabi/9.2.1/../../../arm-none-eabi/lib/thumb/v7-m/nofp/libg_nano.a(lib_a-atexit.o)
 .data          0x000000002000002c        0x0 /usr/lib/gcc/arm-none-eabi/9.2.1/../../../arm-none-eabi/lib/thumb/v7-m/nofp/libg_nano.a(lib_a-exit.o)
 .data          0x000000002000002c        0x0 /usr/lib/gcc/arm-none-eabi/9.2.1/../../../arm-none-eabi/lib/thumb/v7-m/nofp/libg_nano.a(lib_a-fini.o)
 .data          0x000000002000002c       0x64 /usr/lib/gcc/arm-none-eabi/9.2.1/../../../arm-none-eabi/lib/thumb/v7-m/nofp/libg_nano.a(lib_a-impure.o)
                0x000000002000002c                _impure_ptr
 .data          0x0000000020000090        0x0 /usr/lib/gcc/arm-none-eabi/9.2.1/../../../arm-none-eabi/lib/thumb/v7-m/nofp/libg_nano.a(lib_a-init.o)
 .data          0x0000000020000090        0x0 /usr/lib/gcc/arm-none-eabi/9.2.1/../../../arm-none-eabi/lib/thumb/v7-m/nofp/libg_nano.a(lib_a-memset.o)
 .data          0x0000000020000090        0x0 /usr/lib/gcc/arm-none-eabi/9.2.1/../../../arm-none-eabi/lib/thumb/v7-m/nofp/libg_nano.a(lib_a-printf.o)
 .data          0x0000000020000090        0x4 /usr/lib/gcc/arm-none-eabi/9.2.1/../../../arm-none-eabi/lib/thumb/v7-m/nofp/libg_nano.a(lib_a-__atexit.o)
                0x0000000020000090                __atexit_dummy
 .data          0x0000000020000094        0x0 /usr/lib/gcc/arm-none-eabi/9.2.1/../../../arm-none-eabi/lib/thumb/v7-m/nofp/libg_nano.a(lib_a-__call_atexit.o)
 .data          0x0000000020000094        0x0 /usr/lib/gcc/arm-none-eabi/9.2.1/../../../arm-none-eabi/lib/thumb/v7-m/nofp/libg_nano.a(lib_a-findfp.o)
 .data          0x0000000020000094        0x0 /usr/lib/gcc/arm-none-eabi/9.2.1/../../../arm-none-eabi/lib/thumb/v7-m/nofp/libg_nano.a(lib_a-fwalk.o)
 .data          0x0000000020000094        0x0 /usr/lib/gcc/arm-none-eabi/9.2.1/../../../arm-none-eabi/lib/thumb/v7-m/nofp/libg_nano.a(lib_a-nano-mallocr.o)
 .data          0x0000000020000094        0x0 /usr/lib/gcc/arm-none-eabi/9.2.1/../../../arm-none-eabi/lib/thumb/v7-m/nofp/libg_nano.a(lib_a-nano-vfprintf.o)
 .data          0x0000000020000094        0x0 /usr/lib/gcc/arm-none-eabi/9.2.1/../../../arm-none-eabi/lib/thumb/v7-m/nofp/libg_nano.a(lib_a-nano-vfprintf_i.o)
 .data          0x0000000020000094        0x0 /usr/lib/gcc/arm-none-eabi/9.2.1/../../../arm-none-eabi/lib/thumb/v7-m/nofp/libg_nano.a(lib_a-sbrkr.o)
 .data          0x0000000020000094        0x0 /usr/lib/gcc/arm-none-eabi/9.2.1/../../../arm-none-eabi/lib/thumb/v7-m/nofp/libg_nano.a(lib_a-stdio.o)
 .data          0x0000000020000094        0x0 /usr/lib/gcc/arm-none-eabi/9.2.1/../../../arm-none-eabi/lib/thumb/v7-m/nofp/libg_nano.a(lib_a-wbuf.o)
 .data          0x0000000020000094        0x0 /usr/lib/gcc/arm-none-eabi/9.2.1/../../../arm-none-eabi/lib/thumb/v7-m/nofp/libg_nano.a(lib_a-writer.o)
 .data          0x0000000020000094        0x0 /usr/lib/gcc/arm-none-eabi/9.2.1/../../../arm-none-eabi/lib/thumb/v7-m/nofp/libg_nano.a(lib_a-wsetup.o)
 .data          0x0000000020000094        0x0 /usr/lib/gcc/arm-none-eabi/9.2.1/../../../arm-none-eabi/lib/thumb/v7-m/nofp/libg_nano.a(lib_a-closer.o)
 .data          0x0000000020000094        0x0 /usr/lib/gcc/arm-none-eabi/9.2.1/../../../arm-none-eabi/lib/thumb/v7-m/nofp/libg_nano.a(lib_a-fflush.o)
 .data          0x0000000020000094        0x0 /usr/lib/gcc/arm-none-eabi/9.2.1/../../../arm-none-eabi/lib/thumb/v7-m/nofp/libg_nano.a(lib_a-fvwrite.o)
 .data          0x0000000020000094        0x0 /usr/lib/gcc/arm-none-eabi/9.2.1/../../../arm-none-eabi/lib/thumb/v7-m/nofp/libg_nano.a(lib_a-lseekr.o)
 .data          0x0000000020000094        0x0 /usr/lib/gcc/arm-none-eabi/9.2.1/../../../arm-none-eabi/lib/thumb/v7-m/nofp/libg_nano.a(lib_a-makebuf.o)
 .data          0x0000000020000094        0x0 /usr/lib/gcc/arm-none-eabi/9.2.1/../../../arm-none-eabi/lib/thumb/v7-m/nofp/libg_nano.a(lib_a-memchr-stub.o)
 .data          0x0000000020000094        0x0 /usr/lib/gcc/arm-none-eabi/9.2.1/../../../arm-none-eabi/lib/thumb/v7-m/nofp/libg_nano.a(lib_a-memcpy.o)
 .data          0x0000000020000094        0x0 /usr/lib/gcc/arm-none-eabi/9.2.1/../../../arm-none-eabi/lib/thumb/v7-m/nofp/libg_nano.a(lib_a-memmove.o)
 .data          0x0000000020000094        0x0 /usr/lib/gcc/arm-none-eabi/9.2.1/../../../arm-none-eabi/lib/thumb/v7-m/nofp/libg_nano.a(lib_a-mlock.o)
 .data          0x0000000020000094        0x0 /usr/lib/gcc/arm-none-eabi/9.2.1/../../../arm-none-eabi/lib/thumb/v7-m/nofp/libg_nano.a(lib_a-nano-freer.o)
 .data          0x0000000020000094        0x0 /usr/lib/gcc/arm-none-eabi/9.2.1/../../../arm-none-eabi/lib/thumb/v7-m/nofp/libg_nano.a(lib_a-nano-reallocr.o)
 .data          0x0000000020000094        0x0 /usr/lib/gcc/arm-none-eabi/9.2.1/../../../arm-none-eabi/lib/thumb/v7-m/nofp/libg_nano.a(lib_a-readr.o)
 .data          0x0000000020000094        0x0 /usr/lib/gcc/arm-none-eabi/9.2.1/../../../arm-none-eabi/lib/thumb/v7-m/nofp/libg_nano.a(lib_a-reent.o)
 .data          0x0000000020000094        0x0 /usr/lib/gcc/arm-none-eabi/9.2.1/../../../arm-none-eabi/lib/thumb/v7-m/nofp/libg_nano.a(lib_a-fstatr.o)
 .data          0x0000000020000094        0x0 /usr/lib/gcc/arm-none-eabi/9.2.1/../../../arm-none-eabi/lib/thumb/v7-m/nofp/libg_nano.a(lib_a-isattyr.o)
 .data          0x0000000020000094        0x0 /usr/lib/gcc/arm-none-eabi/9.2.1/../../../arm-none-eabi/lib/thumb/v7-m/nofp/libg_nano.a(lib_a-nano-msizer.o)
 .data          0x0000000020000094        0x0 /usr/lib/gcc/arm-none-eabi/9.2.1/../../../arm-none-eabi/lib/thumb/v7-m/nofp/libnosys.a(close.o)
 .data          0x0000000020000094        0x0 /usr/lib/gcc/arm-none-eabi/9.2.1/../../../arm-none-eabi/lib/thumb/v7-m/nofp/libnosys.a(fstat.o)
 .data          0x0000000020000094        0x0 /usr/lib/gcc/arm-none-eabi/9.2.1/../../../arm-none-eabi/lib/thumb/v7-m/nofp/libnosys.a(isatty.o)
 .data          0x0000000020000094        0x0 /usr/lib/gcc/arm-none-eabi/9.2.1/../../../arm-none-eabi/lib/thumb/v7-m/nofp/libnosys.a(lseek.o)
 .data          0x0000000020000094        0x0 /usr/lib/gcc/arm-none-eabi/9.2.1/../../../arm-none-eabi/lib/thumb/v7-m/nofp/libnosys.a(read.o)
 .data          0x0000000020000094        0x0 /usr/lib/gcc/arm-none-eabi/9.2.1/../../../arm-none-eabi/lib/thumb/v7-m/nofp/libnosys.a(sbrk.o)
 .data          0x0000000020000094        0x0 /usr/lib/gcc/arm-none-eabi/9.2.1/../../../arm-none-eabi/lib/thumb/v7-m/nofp/libnosys.a(write.o)
 .data          0x0000000020000094        0x0 /usr/lib/gcc/arm-none-eabi/9.2.1/../../../arm-none-eabi/lib/thumb/v7-m/nofp/libnosys.a(_exit.o)
 .data          0x0000000020000094        0x0 /usr/lib/gcc/arm-none-eabi/9.2.1/thumb/v7-m/nofp/crtend.o
 .data          0x0000000020000094        0x0 /usr/lib/gcc/arm-none-eabi/9.2.1/thumb/v7-m/nofp/crtn.o
 *(.data*)
                0x0000000020000094                . = ALIGN (0x4)
                0x0000000020000094                _edata = .

.tm_clone_table
                0x0000000020000094        0x0 load address 0x00000000080075c4
 .tm_clone_table
                0x0000000020000094        0x0 /usr/lib/gcc/arm-none-eabi/9.2.1/thumb/v7-m/nofp/crtbegin.o
 .tm_clone_table
                0x0000000020000094        0x0 /usr/lib/gcc/arm-none-eabi/9.2.1/thumb/v7-m/nofp/crtend.o

.igot.plt       0x0000000020000094        0x0 load address 0x00000000080075c4
 .igot.plt      0x0000000020000094        0x0 /usr/lib/gcc/arm-none-eabi/9.2.1/thumb/v7-m/nofp/crtbegin.o
                0x0000000020000094                . = ALIGN (0x4)

.bss            0x0000000020000094       0xc0 load address 0x00000000080075c4
                0x0000000020000094                _sbss = .
                0x0000000020000094                __bss_start__ = _sbss
 *(.bss)
 .bss           0x0000000020000094        0x0 /usr/lib/gcc/arm-none-eabi/9.2.1/thumb/v7-m/nofp/crti.o
 .bss           0x0000000020000094       0x1c /usr/lib/gcc/arm-none-eabi/9.2.1/thumb/v7-m/nofp/crtbegin.o
 .bss           0x00000000200000b0        0x0 /usr/lib/gcc/arm-none-eabi/9.2.1/../../../arm-none-eabi/lib/thumb/v7-m/nofp/crt0.o
 .bss           0x00000000200000b0        0x0 stm32f10x_i2c.o
 .bss           0x00000000200000b0        0x0 stm32f10x_exti.o
 .bss           0x00000000200000b0        0x0 stm32f10x_tim.o
 .bss           0x00000000200000b0        0x0 stm32f10x_rcc.o
 .bss           0x00000000200000b0        0x0 stm32f10x_flash.o
 .bss           0x00000000200000b0        0x0 stm32f10x_rtc.o
 .bss           0x00000000200000b0        0x0 stm32f10x_usart.o
 .bss           0x00000000200000b0        0x0 stm32f10x_it.o
 .bss           0x00000000200000b0        0x0 misc.o
 .bss           0x00000000200000b0        0x4 main.o
                0x00000000200000b0                a
 .bss           0x00000000200000b4        0x0 system_stm32f10x.o
 .bss           0x00000000200000b4        0x0 stm32f10x_spi.o
 .bss           0x00000000200000b4        0x0 stm32f10x_gpio.o
 .bss           0x00000000200000b4        0x0 startup_stm32f10x_md.o
 .bss           0x00000000200000b4        0x0 /usr/lib/gcc/arm-none-eabi/9.2.1/../../../arm-none-eabi/lib/thumb/v7-m/nofp/libg_nano.a(lib_a-atexit.o)
 .bss           0x00000000200000b4        0x0 /usr/lib/gcc/arm-none-eabi/9.2.1/../../../arm-none-eabi/lib/thumb/v7-m/nofp/libg_nano.a(lib_a-exit.o)
 .bss           0x00000000200000b4        0x0 /usr/lib/gcc/arm-none-eabi/9.2.1/../../../arm-none-eabi/lib/thumb/v7-m/nofp/libg_nano.a(lib_a-fini.o)
 .bss           0x00000000200000b4        0x0 /usr/lib/gcc/arm-none-eabi/9.2.1/../../../arm-none-eabi/lib/thumb/v7-m/nofp/libg_nano.a(lib_a-impure.o)
 .bss           0x00000000200000b4        0x0 /usr/lib/gcc/arm-none-eabi/9.2.1/../../../arm-none-eabi/lib/thumb/v7-m/nofp/libg_nano.a(lib_a-init.o)
 .bss           0x00000000200000b4        0x0 /usr/lib/gcc/arm-none-eabi/9.2.1/../../../arm-none-eabi/lib/thumb/v7-m/nofp/libg_nano.a(lib_a-memset.o)
 .bss           0x00000000200000b4        0x0 /usr/lib/gcc/arm-none-eabi/9.2.1/../../../arm-none-eabi/lib/thumb/v7-m/nofp/libg_nano.a(lib_a-printf.o)
 .bss           0x00000000200000b4       0x8c /usr/lib/gcc/arm-none-eabi/9.2.1/../../../arm-none-eabi/lib/thumb/v7-m/nofp/libg_nano.a(lib_a-__atexit.o)
 .bss           0x0000000020000140        0x4 /usr/lib/gcc/arm-none-eabi/9.2.1/../../../arm-none-eabi/lib/thumb/v7-m/nofp/libg_nano.a(lib_a-__call_atexit.o)
                0x0000000020000140                _global_atexit
 .bss           0x0000000020000144        0x0 /usr/lib/gcc/arm-none-eabi/9.2.1/../../../arm-none-eabi/lib/thumb/v7-m/nofp/libg_nano.a(lib_a-findfp.o)
 .bss           0x0000000020000144        0x0 /usr/lib/gcc/arm-none-eabi/9.2.1/../../../arm-none-eabi/lib/thumb/v7-m/nofp/libg_nano.a(lib_a-fwalk.o)
 .bss           0x0000000020000144        0x8 /usr/lib/gcc/arm-none-eabi/9.2.1/../../../arm-none-eabi/lib/thumb/v7-m/nofp/libg_nano.a(lib_a-nano-mallocr.o)
                0x0000000020000144                __malloc_free_list
                0x0000000020000148                __malloc_sbrk_start
 .bss           0x000000002000014c        0x0 /usr/lib/gcc/arm-none-eabi/9.2.1/../../../arm-none-eabi/lib/thumb/v7-m/nofp/libg_nano.a(lib_a-nano-vfprintf.o)
 .bss           0x000000002000014c        0x0 /usr/lib/gcc/arm-none-eabi/9.2.1/../../../arm-none-eabi/lib/thumb/v7-m/nofp/libg_nano.a(lib_a-nano-vfprintf_i.o)
 .bss           0x000000002000014c        0x0 /usr/lib/gcc/arm-none-eabi/9.2.1/../../../arm-none-eabi/lib/thumb/v7-m/nofp/libg_nano.a(lib_a-sbrkr.o)
 .bss           0x000000002000014c        0x0 /usr/lib/gcc/arm-none-eabi/9.2.1/../../../arm-none-eabi/lib/thumb/v7-m/nofp/libg_nano.a(lib_a-stdio.o)
 .bss           0x000000002000014c        0x0 /usr/lib/gcc/arm-none-eabi/9.2.1/../../../arm-none-eabi/lib/thumb/v7-m/nofp/libg_nano.a(lib_a-wbuf.o)
 .bss           0x000000002000014c        0x0 /usr/lib/gcc/arm-none-eabi/9.2.1/../../../arm-none-eabi/lib/thumb/v7-m/nofp/libg_nano.a(lib_a-writer.o)
 .bss           0x000000002000014c        0x0 /usr/lib/gcc/arm-none-eabi/9.2.1/../../../arm-none-eabi/lib/thumb/v7-m/nofp/libg_nano.a(lib_a-wsetup.o)
 .bss           0x000000002000014c        0x0 /usr/lib/gcc/arm-none-eabi/9.2.1/../../../arm-none-eabi/lib/thumb/v7-m/nofp/libg_nano.a(lib_a-closer.o)
 .bss           0x000000002000014c        0x0 /usr/lib/gcc/arm-none-eabi/9.2.1/../../../arm-none-eabi/lib/thumb/v7-m/nofp/libg_nano.a(lib_a-fflush.o)
 .bss           0x000000002000014c        0x0 /usr/lib/gcc/arm-none-eabi/9.2.1/../../../arm-none-eabi/lib/thumb/v7-m/nofp/libg_nano.a(lib_a-fvwrite.o)
 .bss           0x000000002000014c        0x0 /usr/lib/gcc/arm-none-eabi/9.2.1/../../../arm-none-eabi/lib/thumb/v7-m/nofp/libg_nano.a(lib_a-lseekr.o)
 .bss           0x000000002000014c        0x0 /usr/lib/gcc/arm-none-eabi/9.2.1/../../../arm-none-eabi/lib/thumb/v7-m/nofp/libg_nano.a(lib_a-makebuf.o)
 .bss           0x000000002000014c        0x0 /usr/lib/gcc/arm-none-eabi/9.2.1/../../../arm-none-eabi/lib/thumb/v7-m/nofp/libg_nano.a(lib_a-memchr-stub.o)
 .bss           0x000000002000014c        0x0 /usr/lib/gcc/arm-none-eabi/9.2.1/../../../arm-none-eabi/lib/thumb/v7-m/nofp/libg_nano.a(lib_a-memcpy.o)
 .bss           0x000000002000014c        0x0 /usr/lib/gcc/arm-none-eabi/9.2.1/../../../arm-none-eabi/lib/thumb/v7-m/nofp/libg_nano.a(lib_a-memmove.o)
 .bss           0x000000002000014c        0x0 /usr/lib/gcc/arm-none-eabi/9.2.1/../../../arm-none-eabi/lib/thumb/v7-m/nofp/libg_nano.a(lib_a-mlock.o)
 .bss           0x000000002000014c        0x0 /usr/lib/gcc/arm-none-eabi/9.2.1/../../../arm-none-eabi/lib/thumb/v7-m/nofp/libg_nano.a(lib_a-nano-freer.o)
 .bss           0x000000002000014c        0x0 /usr/lib/gcc/arm-none-eabi/9.2.1/../../../arm-none-eabi/lib/thumb/v7-m/nofp/libg_nano.a(lib_a-nano-reallocr.o)
 .bss           0x000000002000014c        0x0 /usr/lib/gcc/arm-none-eabi/9.2.1/../../../arm-none-eabi/lib/thumb/v7-m/nofp/libg_nano.a(lib_a-readr.o)
 .bss           0x000000002000014c        0x0 /usr/lib/gcc/arm-none-eabi/9.2.1/../../../arm-none-eabi/lib/thumb/v7-m/nofp/libg_nano.a(lib_a-reent.o)
 .bss           0x000000002000014c        0x0 /usr/lib/gcc/arm-none-eabi/9.2.1/../../../arm-none-eabi/lib/thumb/v7-m/nofp/libg_nano.a(lib_a-fstatr.o)
 .bss           0x000000002000014c        0x0 /usr/lib/gcc/arm-none-eabi/9.2.1/../../../arm-none-eabi/lib/thumb/v7-m/nofp/libg_nano.a(lib_a-isattyr.o)
 .bss           0x000000002000014c        0x0 /usr/lib/gcc/arm-none-eabi/9.2.1/../../../arm-none-eabi/lib/thumb/v7-m/nofp/libg_nano.a(lib_a-nano-msizer.o)
 .bss           0x000000002000014c        0x0 /usr/lib/gcc/arm-none-eabi/9.2.1/../../../arm-none-eabi/lib/thumb/v7-m/nofp/libnosys.a(close.o)
 .bss           0x000000002000014c        0x0 /usr/lib/gcc/arm-none-eabi/9.2.1/../../../arm-none-eabi/lib/thumb/v7-m/nofp/libnosys.a(fstat.o)
 .bss           0x000000002000014c        0x0 /usr/lib/gcc/arm-none-eabi/9.2.1/../../../arm-none-eabi/lib/thumb/v7-m/nofp/libnosys.a(isatty.o)
 .bss           0x000000002000014c        0x0 /usr/lib/gcc/arm-none-eabi/9.2.1/../../../arm-none-eabi/lib/thumb/v7-m/nofp/libnosys.a(lseek.o)
 .bss           0x000000002000014c        0x0 /usr/lib/gcc/arm-none-eabi/9.2.1/../../../arm-none-eabi/lib/thumb/v7-m/nofp/libnosys.a(read.o)
 .bss           0x000000002000014c        0x4 /usr/lib/gcc/arm-none-eabi/9.2.1/../../../arm-none-eabi/lib/thumb/v7-m/nofp/libnosys.a(sbrk.o)
 .bss           0x0000000020000150        0x0 /usr/lib/gcc/arm-none-eabi/9.2.1/../../../arm-none-eabi/lib/thumb/v7-m/nofp/libnosys.a(write.o)
 .bss           0x0000000020000150        0x0 /usr/lib/gcc/arm-none-eabi/9.2.1/../../../arm-none-eabi/lib/thumb/v7-m/nofp/libnosys.a(_exit.o)
 .bss           0x0000000020000150        0x0 /usr/lib/gcc/arm-none-eabi/9.2.1/thumb/v7-m/nofp/crtend.o
 .bss           0x0000000020000150        0x0 /usr/lib/gcc/arm-none-eabi/9.2.1/thumb/v7-m/nofp/crtn.o
 *(.bss*)
 *(COMMON)
 COMMON         0x0000000020000150        0x4 /usr/lib/gcc/arm-none-eabi/9.2.1/../../../arm-none-eabi/lib/thumb/v7-m/nofp/libg_nano.a(lib_a-reent.o)
                0x0000000020000150                errno
                0x0000000020000154                . = ALIGN (0x4)
                0x0000000020000154                _ebss = .
                0x0000000020000154                __bss_end__ = _ebss
                0x0000000020000154                PROVIDE (end = _ebss)
                [!provide]                        PROVIDE (_end = _ebss)

._user_heap_stack
                0x0000000020000154      0x100 load address 0x0000000008007684
                0x0000000020000154                . = ALIGN (0x4)
                0x0000000020000154                . = (. + _Min_Heap_Size)
                0x0000000020000254                . = (. + _Min_Stack_Size)
 *fill*         0x0000000020000154      0x100 
                0x0000000020000254                . = ALIGN (0x4)

.memory_b1_text
 *(.mb1text)
 *(.mb1text*)
 *(.mb1rodata)
 *(.mb1rodata*)

/DISCARD/
 libc.a(*)
 libm.a(*)
 libgcc.a(*)
OUTPUT(final.elf elf32-littlearm)
LOAD linker stubs
LOAD /usr/lib/gcc/arm-none-eabi/9.2.1/../../../arm-none-eabi/lib/thumb/v7-m/nofp/libc.a
LOAD /usr/lib/gcc/arm-none-eabi/9.2.1/../../../arm-none-eabi/lib/thumb/v7-m/nofp/libm.a
LOAD /usr/lib/gcc/arm-none-eabi/9.2.1/thumb/v7-m/nofp/libgcc.a

.comment        0x0000000000000000       0xa7
 .comment       0x0000000000000000       0x59 /usr/lib/gcc/arm-none-eabi/9.2.1/thumb/v7-m/nofp/crtbegin.o
                                         0x5a (size before relaxing)
 .comment       0x0000000000000059       0x5a stm32f10x_i2c.o
 .comment       0x0000000000000059       0x5a stm32f10x_exti.o
 .comment       0x0000000000000059       0x5a stm32f10x_tim.o
 .comment       0x0000000000000059       0x5a stm32f10x_rcc.o
 .comment       0x0000000000000059       0x5a stm32f10x_flash.o
 .comment       0x0000000000000059       0x5a stm32f10x_rtc.o
 .comment       0x0000000000000059       0x5a stm32f10x_usart.o
 .comment       0x0000000000000059       0x5a stm32f10x_it.o
 .comment       0x0000000000000059       0x5a misc.o
 .comment       0x0000000000000059       0x5a main.o
 .comment       0x0000000000000059       0x5a system_stm32f10x.o
 .comment       0x0000000000000059       0x5a stm32f10x_spi.o
 .comment       0x0000000000000059       0x5a stm32f10x_gpio.o
 .comment       0x0000000000000059       0x4e /usr/lib/gcc/arm-none-eabi/9.2.1/../../../arm-none-eabi/lib/thumb/v7-m/nofp/libg_nano.a(lib_a-atexit.o)
                                         0x4f (size before relaxing)
 .comment       0x00000000000000a7       0x4f /usr/lib/gcc/arm-none-eabi/9.2.1/../../../arm-none-eabi/lib/thumb/v7-m/nofp/libg_nano.a(lib_a-exit.o)
 .comment       0x00000000000000a7       0x4f /usr/lib/gcc/arm-none-eabi/9.2.1/../../../arm-none-eabi/lib/thumb/v7-m/nofp/libg_nano.a(lib_a-fini.o)
 .comment       0x00000000000000a7       0x4f /usr/lib/gcc/arm-none-eabi/9.2.1/../../../arm-none-eabi/lib/thumb/v7-m/nofp/libg_nano.a(lib_a-impure.o)
 .comment       0x00000000000000a7       0x4f /usr/lib/gcc/arm-none-eabi/9.2.1/../../../arm-none-eabi/lib/thumb/v7-m/nofp/libg_nano.a(lib_a-init.o)
 .comment       0x00000000000000a7       0x4f /usr/lib/gcc/arm-none-eabi/9.2.1/../../../arm-none-eabi/lib/thumb/v7-m/nofp/libg_nano.a(lib_a-memset.o)
 .comment       0x00000000000000a7       0x4f /usr/lib/gcc/arm-none-eabi/9.2.1/../../../arm-none-eabi/lib/thumb/v7-m/nofp/libg_nano.a(lib_a-printf.o)
 .comment       0x00000000000000a7       0x4f /usr/lib/gcc/arm-none-eabi/9.2.1/../../../arm-none-eabi/lib/thumb/v7-m/nofp/libg_nano.a(lib_a-__atexit.o)
 .comment       0x00000000000000a7       0x4f /usr/lib/gcc/arm-none-eabi/9.2.1/../../../arm-none-eabi/lib/thumb/v7-m/nofp/libg_nano.a(lib_a-__call_atexit.o)
 .comment       0x00000000000000a7       0x4f /usr/lib/gcc/arm-none-eabi/9.2.1/../../../arm-none-eabi/lib/thumb/v7-m/nofp/libg_nano.a(lib_a-findfp.o)
 .comment       0x00000000000000a7       0x4f /usr/lib/gcc/arm-none-eabi/9.2.1/../../../arm-none-eabi/lib/thumb/v7-m/nofp/libg_nano.a(lib_a-fwalk.o)
 .comment       0x00000000000000a7       0x4f /usr/lib/gcc/arm-none-eabi/9.2.1/../../../arm-none-eabi/lib/thumb/v7-m/nofp/libg_nano.a(lib_a-nano-mallocr.o)
 .comment       0x00000000000000a7       0x4f /usr/lib/gcc/arm-none-eabi/9.2.1/../../../arm-none-eabi/lib/thumb/v7-m/nofp/libg_nano.a(lib_a-nano-vfprintf.o)
 .comment       0x00000000000000a7       0x4f /usr/lib/gcc/arm-none-eabi/9.2.1/../../../arm-none-eabi/lib/thumb/v7-m/nofp/libg_nano.a(lib_a-nano-vfprintf_i.o)
 .comment       0x00000000000000a7       0x4f /usr/lib/gcc/arm-none-eabi/9.2.1/../../../arm-none-eabi/lib/thumb/v7-m/nofp/libg_nano.a(lib_a-sbrkr.o)
 .comment       0x00000000000000a7       0x4f /usr/lib/gcc/arm-none-eabi/9.2.1/../../../arm-none-eabi/lib/thumb/v7-m/nofp/libg_nano.a(lib_a-stdio.o)
 .comment       0x00000000000000a7       0x4f /usr/lib/gcc/arm-none-eabi/9.2.1/../../../arm-none-eabi/lib/thumb/v7-m/nofp/libg_nano.a(lib_a-wbuf.o)
 .comment       0x00000000000000a7       0x4f /usr/lib/gcc/arm-none-eabi/9.2.1/../../../arm-none-eabi/lib/thumb/v7-m/nofp/libg_nano.a(lib_a-writer.o)
 .comment       0x00000000000000a7       0x4f /usr/lib/gcc/arm-none-eabi/9.2.1/../../../arm-none-eabi/lib/thumb/v7-m/nofp/libg_nano.a(lib_a-wsetup.o)
 .comment       0x00000000000000a7       0x4f /usr/lib/gcc/arm-none-eabi/9.2.1/../../../arm-none-eabi/lib/thumb/v7-m/nofp/libg_nano.a(lib_a-closer.o)
 .comment       0x00000000000000a7       0x4f /usr/lib/gcc/arm-none-eabi/9.2.1/../../../arm-none-eabi/lib/thumb/v7-m/nofp/libg_nano.a(lib_a-fflush.o)
 .comment       0x00000000000000a7       0x4f /usr/lib/gcc/arm-none-eabi/9.2.1/../../../arm-none-eabi/lib/thumb/v7-m/nofp/libg_nano.a(lib_a-fvwrite.o)
 .comment       0x00000000000000a7       0x4f /usr/lib/gcc/arm-none-eabi/9.2.1/../../../arm-none-eabi/lib/thumb/v7-m/nofp/libg_nano.a(lib_a-lseekr.o)
 .comment       0x00000000000000a7       0x4f /usr/lib/gcc/arm-none-eabi/9.2.1/../../../arm-none-eabi/lib/thumb/v7-m/nofp/libg_nano.a(lib_a-makebuf.o)
 .comment       0x00000000000000a7       0x4f /usr/lib/gcc/arm-none-eabi/9.2.1/../../../arm-none-eabi/lib/thumb/v7-m/nofp/libg_nano.a(lib_a-memchr-stub.o)
 .comment       0x00000000000000a7       0x4f /usr/lib/gcc/arm-none-eabi/9.2.1/../../../arm-none-eabi/lib/thumb/v7-m/nofp/libg_nano.a(lib_a-memmove.o)
 .comment       0x00000000000000a7       0x4f /usr/lib/gcc/arm-none-eabi/9.2.1/../../../arm-none-eabi/lib/thumb/v7-m/nofp/libg_nano.a(lib_a-mlock.o)
 .comment       0x00000000000000a7       0x4f /usr/lib/gcc/arm-none-eabi/9.2.1/../../../arm-none-eabi/lib/thumb/v7-m/nofp/libg_nano.a(lib_a-nano-freer.o)
 .comment       0x00000000000000a7       0x4f /usr/lib/gcc/arm-none-eabi/9.2.1/../../../arm-none-eabi/lib/thumb/v7-m/nofp/libg_nano.a(lib_a-nano-reallocr.o)
 .comment       0x00000000000000a7       0x4f /usr/lib/gcc/arm-none-eabi/9.2.1/../../../arm-none-eabi/lib/thumb/v7-m/nofp/libg_nano.a(lib_a-readr.o)
 .comment       0x00000000000000a7       0x4f /usr/lib/gcc/arm-none-eabi/9.2.1/../../../arm-none-eabi/lib/thumb/v7-m/nofp/libg_nano.a(lib_a-reent.o)
 .comment       0x00000000000000a7       0x4f /usr/lib/gcc/arm-none-eabi/9.2.1/../../../arm-none-eabi/lib/thumb/v7-m/nofp/libg_nano.a(lib_a-fstatr.o)
 .comment       0x00000000000000a7       0x4f /usr/lib/gcc/arm-none-eabi/9.2.1/../../../arm-none-eabi/lib/thumb/v7-m/nofp/libg_nano.a(lib_a-isattyr.o)
 .comment       0x00000000000000a7       0x4f /usr/lib/gcc/arm-none-eabi/9.2.1/../../../arm-none-eabi/lib/thumb/v7-m/nofp/libg_nano.a(lib_a-nano-msizer.o)
 .comment       0x00000000000000a7       0x4f /usr/lib/gcc/arm-none-eabi/9.2.1/../../../arm-none-eabi/lib/thumb/v7-m/nofp/libnosys.a(close.o)
 .comment       0x00000000000000a7       0x4f /usr/lib/gcc/arm-none-eabi/9.2.1/../../../arm-none-eabi/lib/thumb/v7-m/nofp/libnosys.a(fstat.o)
 .comment       0x00000000000000a7       0x4f /usr/lib/gcc/arm-none-eabi/9.2.1/../../../arm-none-eabi/lib/thumb/v7-m/nofp/libnosys.a(isatty.o)
 .comment       0x00000000000000a7       0x4f /usr/lib/gcc/arm-none-eabi/9.2.1/../../../arm-none-eabi/lib/thumb/v7-m/nofp/libnosys.a(lseek.o)
 .comment       0x00000000000000a7       0x4f /usr/lib/gcc/arm-none-eabi/9.2.1/../../../arm-none-eabi/lib/thumb/v7-m/nofp/libnosys.a(read.o)
 .comment       0x00000000000000a7       0x4f /usr/lib/gcc/arm-none-eabi/9.2.1/../../../arm-none-eabi/lib/thumb/v7-m/nofp/libnosys.a(sbrk.o)
 .comment       0x00000000000000a7       0x4f /usr/lib/gcc/arm-none-eabi/9.2.1/../../../arm-none-eabi/lib/thumb/v7-m/nofp/libnosys.a(write.o)
 .comment       0x00000000000000a7       0x4f /usr/lib/gcc/arm-none-eabi/9.2.1/../../../arm-none-eabi/lib/thumb/v7-m/nofp/libnosys.a(_exit.o)
 .comment       0x00000000000000a7       0x5a /usr/lib/gcc/arm-none-eabi/9.2.1/thumb/v7-m/nofp/crtend.o

.debug_line     0x0000000000000000     0x9343
 .debug_line    0x0000000000000000       0x87 /usr/lib/gcc/arm-none-eabi/9.2.1/../../../arm-none-eabi/lib/thumb/v7-m/nofp/crt0.o
 .debug_line    0x0000000000000087      0x4b7 stm32f10x_i2c.o
 .debug_line    0x000000000000053e      0x277 stm32f10x_exti.o
 .debug_line    0x00000000000007b5      0xbe7 stm32f10x_tim.o
 .debug_line    0x000000000000139c      0x4f4 stm32f10x_rcc.o
 .debug_line    0x0000000000001890      0x54a stm32f10x_flash.o
 .debug_line    0x0000000000001dda      0x22e stm32f10x_rtc.o
 .debug_line    0x0000000000002008      0x4cc stm32f10x_usart.o
 .debug_line    0x00000000000024d4      0x117 stm32f10x_it.o
 .debug_line    0x00000000000025eb      0x1fb misc.o
 .debug_line    0x00000000000027e6       0xc5 main.o
 .debug_line    0x00000000000028ab      0x23c system_stm32f10x.o
 .debug_line    0x0000000000002ae7      0x429 stm32f10x_spi.o
 .debug_line    0x0000000000002f10      0x427 stm32f10x_gpio.o
 .debug_line    0x0000000000003337       0x73 startup_stm32f10x_md.o
 .debug_line    0x00000000000033aa      0x14a /usr/lib/gcc/arm-none-eabi/9.2.1/../../../arm-none-eabi/lib/thumb/v7-m/nofp/libg_nano.a(lib_a-atexit.o)
 .debug_line    0x00000000000034f4      0x16c /usr/lib/gcc/arm-none-eabi/9.2.1/../../../arm-none-eabi/lib/thumb/v7-m/nofp/libg_nano.a(lib_a-exit.o)
 .debug_line    0x0000000000003660       0xd7 /usr/lib/gcc/arm-none-eabi/9.2.1/../../../arm-none-eabi/lib/thumb/v7-m/nofp/libg_nano.a(lib_a-fini.o)
 .debug_line    0x0000000000003737       0xe3 /usr/lib/gcc/arm-none-eabi/9.2.1/../../../arm-none-eabi/lib/thumb/v7-m/nofp/libg_nano.a(lib_a-impure.o)
 .debug_line    0x000000000000381a      0x114 /usr/lib/gcc/arm-none-eabi/9.2.1/../../../arm-none-eabi/lib/thumb/v7-m/nofp/libg_nano.a(lib_a-init.o)
 .debug_line    0x000000000000392e      0x26b /usr/lib/gcc/arm-none-eabi/9.2.1/../../../arm-none-eabi/lib/thumb/v7-m/nofp/libg_nano.a(lib_a-memset.o)
 .debug_line    0x0000000000003b99      0x1fc /usr/lib/gcc/arm-none-eabi/9.2.1/../../../arm-none-eabi/lib/thumb/v7-m/nofp/libg_nano.a(lib_a-printf.o)
 .debug_line    0x0000000000003d95      0x248 /usr/lib/gcc/arm-none-eabi/9.2.1/../../../arm-none-eabi/lib/thumb/v7-m/nofp/libg_nano.a(lib_a-__atexit.o)
 .debug_line    0x0000000000003fdd      0x22c /usr/lib/gcc/arm-none-eabi/9.2.1/../../../arm-none-eabi/lib/thumb/v7-m/nofp/libg_nano.a(lib_a-__call_atexit.o)
 .debug_line    0x0000000000004209      0x56b /usr/lib/gcc/arm-none-eabi/9.2.1/../../../arm-none-eabi/lib/thumb/v7-m/nofp/libg_nano.a(lib_a-findfp.o)
 .debug_line    0x0000000000004774      0x26d /usr/lib/gcc/arm-none-eabi/9.2.1/../../../arm-none-eabi/lib/thumb/v7-m/nofp/libg_nano.a(lib_a-fwalk.o)
 .debug_line    0x00000000000049e1      0x2f0 /usr/lib/gcc/arm-none-eabi/9.2.1/../../../arm-none-eabi/lib/thumb/v7-m/nofp/libg_nano.a(lib_a-nano-mallocr.o)
 .debug_line    0x0000000000004cd1      0x732 /usr/lib/gcc/arm-none-eabi/9.2.1/../../../arm-none-eabi/lib/thumb/v7-m/nofp/libg_nano.a(lib_a-nano-vfprintf.o)
 .debug_line    0x0000000000005403      0x7a1 /usr/lib/gcc/arm-none-eabi/9.2.1/../../../arm-none-eabi/lib/thumb/v7-m/nofp/libg_nano.a(lib_a-nano-vfprintf_i.o)
 .debug_line    0x0000000000005ba4      0x182 /usr/lib/gcc/arm-none-eabi/9.2.1/../../../arm-none-eabi/lib/thumb/v7-m/nofp/libg_nano.a(lib_a-sbrkr.o)
 .debug_line    0x0000000000005d26      0x260 /usr/lib/gcc/arm-none-eabi/9.2.1/../../../arm-none-eabi/lib/thumb/v7-m/nofp/libg_nano.a(lib_a-stdio.o)
 .debug_line    0x0000000000005f86      0x27f /usr/lib/gcc/arm-none-eabi/9.2.1/../../../arm-none-eabi/lib/thumb/v7-m/nofp/libg_nano.a(lib_a-wbuf.o)
 .debug_line    0x0000000000006205      0x187 /usr/lib/gcc/arm-none-eabi/9.2.1/../../../arm-none-eabi/lib/thumb/v7-m/nofp/libg_nano.a(lib_a-writer.o)
 .debug_line    0x000000000000638c      0x308 /usr/lib/gcc/arm-none-eabi/9.2.1/../../../arm-none-eabi/lib/thumb/v7-m/nofp/libg_nano.a(lib_a-wsetup.o)
 .debug_line    0x0000000000006694      0x182 /usr/lib/gcc/arm-none-eabi/9.2.1/../../../arm-none-eabi/lib/thumb/v7-m/nofp/libg_nano.a(lib_a-closer.o)
 .debug_line    0x0000000000006816      0x427 /usr/lib/gcc/arm-none-eabi/9.2.1/../../../arm-none-eabi/lib/thumb/v7-m/nofp/libg_nano.a(lib_a-fflush.o)
 .debug_line    0x0000000000006c3d      0x5fb /usr/lib/gcc/arm-none-eabi/9.2.1/../../../arm-none-eabi/lib/thumb/v7-m/nofp/libg_nano.a(lib_a-fvwrite.o)
 .debug_line    0x0000000000007238      0x187 /usr/lib/gcc/arm-none-eabi/9.2.1/../../../arm-none-eabi/lib/thumb/v7-m/nofp/libg_nano.a(lib_a-lseekr.o)
 .debug_line    0x00000000000073bf      0x388 /usr/lib/gcc/arm-none-eabi/9.2.1/../../../arm-none-eabi/lib/thumb/v7-m/nofp/libg_nano.a(lib_a-makebuf.o)
 .debug_line    0x0000000000007747      0x20c /usr/lib/gcc/arm-none-eabi/9.2.1/../../../arm-none-eabi/lib/thumb/v7-m/nofp/libg_nano.a(lib_a-memchr-stub.o)
 .debug_line    0x0000000000007953       0xc1 /usr/lib/gcc/arm-none-eabi/9.2.1/../../../arm-none-eabi/lib/thumb/v7-m/nofp/libg_nano.a(lib_a-memcpy.o)
 .debug_line    0x0000000000007a14      0x28c /usr/lib/gcc/arm-none-eabi/9.2.1/../../../arm-none-eabi/lib/thumb/v7-m/nofp/libg_nano.a(lib_a-memmove.o)
 .debug_line    0x0000000000007ca0      0x13d /usr/lib/gcc/arm-none-eabi/9.2.1/../../../arm-none-eabi/lib/thumb/v7-m/nofp/libg_nano.a(lib_a-mlock.o)
 .debug_line    0x0000000000007ddd      0x29d /usr/lib/gcc/arm-none-eabi/9.2.1/../../../arm-none-eabi/lib/thumb/v7-m/nofp/libg_nano.a(lib_a-nano-freer.o)
 .debug_line    0x000000000000807a      0x1c5 /usr/lib/gcc/arm-none-eabi/9.2.1/../../../arm-none-eabi/lib/thumb/v7-m/nofp/libg_nano.a(lib_a-nano-reallocr.o)
 .debug_line    0x000000000000823f      0x186 /usr/lib/gcc/arm-none-eabi/9.2.1/../../../arm-none-eabi/lib/thumb/v7-m/nofp/libg_nano.a(lib_a-readr.o)
 .debug_line    0x00000000000083c5      0x275 /usr/lib/gcc/arm-none-eabi/9.2.1/../../../arm-none-eabi/lib/thumb/v7-m/nofp/libg_nano.a(lib_a-reent.o)
 .debug_line    0x000000000000863a      0x212 /usr/lib/gcc/arm-none-eabi/9.2.1/../../../arm-none-eabi/lib/thumb/v7-m/nofp/libg_nano.a(lib_a-fstatr.o)
 .debug_line    0x000000000000884c      0x183 /usr/lib/gcc/arm-none-eabi/9.2.1/../../../arm-none-eabi/lib/thumb/v7-m/nofp/libg_nano.a(lib_a-isattyr.o)
 .debug_line    0x00000000000089cf      0x166 /usr/lib/gcc/arm-none-eabi/9.2.1/../../../arm-none-eabi/lib/thumb/v7-m/nofp/libg_nano.a(lib_a-nano-msizer.o)
 .debug_line    0x0000000000008b35      0x110 /usr/lib/gcc/arm-none-eabi/9.2.1/../../../arm-none-eabi/lib/thumb/v7-m/nofp/libnosys.a(close.o)
 .debug_line    0x0000000000008c45      0x1d4 /usr/lib/gcc/arm-none-eabi/9.2.1/../../../arm-none-eabi/lib/thumb/v7-m/nofp/libnosys.a(fstat.o)
 .debug_line    0x0000000000008e19      0x111 /usr/lib/gcc/arm-none-eabi/9.2.1/../../../arm-none-eabi/lib/thumb/v7-m/nofp/libnosys.a(isatty.o)
 .debug_line    0x0000000000008f2a      0x111 /usr/lib/gcc/arm-none-eabi/9.2.1/../../../arm-none-eabi/lib/thumb/v7-m/nofp/libnosys.a(lseek.o)
 .debug_line    0x000000000000903b      0x110 /usr/lib/gcc/arm-none-eabi/9.2.1/../../../arm-none-eabi/lib/thumb/v7-m/nofp/libnosys.a(read.o)
 .debug_line    0x000000000000914b       0x79 /usr/lib/gcc/arm-none-eabi/9.2.1/../../../arm-none-eabi/lib/thumb/v7-m/nofp/libnosys.a(sbrk.o)
 .debug_line    0x00000000000091c4      0x111 /usr/lib/gcc/arm-none-eabi/9.2.1/../../../arm-none-eabi/lib/thumb/v7-m/nofp/libnosys.a(write.o)
 .debug_line    0x00000000000092d5       0x6e /usr/lib/gcc/arm-none-eabi/9.2.1/../../../arm-none-eabi/lib/thumb/v7-m/nofp/libnosys.a(_exit.o)

.debug_info     0x0000000000000000    0x23e1d
 .debug_info    0x0000000000000000       0x26 /usr/lib/gcc/arm-none-eabi/9.2.1/../../../arm-none-eabi/lib/thumb/v7-m/nofp/crt0.o
 .debug_info    0x0000000000000026      0xb80 stm32f10x_i2c.o
 .debug_info    0x0000000000000ba6      0x369 stm32f10x_exti.o
 .debug_info    0x0000000000000f0f     0x1de2 stm32f10x_tim.o
 .debug_info    0x0000000000002cf1      0x8ed stm32f10x_rcc.o
 .debug_info    0x00000000000035de      0x7f6 stm32f10x_flash.o
 .debug_info    0x0000000000003dd4      0x446 stm32f10x_rtc.o
 .debug_info    0x000000000000421a      0xa55 stm32f10x_usart.o
 .debug_info    0x0000000000004c6f      0x138 stm32f10x_it.o
 .debug_info    0x0000000000004da7      0x512 misc.o
 .debug_info    0x00000000000052b9      0x94e main.o
 .debug_info    0x0000000000005c07      0x463 system_stm32f10x.o
 .debug_info    0x000000000000606a      0x954 stm32f10x_spi.o
 .debug_info    0x00000000000069be      0x728 stm32f10x_gpio.o
 .debug_info    0x00000000000070e6       0x22 startup_stm32f10x_md.o
 .debug_info    0x0000000000007108      0x995 /usr/lib/gcc/arm-none-eabi/9.2.1/../../../arm-none-eabi/lib/thumb/v7-m/nofp/libg_nano.a(lib_a-atexit.o)
 .debug_info    0x0000000000007a9d      0x9e7 /usr/lib/gcc/arm-none-eabi/9.2.1/../../../arm-none-eabi/lib/thumb/v7-m/nofp/libg_nano.a(lib_a-exit.o)
 .debug_info    0x0000000000008484      0x102 /usr/lib/gcc/arm-none-eabi/9.2.1/../../../arm-none-eabi/lib/thumb/v7-m/nofp/libg_nano.a(lib_a-fini.o)
 .debug_info    0x0000000000008586      0x92a /usr/lib/gcc/arm-none-eabi/9.2.1/../../../arm-none-eabi/lib/thumb/v7-m/nofp/libg_nano.a(lib_a-impure.o)
 .debug_info    0x0000000000008eb0      0x11a /usr/lib/gcc/arm-none-eabi/9.2.1/../../../arm-none-eabi/lib/thumb/v7-m/nofp/libg_nano.a(lib_a-init.o)
 .debug_info    0x0000000000008fca      0xf21 /usr/lib/gcc/arm-none-eabi/9.2.1/../../../arm-none-eabi/lib/thumb/v7-m/nofp/libg_nano.a(lib_a-memset.o)
 .debug_info    0x0000000000009eeb      0xc67 /usr/lib/gcc/arm-none-eabi/9.2.1/../../../arm-none-eabi/lib/thumb/v7-m/nofp/libg_nano.a(lib_a-printf.o)
 .debug_info    0x000000000000ab52      0xa38 /usr/lib/gcc/arm-none-eabi/9.2.1/../../../arm-none-eabi/lib/thumb/v7-m/nofp/libg_nano.a(lib_a-__atexit.o)
 .debug_info    0x000000000000b58a      0xa10 /usr/lib/gcc/arm-none-eabi/9.2.1/../../../arm-none-eabi/lib/thumb/v7-m/nofp/libg_nano.a(lib_a-__call_atexit.o)
 .debug_info    0x000000000000bf9a     0x11a8 /usr/lib/gcc/arm-none-eabi/9.2.1/../../../arm-none-eabi/lib/thumb/v7-m/nofp/libg_nano.a(lib_a-findfp.o)
 .debug_info    0x000000000000d142      0xca4 /usr/lib/gcc/arm-none-eabi/9.2.1/../../../arm-none-eabi/lib/thumb/v7-m/nofp/libg_nano.a(lib_a-fwalk.o)
 .debug_info    0x000000000000dde6      0xc5a /usr/lib/gcc/arm-none-eabi/9.2.1/../../../arm-none-eabi/lib/thumb/v7-m/nofp/libg_nano.a(lib_a-nano-mallocr.o)
 .debug_info    0x000000000000ea40     0x176a /usr/lib/gcc/arm-none-eabi/9.2.1/../../../arm-none-eabi/lib/thumb/v7-m/nofp/libg_nano.a(lib_a-nano-vfprintf.o)
 .debug_info    0x00000000000101aa     0x1592 /usr/lib/gcc/arm-none-eabi/9.2.1/../../../arm-none-eabi/lib/thumb/v7-m/nofp/libg_nano.a(lib_a-nano-vfprintf_i.o)
 .debug_info    0x000000000001173c      0x9fb /usr/lib/gcc/arm-none-eabi/9.2.1/../../../arm-none-eabi/lib/thumb/v7-m/nofp/libg_nano.a(lib_a-sbrkr.o)
 .debug_info    0x0000000000012137      0xe67 /usr/lib/gcc/arm-none-eabi/9.2.1/../../../arm-none-eabi/lib/thumb/v7-m/nofp/libg_nano.a(lib_a-stdio.o)
 .debug_info    0x0000000000012f9e      0xc90 /usr/lib/gcc/arm-none-eabi/9.2.1/../../../arm-none-eabi/lib/thumb/v7-m/nofp/libg_nano.a(lib_a-wbuf.o)
 .debug_info    0x0000000000013c2e      0xa2c /usr/lib/gcc/arm-none-eabi/9.2.1/../../../arm-none-eabi/lib/thumb/v7-m/nofp/libg_nano.a(lib_a-writer.o)
 .debug_info    0x000000000001465a      0xbfa /usr/lib/gcc/arm-none-eabi/9.2.1/../../../arm-none-eabi/lib/thumb/v7-m/nofp/libg_nano.a(lib_a-wsetup.o)
 .debug_info    0x0000000000015254      0x9d8 /usr/lib/gcc/arm-none-eabi/9.2.1/../../../arm-none-eabi/lib/thumb/v7-m/nofp/libg_nano.a(lib_a-closer.o)
 .debug_info    0x0000000000015c2c      0xd7d /usr/lib/gcc/arm-none-eabi/9.2.1/../../../arm-none-eabi/lib/thumb/v7-m/nofp/libg_nano.a(lib_a-fflush.o)
 .debug_info    0x00000000000169a9      0xf1c /usr/lib/gcc/arm-none-eabi/9.2.1/../../../arm-none-eabi/lib/thumb/v7-m/nofp/libg_nano.a(lib_a-fvwrite.o)
 .debug_info    0x00000000000178c5      0xa0d /usr/lib/gcc/arm-none-eabi/9.2.1/../../../arm-none-eabi/lib/thumb/v7-m/nofp/libg_nano.a(lib_a-lseekr.o)
 .debug_info    0x00000000000182d2      0xf68 /usr/lib/gcc/arm-none-eabi/9.2.1/../../../arm-none-eabi/lib/thumb/v7-m/nofp/libg_nano.a(lib_a-makebuf.o)
 .debug_info    0x000000000001923a      0x9e3 /usr/lib/gcc/arm-none-eabi/9.2.1/../../../arm-none-eabi/lib/thumb/v7-m/nofp/libg_nano.a(lib_a-memchr-stub.o)
 .debug_info    0x0000000000019c1d       0x26 /usr/lib/gcc/arm-none-eabi/9.2.1/../../../arm-none-eabi/lib/thumb/v7-m/nofp/libg_nano.a(lib_a-memcpy.o)
 .debug_info    0x0000000000019c43      0xf2b /usr/lib/gcc/arm-none-eabi/9.2.1/../../../arm-none-eabi/lib/thumb/v7-m/nofp/libg_nano.a(lib_a-memmove.o)
 .debug_info    0x000000000001ab6e      0x961 /usr/lib/gcc/arm-none-eabi/9.2.1/../../../arm-none-eabi/lib/thumb/v7-m/nofp/libg_nano.a(lib_a-mlock.o)
 .debug_info    0x000000000001b4cf      0xb85 /usr/lib/gcc/arm-none-eabi/9.2.1/../../../arm-none-eabi/lib/thumb/v7-m/nofp/libg_nano.a(lib_a-nano-freer.o)
 .debug_info    0x000000000001c054      0xb77 /usr/lib/gcc/arm-none-eabi/9.2.1/../../../arm-none-eabi/lib/thumb/v7-m/nofp/libg_nano.a(lib_a-nano-reallocr.o)
 .debug_info    0x000000000001cbcb      0xa25 /usr/lib/gcc/arm-none-eabi/9.2.1/../../../arm-none-eabi/lib/thumb/v7-m/nofp/libg_nano.a(lib_a-readr.o)
 .debug_info    0x000000000001d5f0      0xb0f /usr/lib/gcc/arm-none-eabi/9.2.1/../../../arm-none-eabi/lib/thumb/v7-m/nofp/libg_nano.a(lib_a-reent.o)
 .debug_info    0x000000000001e0ff      0xc23 /usr/lib/gcc/arm-none-eabi/9.2.1/../../../arm-none-eabi/lib/thumb/v7-m/nofp/libg_nano.a(lib_a-fstatr.o)
 .debug_info    0x000000000001ed22      0x9d8 /usr/lib/gcc/arm-none-eabi/9.2.1/../../../arm-none-eabi/lib/thumb/v7-m/nofp/libg_nano.a(lib_a-isattyr.o)
 .debug_info    0x000000000001f6fa      0xaa6 /usr/lib/gcc/arm-none-eabi/9.2.1/../../../arm-none-eabi/lib/thumb/v7-m/nofp/libg_nano.a(lib_a-nano-msizer.o)
 .debug_info    0x00000000000201a0      0x96e /usr/lib/gcc/arm-none-eabi/9.2.1/../../../arm-none-eabi/lib/thumb/v7-m/nofp/libnosys.a(close.o)
 .debug_info    0x0000000000020b0e      0xbb1 /usr/lib/gcc/arm-none-eabi/9.2.1/../../../arm-none-eabi/lib/thumb/v7-m/nofp/libnosys.a(fstat.o)
 .debug_info    0x00000000000216bf      0x96e /usr/lib/gcc/arm-none-eabi/9.2.1/../../../arm-none-eabi/lib/thumb/v7-m/nofp/libnosys.a(isatty.o)
 .debug_info    0x000000000002202d      0x990 /usr/lib/gcc/arm-none-eabi/9.2.1/../../../arm-none-eabi/lib/thumb/v7-m/nofp/libnosys.a(lseek.o)
 .debug_info    0x00000000000229bd      0x990 /usr/lib/gcc/arm-none-eabi/9.2.1/../../../arm-none-eabi/lib/thumb/v7-m/nofp/libnosys.a(read.o)
 .debug_info    0x000000000002334d       0x9d /usr/lib/gcc/arm-none-eabi/9.2.1/../../../arm-none-eabi/lib/thumb/v7-m/nofp/libnosys.a(sbrk.o)
 .debug_info    0x00000000000233ea      0x990 /usr/lib/gcc/arm-none-eabi/9.2.1/../../../arm-none-eabi/lib/thumb/v7-m/nofp/libnosys.a(write.o)
 .debug_info    0x0000000000023d7a       0xa3 /usr/lib/gcc/arm-none-eabi/9.2.1/../../../arm-none-eabi/lib/thumb/v7-m/nofp/libnosys.a(_exit.o)

.debug_abbrev   0x0000000000000000     0x6df1
 .debug_abbrev  0x0000000000000000       0x14 /usr/lib/gcc/arm-none-eabi/9.2.1/../../../arm-none-eabi/lib/thumb/v7-m/nofp/crt0.o
 .debug_abbrev  0x0000000000000014      0x1b9 stm32f10x_i2c.o
 .debug_abbrev  0x00000000000001cd      0x18e stm32f10x_exti.o
 .debug_abbrev  0x000000000000035b      0x1ef stm32f10x_tim.o
 .debug_abbrev  0x000000000000054a      0x1f9 stm32f10x_rcc.o
 .debug_abbrev  0x0000000000000743      0x1ca stm32f10x_flash.o
 .debug_abbrev  0x000000000000090d      0x1c8 stm32f10x_rtc.o
 .debug_abbrev  0x0000000000000ad5      0x1b7 stm32f10x_usart.o
 .debug_abbrev  0x0000000000000c8c       0x80 stm32f10x_it.o
 .debug_abbrev  0x0000000000000d0c      0x1a7 misc.o
 .debug_abbrev  0x0000000000000eb3      0x1e9 main.o
 .debug_abbrev  0x000000000000109c      0x1c1 system_stm32f10x.o
 .debug_abbrev  0x000000000000125d      0x1d5 stm32f10x_spi.o
 .debug_abbrev  0x0000000000001432      0x20f stm32f10x_gpio.o
 .debug_abbrev  0x0000000000001641       0x12 startup_stm32f10x_md.o
 .debug_abbrev  0x0000000000001653      0x1f4 /usr/lib/gcc/arm-none-eabi/9.2.1/../../../arm-none-eabi/lib/thumb/v7-m/nofp/libg_nano.a(lib_a-atexit.o)
 .debug_abbrev  0x0000000000001847      0x1f6 /usr/lib/gcc/arm-none-eabi/9.2.1/../../../arm-none-eabi/lib/thumb/v7-m/nofp/libg_nano.a(lib_a-exit.o)
 .debug_abbrev  0x0000000000001a3d       0xcf /usr/lib/gcc/arm-none-eabi/9.2.1/../../../arm-none-eabi/lib/thumb/v7-m/nofp/libg_nano.a(lib_a-fini.o)
 .debug_abbrev  0x0000000000001b0c      0x17a /usr/lib/gcc/arm-none-eabi/9.2.1/../../../arm-none-eabi/lib/thumb/v7-m/nofp/libg_nano.a(lib_a-impure.o)
 .debug_abbrev  0x0000000000001c86       0xcc /usr/lib/gcc/arm-none-eabi/9.2.1/../../../arm-none-eabi/lib/thumb/v7-m/nofp/libg_nano.a(lib_a-init.o)
 .debug_abbrev  0x0000000000001d52      0x1d9 /usr/lib/gcc/arm-none-eabi/9.2.1/../../../arm-none-eabi/lib/thumb/v7-m/nofp/libg_nano.a(lib_a-memset.o)
 .debug_abbrev  0x0000000000001f2b      0x29f /usr/lib/gcc/arm-none-eabi/9.2.1/../../../arm-none-eabi/lib/thumb/v7-m/nofp/libg_nano.a(lib_a-printf.o)
 .debug_abbrev  0x00000000000021ca      0x25f /usr/lib/gcc/arm-none-eabi/9.2.1/../../../arm-none-eabi/lib/thumb/v7-m/nofp/libg_nano.a(lib_a-__atexit.o)
 .debug_abbrev  0x0000000000002429      0x237 /usr/lib/gcc/arm-none-eabi/9.2.1/../../../arm-none-eabi/lib/thumb/v7-m/nofp/libg_nano.a(lib_a-__call_atexit.o)